<?xml version="1.0"?>
<link_info>
   <banner>TI ARM Linker PC v5.2.5</banner>
   <copyright>Copyright (c) 1996-2015 Texas Instruments Incorporated</copyright>
   <link_time>0x564536eb</link_time>
   <link_errors>0x0</link_errors>
   <output_file>cc3000_basic_wifi_application.out</output_file>
   <entry_point>
      <name>_c_int00</name>
      <address>0x24f9</address>
   </entry_point>
   <input_file_list>
      <input_file id="fl-2">
         <path>.\</path>
         <kind>object</kind>
         <file>cc3000_basic_wifi_application.obj</file>
         <name>cc3000_basic_wifi_application.obj</name>
      </input_file>
      <input_file id="fl-3">
         <path>.\</path>
         <kind>object</kind>
         <file>startup_ccs.obj</file>
         <name>startup_ccs.obj</name>
      </input_file>
      <input_file id="fl-4">
         <path>.\utils\</path>
         <kind>object</kind>
         <file>cmdline.obj</file>
         <name>cmdline.obj</name>
      </input_file>
      <input_file id="fl-5">
         <path>.\utils\</path>
         <kind>object</kind>
         <file>uartstdio.obj</file>
         <name>uartstdio.obj</name>
      </input_file>
      <input_file id="fl-6">
         <path>.\utils\</path>
         <kind>object</kind>
         <file>ustdlib.obj</file>
         <name>ustdlib.obj</name>
      </input_file>
      <input_file id="fl-7">
         <path>.\ff11a\src\option\</path>
         <kind>object</kind>
         <file>syscall.obj</file>
         <name>syscall.obj</name>
      </input_file>
      <input_file id="fl-8">
         <path>.\ff11a\src\option\</path>
         <kind>object</kind>
         <file>unicode.obj</file>
         <name>unicode.obj</name>
      </input_file>
      <input_file id="fl-9">
         <path>.\ff11a\src\</path>
         <kind>object</kind>
         <file>diskio.obj</file>
         <name>diskio.obj</name>
      </input_file>
      <input_file id="fl-a">
         <path>.\ff11a\src\</path>
         <kind>object</kind>
         <file>ff.obj</file>
         <name>ff.obj</name>
      </input_file>
      <input_file id="fl-b">
         <path>.\cc3000\src\</path>
         <kind>object</kind>
         <file>cc3000lib.obj</file>
         <name>cc3000lib.obj</name>
      </input_file>
      <input_file id="fl-c">
         <path>.\cc3000\drivers\ek-tm4c129\</path>
         <kind>object</kind>
         <file>board.obj</file>
         <name>board.obj</name>
      </input_file>
      <input_file id="fl-133">
         <path>C:\ti\ccsv6\tools\compiler\ti-cgt-arm_5.2.5\lib\</path>
         <kind>archive</kind>
         <file>rtsv7M4_T_le_v4SPD16_eabi.lib</file>
         <name>boot.obj</name>
      </input_file>
      <input_file id="fl-134">
         <path>C:\ti\ccsv6\tools\compiler\ti-cgt-arm_5.2.5\lib\</path>
         <kind>archive</kind>
         <file>rtsv7M4_T_le_v4SPD16_eabi.lib</file>
         <name>copy_decompress_none.obj</name>
      </input_file>
      <input_file id="fl-135">
         <path>C:\ti\ccsv6\tools\compiler\ti-cgt-arm_5.2.5\lib\</path>
         <kind>archive</kind>
         <file>rtsv7M4_T_le_v4SPD16_eabi.lib</file>
         <name>copy_decompress_rle.obj</name>
      </input_file>
      <input_file id="fl-136">
         <path>C:\ti\ccsv6\tools\compiler\ti-cgt-arm_5.2.5\lib\</path>
         <kind>archive</kind>
         <file>rtsv7M4_T_le_v4SPD16_eabi.lib</file>
         <name>copy_zero_init.obj</name>
      </input_file>
      <input_file id="fl-137">
         <path>C:\ti\ccsv6\tools\compiler\ti-cgt-arm_5.2.5\lib\</path>
         <kind>archive</kind>
         <file>rtsv7M4_T_le_v4SPD16_eabi.lib</file>
         <name>errno.obj</name>
      </input_file>
      <input_file id="fl-138">
         <path>C:\ti\ccsv6\tools\compiler\ti-cgt-arm_5.2.5\lib\</path>
         <kind>archive</kind>
         <file>rtsv7M4_T_le_v4SPD16_eabi.lib</file>
         <name>exit.obj</name>
      </input_file>
      <input_file id="fl-139">
         <path>C:\ti\ccsv6\tools\compiler\ti-cgt-arm_5.2.5\lib\</path>
         <kind>archive</kind>
         <file>rtsv7M4_T_le_v4SPD16_eabi.lib</file>
         <name>memcpy_t2.obj</name>
      </input_file>
      <input_file id="fl-13a">
         <path>C:\ti\ccsv6\tools\compiler\ti-cgt-arm_5.2.5\lib\</path>
         <kind>archive</kind>
         <file>rtsv7M4_T_le_v4SPD16_eabi.lib</file>
         <name>memset_t2.obj</name>
      </input_file>
      <input_file id="fl-13b">
         <path>C:\ti\ccsv6\tools\compiler\ti-cgt-arm_5.2.5\lib\</path>
         <kind>archive</kind>
         <file>rtsv7M4_T_le_v4SPD16_eabi.lib</file>
         <name>pre_init.obj</name>
      </input_file>
      <input_file id="fl-13c">
         <path>C:\ti\ccsv6\tools\compiler\ti-cgt-arm_5.2.5\lib\</path>
         <kind>archive</kind>
         <file>rtsv7M4_T_le_v4SPD16_eabi.lib</file>
         <name>stkdepth_vars.obj</name>
      </input_file>
      <input_file id="fl-13d">
         <path>C:\ti\ccsv6\tools\compiler\ti-cgt-arm_5.2.5\lib\</path>
         <kind>archive</kind>
         <file>rtsv7M4_T_le_v4SPD16_eabi.lib</file>
         <name>strcmp.obj</name>
      </input_file>
      <input_file id="fl-13e">
         <path>C:\ti\ccsv6\tools\compiler\ti-cgt-arm_5.2.5\lib\</path>
         <kind>archive</kind>
         <file>rtsv7M4_T_le_v4SPD16_eabi.lib</file>
         <name>u_divt2.obj</name>
      </input_file>
      <input_file id="fl-13f">
         <path>C:\ti\ccsv6\tools\compiler\ti-cgt-arm_5.2.5\lib\</path>
         <kind>archive</kind>
         <file>rtsv7M4_T_le_v4SPD16_eabi.lib</file>
         <name>_lock.obj</name>
      </input_file>
      <input_file id="fl-140">
         <path>C:\ti\ccsv6\tools\compiler\ti-cgt-arm_5.2.5\lib\</path>
         <kind>archive</kind>
         <file>rtsv7M4_T_le_v4SPD16_eabi.lib</file>
         <name>args_main.obj</name>
      </input_file>
      <input_file id="fl-141">
         <path>C:\ti\ccsv6\tools\compiler\ti-cgt-arm_5.2.5\lib\</path>
         <kind>archive</kind>
         <file>rtsv7M4_T_le_v4SPD16_eabi.lib</file>
         <name>autoinit.obj</name>
      </input_file>
      <input_file id="fl-142">
         <path>C:\ti\ccsv6\tools\compiler\ti-cgt-arm_5.2.5\lib\</path>
         <kind>archive</kind>
         <file>rtsv7M4_T_le_v4SPD16_eabi.lib</file>
         <name>cpy_tbl.obj</name>
      </input_file>
      <input_file id="fl-143">
         <path>C:\ti\ccsv6\tools\compiler\ti-cgt-arm_5.2.5\lib\</path>
         <kind>archive</kind>
         <file>rtsv7M4_T_le_v4SPD16_eabi.lib</file>
         <name>i_div0.obj</name>
      </input_file>
      <input_file id="fl-144">
         <path>C:\ti\TivaWare_C_Series-2.1.1.71\examples\boards\ek-tm4c1294xl-boost-cc3000\cc3000_basic_wifi_application\ccs\..\..\..\..\..\driverlib\ccs\Debug\</path>
         <kind>archive</kind>
         <file>driverlib.lib</file>
         <name>fpu.obj</name>
      </input_file>
      <input_file id="fl-145">
         <path>C:\ti\TivaWare_C_Series-2.1.1.71\examples\boards\ek-tm4c1294xl-boost-cc3000\cc3000_basic_wifi_application\ccs\..\..\..\..\..\driverlib\ccs\Debug\</path>
         <kind>archive</kind>
         <file>driverlib.lib</file>
         <name>gpio.obj</name>
      </input_file>
      <input_file id="fl-146">
         <path>C:\ti\TivaWare_C_Series-2.1.1.71\examples\boards\ek-tm4c1294xl-boost-cc3000\cc3000_basic_wifi_application\ccs\..\..\..\..\..\driverlib\ccs\Debug\</path>
         <kind>archive</kind>
         <file>driverlib.lib</file>
         <name>interrupt.obj</name>
      </input_file>
      <input_file id="fl-147">
         <path>C:\ti\TivaWare_C_Series-2.1.1.71\examples\boards\ek-tm4c1294xl-boost-cc3000\cc3000_basic_wifi_application\ccs\..\..\..\..\..\driverlib\ccs\Debug\</path>
         <kind>archive</kind>
         <file>driverlib.lib</file>
         <name>ssi.obj</name>
      </input_file>
      <input_file id="fl-148">
         <path>C:\ti\TivaWare_C_Series-2.1.1.71\examples\boards\ek-tm4c1294xl-boost-cc3000\cc3000_basic_wifi_application\ccs\..\..\..\..\..\driverlib\ccs\Debug\</path>
         <kind>archive</kind>
         <file>driverlib.lib</file>
         <name>sysctl.obj</name>
      </input_file>
      <input_file id="fl-149">
         <path>C:\ti\TivaWare_C_Series-2.1.1.71\examples\boards\ek-tm4c1294xl-boost-cc3000\cc3000_basic_wifi_application\ccs\..\..\..\..\..\driverlib\ccs\Debug\</path>
         <kind>archive</kind>
         <file>driverlib.lib</file>
         <name>systick.obj</name>
      </input_file>
      <input_file id="fl-14a">
         <path>C:\ti\TivaWare_C_Series-2.1.1.71\examples\boards\ek-tm4c1294xl-boost-cc3000\cc3000_basic_wifi_application\ccs\..\..\..\..\..\driverlib\ccs\Debug\</path>
         <kind>archive</kind>
         <file>driverlib.lib</file>
         <name>uart.obj</name>
      </input_file>
      <input_file id="fl-14b">
         <path>C:\ti\TivaWare_C_Series-2.1.1.71\examples\boards\ek-tm4c1294xl-boost-cc3000\cc3000_basic_wifi_application\ccs\..\..\..\..\..\driverlib\ccs\Debug\</path>
         <kind>archive</kind>
         <file>driverlib.lib</file>
         <name>cpu.obj</name>
      </input_file>
   </input_file_list>
   <object_component_list>
      <object_component id="oc-f">
         <name>.intvecs</name>
         <load_address>0x0</load_address>
         <run_address>0x0</run_address>
         <size>0x200</size>
         <input_file_ref idref="fl-3"/>
      </object_component>
      <object_component id="oc-41d">
         <name>.text:hci_event_handler</name>
         <load_address>0x200</load_address>
         <run_address>0x200</run_address>
         <size>0x31c</size>
         <input_file_ref idref="fl-b"/>
      </object_component>
      <object_component id="oc-2de">
         <name>.text:CC3000_UsynchCallback</name>
         <load_address>0x51c</load_address>
         <run_address>0x51c</run_address>
         <size>0x210</size>
         <input_file_ref idref="fl-2"/>
      </object_component>
      <object_component id="oc-289">
         <name>.text:SysCtlClockFreqSet</name>
         <load_address>0x72c</load_address>
         <run_address>0x72c</run_address>
         <size>0x204</size>
         <input_file_ref idref="fl-148"/>
      </object_component>
      <object_component id="oc-31e">
         <name>.text:UARTvprintf</name>
         <load_address>0x930</load_address>
         <run_address>0x930</run_address>
         <size>0x1ea</size>
         <input_file_ref idref="fl-5"/>
      </object_component>
      <object_component id="oc-36">
         <name>.text:FaultISR</name>
         <load_address>0xb1a</load_address>
         <run_address>0xb1a</run_address>
         <size>0x2</size>
         <input_file_ref idref="fl-3"/>
      </object_component>
      <object_component id="oc-164">
         <name>.text:hci_unsol_event_handler</name>
         <load_address>0xb1c</load_address>
         <run_address>0xb1c</run_address>
         <size>0x1b4</size>
         <input_file_ref idref="fl-b"/>
      </object_component>
      <object_component id="oc-4e">
         <name>.text:UARTStdioIntHandler</name>
         <load_address>0xcd0</load_address>
         <run_address>0xcd0</run_address>
         <size>0x160</size>
         <input_file_ref idref="fl-5"/>
      </object_component>
      <object_component id="oc-60">
         <name>.text:UARTIntHandler</name>
         <load_address>0xe30</load_address>
         <run_address>0xe30</run_address>
         <size>0x148</size>
         <input_file_ref idref="fl-2"/>
      </object_component>
      <object_component id="oc-3a6">
         <name>.text:SpiConfigure</name>
         <load_address>0xf78</load_address>
         <run_address>0xf78</run_address>
         <size>0x13c</size>
         <input_file_ref idref="fl-b"/>
      </object_component>
      <object_component id="oc-282">
         <name>.text:GPIOPadConfigSet</name>
         <load_address>0x10b4</load_address>
         <run_address>0x10b4</run_address>
         <size>0x130</size>
         <input_file_ref idref="fl-145"/>
      </object_component>
      <object_component id="oc-151">
         <name>.text:main</name>
         <load_address>0x11e4</load_address>
         <run_address>0x11e4</run_address>
         <size>0x124</size>
         <input_file_ref idref="fl-2"/>
      </object_component>
      <object_component id="oc-208">
         <name>.text:initWiFiAndSysUART</name>
         <load_address>0x1308</load_address>
         <run_address>0x1308</run_address>
         <size>0x114</size>
         <input_file_ref idref="fl-2"/>
      </object_component>
      <object_component id="oc-42d">
         <name>.text:simple_link_send</name>
         <load_address>0x141c</load_address>
         <run_address>0x141c</run_address>
         <size>0x108</size>
         <input_file_ref idref="fl-b"/>
      </object_component>
      <object_component id="oc-296">
         <name>.text:pio_init</name>
         <load_address>0x1524</load_address>
         <run_address>0x1524</run_address>
         <size>0xcc</size>
         <input_file_ref idref="fl-c"/>
      </object_component>
      <object_component id="oc-4ca">
         <name>.text:hci_patch_send</name>
         <load_address>0x15f0</load_address>
         <run_address>0x15f0</run_address>
         <size>0xca</size>
         <input_file_ref idref="fl-b"/>
      </object_component>
      <object_component id="oc-3c">
         <name>.text:IntDefaultHandler</name>
         <load_address>0x16ba</load_address>
         <run_address>0x16ba</run_address>
         <size>0x2</size>
         <input_file_ref idref="fl-3"/>
      </object_component>
      <object_component id="oc-21a">
         <name>.text:wlan_connect</name>
         <load_address>0x16bc</load_address>
         <run_address>0x16bc</run_address>
         <size>0xc8</size>
         <input_file_ref idref="fl-b"/>
      </object_component>
      <object_component id="oc-2a8">
         <name>.text:DispatcherUARTConfigure</name>
         <load_address>0x1784</load_address>
         <run_address>0x1784</run_address>
         <size>0xb8</size>
         <input_file_ref idref="fl-b"/>
      </object_component>
      <object_component id="oc-54">
         <name>.text:SpiIntHandler</name>
         <load_address>0x183c</load_address>
         <run_address>0x183c</run_address>
         <size>0xb8</size>
         <input_file_ref idref="fl-b"/>
      </object_component>
      <object_component id="oc-3ba">
         <name>.text:UARTStdioConfig</name>
         <load_address>0x18f4</load_address>
         <run_address>0x18f4</run_address>
         <size>0xb0</size>
         <input_file_ref idref="fl-5"/>
      </object_component>
      <object_component id="oc-202">
         <name>.text:initGPS</name>
         <load_address>0x19a4</load_address>
         <run_address>0x19a4</run_address>
         <size>0xb0</size>
         <input_file_ref idref="fl-2"/>
      </object_component>
      <object_component id="oc-e2">
         <name>.text:UARTwrite</name>
         <load_address>0x1a54</load_address>
         <run_address>0x1a54</run_address>
         <size>0xa8</size>
         <input_file_ref idref="fl-5"/>
      </object_component>
      <object_component id="oc-69">
         <name>.text</name>
         <load_address>0x1afc</load_address>
         <run_address>0x1afc</run_address>
         <size>0x9c</size>
         <input_file_ref idref="fl-139"/>
      </object_component>
      <object_component id="oc-40b">
         <name>.text:ustrtoul</name>
         <load_address>0x1b98</load_address>
         <run_address>0x1b98</run_address>
         <size>0x9c</size>
         <input_file_ref idref="fl-6"/>
      </object_component>
      <object_component id="oc-2f8">
         <name>.text:DotDecimalDecoder</name>
         <load_address>0x1c34</load_address>
         <run_address>0x1c34</run_address>
         <size>0x9a</size>
         <input_file_ref idref="fl-2"/>
      </object_component>
      <object_component id="oc-30">
         <name>.text:NmiSR</name>
         <load_address>0x1cce</load_address>
         <run_address>0x1cce</run_address>
         <size>0x2</size>
         <input_file_ref idref="fl-3"/>
      </object_component>
      <object_component id="oc-d6">
         <name>.text:UARTPrimeTransmit</name>
         <load_address>0x1cd0</load_address>
         <run_address>0x1cd0</run_address>
         <size>0x8c</size>
         <input_file_ref idref="fl-5"/>
      </object_component>
      <object_component id="oc-1b5">
         <name>.text:SpiReadDataCont</name>
         <load_address>0x1d5c</load_address>
         <run_address>0x1d5c</run_address>
         <size>0x84</size>
         <input_file_ref idref="fl-b"/>
      </object_component>
      <object_component id="oc-48a">
         <name>.text:SpiFirstWrite</name>
         <load_address>0x1de0</load_address>
         <run_address>0x1de0</run_address>
         <size>0x80</size>
         <input_file_ref idref="fl-b"/>
      </object_component>
      <object_component id="oc-10a">
         <name>.text:SpiReadData</name>
         <load_address>0x1e60</load_address>
         <run_address>0x1e60</run_address>
         <size>0x80</size>
         <input_file_ref idref="fl-b"/>
      </object_component>
      <object_component id="oc-2ae">
         <name>.text:wlan_start</name>
         <load_address>0x1ee0</load_address>
         <run_address>0x1ee0</run_address>
         <size>0x7c</size>
         <input_file_ref idref="fl-b"/>
      </object_component>
      <object_component id="oc-82">
         <name>.text</name>
         <load_address>0x1f5c</load_address>
         <run_address>0x1f5c</run_address>
         <size>0x7a</size>
         <input_file_ref idref="fl-13a"/>
      </object_component>
      <object_component id="oc-498">
         <name>.text</name>
         <load_address>0x1fd6</load_address>
         <run_address>0x1fd6</run_address>
         <size>0x2</size>
         <input_file_ref idref="fl-143"/>
      </object_component>
      <object_component id="oc-c1">
         <name>.text:SpiWriteAsync</name>
         <load_address>0x1fd8</load_address>
         <run_address>0x1fd8</run_address>
         <size>0x78</size>
         <input_file_ref idref="fl-b"/>
      </object_component>
      <object_component id="oc-491">
         <name>.text:hci_unsol_handle_patch_request</name>
         <load_address>0x2050</load_address>
         <run_address>0x2050</run_address>
         <size>0x78</size>
         <input_file_ref idref="fl-b"/>
      </object_component>
      <object_component id="oc-416">
         <name>.text:SpiWrite</name>
         <load_address>0x20c8</load_address>
         <run_address>0x20c8</run_address>
         <size>0x6c</size>
         <input_file_ref idref="fl-b"/>
      </object_component>
      <object_component id="oc-4c3">
         <name>.text:SpiWriteDataSynchronous</name>
         <load_address>0x2134</load_address>
         <run_address>0x2134</run_address>
         <size>0x6c</size>
         <input_file_ref idref="fl-b"/>
      </object_component>
      <object_component id="oc-94">
         <name>.text</name>
         <load_address>0x21a0</load_address>
         <run_address>0x21a0</run_address>
         <size>0x6c</size>
         <input_file_ref idref="fl-141"/>
      </object_component>
      <object_component id="oc-75">
         <name>.text</name>
         <load_address>0x220c</load_address>
         <run_address>0x220c</run_address>
         <size>0x6a</size>
         <input_file_ref idref="fl-135"/>
      </object_component>
      <object_component id="oc-393">
         <name>.text:IntEnable</name>
         <load_address>0x2278</load_address>
         <run_address>0x2278</run_address>
         <size>0x68</size>
         <input_file_ref idref="fl-146"/>
      </object_component>
      <object_component id="oc-1fc">
         <name>.text:initTrigger</name>
         <load_address>0x22e0</load_address>
         <run_address>0x22e0</run_address>
         <size>0x64</size>
         <input_file_ref idref="fl-2"/>
      </object_component>
      <object_component id="oc-48">
         <name>.text:IntSpiGPIOHandler</name>
         <load_address>0x2344</load_address>
         <run_address>0x2344</run_address>
         <size>0x58</size>
         <input_file_ref idref="fl-b"/>
      </object_component>
      <object_component id="oc-226">
         <name>.text:socket</name>
         <load_address>0x239c</load_address>
         <run_address>0x239c</run_address>
         <size>0x58</size>
         <input_file_ref idref="fl-b"/>
      </object_component>
      <object_component id="oc-2ba">
         <name>.text:wlan_set_event_mask</name>
         <load_address>0x23f4</load_address>
         <run_address>0x23f4</run_address>
         <size>0x58</size>
         <input_file_ref idref="fl-b"/>
      </object_component>
      <object_component id="oc-381">
         <name>.text:GPIOIntTypeSet</name>
         <load_address>0x244c</load_address>
         <run_address>0x244c</run_address>
         <size>0x56</size>
         <input_file_ref idref="fl-145"/>
      </object_component>
      <object_component id="oc-20e">
         <name>.text:initWiFiEndpoint</name>
         <load_address>0x24a4</load_address>
         <run_address>0x24a4</run_address>
         <size>0x54</size>
         <input_file_ref idref="fl-2"/>
      </object_component>
      <object_component id="oc-24">
         <name>.text</name>
         <load_address>0x24f8</load_address>
         <run_address>0x24f8</run_address>
         <size>0x50</size>
         <input_file_ref idref="fl-133"/>
      </object_component>
      <object_component id="oc-3a0">
         <name>.text:SpiConfigureHwMapping</name>
         <load_address>0x2548</load_address>
         <run_address>0x2548</run_address>
         <size>0x4c</size>
         <input_file_ref idref="fl-b"/>
      </object_component>
      <object_component id="oc-3c1">
         <name>.text:SpiOpen</name>
         <load_address>0x2594</load_address>
         <run_address>0x2594</run_address>
         <size>0x4c</size>
         <input_file_ref idref="fl-b"/>
      </object_component>
      <object_component id="oc-149">
         <name>.text</name>
         <load_address>0x25e0</load_address>
         <run_address>0x25e0</run_address>
         <size>0x4c</size>
         <input_file_ref idref="fl-142"/>
      </object_component>
      <object_component id="oc-28f">
         <name>.text:GPIOPinConfigure</name>
         <load_address>0x262c</load_address>
         <run_address>0x262c</run_address>
         <size>0x48</size>
         <input_file_ref idref="fl-145"/>
      </object_component>
      <object_component id="oc-fe">
         <name>.text:SpiTriggerRxProcessing</name>
         <load_address>0x2674</load_address>
         <run_address>0x2674</run_address>
         <size>0x48</size>
         <input_file_ref idref="fl-b"/>
      </object_component>
      <object_component id="oc-348">
         <name>.text:_SysCtlFrequencyGet</name>
         <load_address>0x26bc</load_address>
         <run_address>0x26bc</run_address>
         <size>0x48</size>
         <input_file_ref idref="fl-148"/>
      </object_component>
      <object_component id="oc-a0">
         <name>.text</name>
         <load_address>0x2704</load_address>
         <run_address>0x2704</run_address>
         <size>0x44</size>
         <input_file_ref idref="fl-138"/>
      </object_component>
      <object_component id="oc-49f">
         <name>.text:HostFlowControlConsumeBuff</name>
         <load_address>0x2748</load_address>
         <run_address>0x2748</run_address>
         <size>0x40</size>
         <input_file_ref idref="fl-b"/>
      </object_component>
      <object_component id="oc-426">
         <name>.text</name>
         <load_address>0x2788</load_address>
         <run_address>0x2788</run_address>
         <size>0x40</size>
         <input_file_ref idref="fl-13e"/>
      </object_component>
      <object_component id="oc-3f9">
         <name>.text:turnLedOff</name>
         <load_address>0x27c8</load_address>
         <run_address>0x27c8</run_address>
         <size>0x40</size>
         <input_file_ref idref="fl-c"/>
      </object_component>
      <object_component id="oc-17b">
         <name>.text:SpiEnableSSIDMAChannels</name>
         <load_address>0x2808</load_address>
         <run_address>0x2808</run_address>
         <size>0x3c</size>
         <input_file_ref idref="fl-b"/>
      </object_component>
      <object_component id="oc-46b">
         <name>.text:UARTFlushTx</name>
         <load_address>0x2844</load_address>
         <run_address>0x2844</run_address>
         <size>0x3c</size>
         <input_file_ref idref="fl-5"/>
      </object_component>
      <object_component id="oc-2b4">
         <name>.text:turnLedOn</name>
         <load_address>0x2880</load_address>
         <run_address>0x2880</run_address>
         <size>0x3c</size>
         <input_file_ref idref="fl-c"/>
      </object_component>
      <object_component id="oc-24e">
         <name>.text:hci_event_unsol_flowcontrol_handler</name>
         <load_address>0x28bc</load_address>
         <run_address>0x28bc</run_address>
         <size>0x38</size>
         <input_file_ref idref="fl-b"/>
      </object_component>
      <object_component id="oc-399">
         <name>.text:initLEDs</name>
         <load_address>0x28f4</load_address>
         <run_address>0x28f4</run_address>
         <size>0x38</size>
         <input_file_ref idref="fl-c"/>
      </object_component>
      <object_component id="oc-482">
         <name>.text:ustrncmp</name>
         <load_address>0x292c</load_address>
         <run_address>0x292c</run_address>
         <size>0x36</size>
         <input_file_ref idref="fl-6"/>
      </object_component>
      <object_component id="oc-36f">
         <name>.text:SysCtlPeripheralEnable</name>
         <load_address>0x2964</load_address>
         <run_address>0x2964</run_address>
         <size>0x34</size>
         <input_file_ref idref="fl-148"/>
      </object_component>
      <object_component id="oc-4a5">
         <name>.text:hci_data_send</name>
         <load_address>0x2998</load_address>
         <run_address>0x2998</run_address>
         <size>0x32</size>
         <input_file_ref idref="fl-b"/>
      </object_component>
      <object_component id="oc-3c7">
         <name>.text:SimpleLink_Init_Start</name>
         <load_address>0x29cc</load_address>
         <run_address>0x29cc</run_address>
         <size>0x30</size>
         <input_file_ref idref="fl-b"/>
      </object_component>
      <object_component id="oc-1a0">
         <name>.text:SpiDisableInterrupts</name>
         <load_address>0x29fc</load_address>
         <run_address>0x29fc</run_address>
         <size>0x30</size>
         <input_file_ref idref="fl-b"/>
      </object_component>
      <object_component id="oc-175">
         <name>.text:SpiDisableSSIDMAChannels</name>
         <load_address>0x2a2c</load_address>
         <run_address>0x2a2c</run_address>
         <size>0x30</size>
         <input_file_ref idref="fl-b"/>
      </object_component>
      <object_component id="oc-16a">
         <name>.text:SpiResumeSpi</name>
         <load_address>0x2a5c</load_address>
         <run_address>0x2a5c</run_address>
         <size>0x30</size>
         <input_file_ref idref="fl-b"/>
      </object_component>
      <object_component id="oc-22c">
         <name>.text:WIFI_sendGPSData</name>
         <load_address>0x2a8c</load_address>
         <run_address>0x2a8c</run_address>
         <size>0x30</size>
         <input_file_ref idref="fl-2"/>
      </object_component>
      <object_component id="oc-405">
         <name>.text:ustrstr</name>
         <load_address>0x2abc</load_address>
         <run_address>0x2abc</run_address>
         <size>0x2e</size>
         <input_file_ref idref="fl-6"/>
      </object_component>
      <object_component id="oc-5a">
         <name>.text:KIntHandler</name>
         <load_address>0x2aec</load_address>
         <run_address>0x2aec</run_address>
         <size>0x2c</size>
         <input_file_ref idref="fl-2"/>
      </object_component>
      <object_component id="oc-bb">
         <name>.text:SpiCleanGPIOISR</name>
         <load_address>0x2b18</load_address>
         <run_address>0x2b18</run_address>
         <size>0x2c</size>
         <input_file_ref idref="fl-b"/>
      </object_component>
      <object_component id="oc-1ae">
         <name>.text:SpiFlushRxFifo</name>
         <load_address>0x2b44</load_address>
         <run_address>0x2b44</run_address>
         <size>0x2c</size>
         <input_file_ref idref="fl-b"/>
      </object_component>
      <object_component id="oc-465">
         <name>.text:UARTFlushRx</name>
         <load_address>0x2b70</load_address>
         <run_address>0x2b70</run_address>
         <size>0x2c</size>
         <input_file_ref idref="fl-5"/>
      </object_component>
      <object_component id="oc-ae">
         <name>.text:hci_unsolicited_event_handler</name>
         <load_address>0x2b9c</load_address>
         <run_address>0x2b9c</run_address>
         <size>0x2c</size>
         <input_file_ref idref="fl-b"/>
      </object_component>
      <object_component id="oc-2a2">
         <name>.text:wlan_init</name>
         <load_address>0x2bc8</load_address>
         <run_address>0x2bc8</run_address>
         <size>0x2c</size>
         <input_file_ref idref="fl-b"/>
      </object_component>
      <object_component id="oc-44d">
         <name>.text:GPIODirModeSet</name>
         <load_address>0x2bf4</load_address>
         <run_address>0x2bf4</run_address>
         <size>0x2a</size>
         <input_file_ref idref="fl-145"/>
      </object_component>
      <object_component id="oc-32a">
         <name>.text:set_socket_active_status</name>
         <load_address>0x2c20</load_address>
         <run_address>0x2c20</run_address>
         <size>0x28</size>
         <input_file_ref idref="fl-b"/>
      </object_component>
      <object_component id="oc-25a">
         <name>.text:update_socket_active_status</name>
         <load_address>0x2c48</load_address>
         <run_address>0x2c48</run_address>
         <size>0x24</size>
         <input_file_ref idref="fl-b"/>
      </object_component>
      <object_component id="oc-30e">
         <name>.text:hci_command_send</name>
         <load_address>0x2c6c</load_address>
         <run_address>0x2c6c</run_address>
         <size>0x22</size>
         <input_file_ref idref="fl-b"/>
      </object_component>
      <object_component id="oc-2c0">
         <name>.text:InitSysTick</name>
         <load_address>0x2c90</load_address>
         <run_address>0x2c90</run_address>
         <size>0x20</size>
         <input_file_ref idref="fl-c"/>
      </object_component>
      <object_component id="oc-4d2">
         <name>.text:get_socket_active_status</name>
         <load_address>0x2cb0</load_address>
         <run_address>0x2cb0</run_address>
         <size>0x20</size>
         <input_file_ref idref="fl-b"/>
      </object_component>
      <object_component id="oc-42">
         <name>.text:SysTickHandler</name>
         <load_address>0x2cd0</load_address>
         <run_address>0x2cd0</run_address>
         <size>0x1c</size>
         <input_file_ref idref="fl-c"/>
      </object_component>
      <object_component id="oc-342">
         <name>.text:_SysCtlMemTimingGet</name>
         <load_address>0x2cec</load_address>
         <run_address>0x2cec</run_address>
         <size>0x1c</size>
         <input_file_ref idref="fl-148"/>
      </object_component>
      <object_component id="oc-369">
         <name>.text:initClk</name>
         <load_address>0x2d08</load_address>
         <run_address>0x2d08</run_address>
         <size>0x1c</size>
         <input_file_ref idref="fl-c"/>
      </object_component>
      <object_component id="oc-254">
         <name>.text:STREAM_TO_UINT32_f</name>
         <load_address>0x2d24</load_address>
         <run_address>0x2d24</run_address>
         <size>0x1a</size>
         <input_file_ref idref="fl-b"/>
      </object_component>
      <object_component id="oc-220">
         <name>.text:UARTprintf</name>
         <load_address>0x2d3e</load_address>
         <run_address>0x2d3e</run_address>
         <size>0x1a</size>
         <input_file_ref idref="fl-5"/>
      </object_component>
      <object_component id="oc-387">
         <name>.text:GPIOPinTypeGPIOOutput</name>
         <load_address>0x2d58</load_address>
         <run_address>0x2d58</run_address>
         <size>0x18</size>
         <input_file_ref idref="fl-145"/>
      </object_component>
      <object_component id="oc-e8">
         <name>.text:IsBufferFull</name>
         <load_address>0x2d70</load_address>
         <run_address>0x2d70</run_address>
         <size>0x18</size>
         <input_file_ref idref="fl-5"/>
      </object_component>
      <object_component id="oc-4da">
         <name>.text:SpiIsDMAStopped</name>
         <load_address>0x2d88</load_address>
         <run_address>0x2d88</run_address>
         <size>0x18</size>
         <input_file_ref idref="fl-b"/>
      </object_component>
      <object_component id="oc-302">
         <name>.text:UINT32_TO_STREAM_f</name>
         <load_address>0x2da0</load_address>
         <run_address>0x2da0</run_address>
         <size>0x18</size>
         <input_file_ref idref="fl-b"/>
      </object_component>
      <object_component id="oc-2d8">
         <name>.text:WriteWlanPin</name>
         <load_address>0x2db8</load_address>
         <run_address>0x2db8</run_address>
         <size>0x18</size>
         <input_file_ref idref="fl-c"/>
      </object_component>
      <object_component id="oc-9a">
         <name>.text</name>
         <load_address>0x2dd0</load_address>
         <run_address>0x2dd0</run_address>
         <size>0x18</size>
         <input_file_ref idref="fl-140"/>
      </object_component>
      <object_component id="oc-29c">
         <name>.text:init_spi</name>
         <load_address>0x2de8</load_address>
         <run_address>0x2de8</run_address>
         <size>0x16</size>
         <input_file_ref idref="fl-b"/>
      </object_component>
      <object_component id="oc-314">
         <name>.text:SimpleLinkWaitEvent</name>
         <load_address>0x2e00</load_address>
         <run_address>0x2e00</run_address>
         <size>0x14</size>
         <input_file_ref idref="fl-b"/>
      </object_component>
      <object_component id="oc-110">
         <name>.text:SpiContReadOperation</name>
         <load_address>0x2e14</load_address>
         <run_address>0x2e14</run_address>
         <size>0x14</size>
         <input_file_ref idref="fl-b"/>
      </object_component>
      <object_component id="oc-c7">
         <name>.text:SpiReadHeader</name>
         <load_address>0x2e28</load_address>
         <run_address>0x2e28</run_address>
         <size>0x14</size>
         <input_file_ref idref="fl-b"/>
      </object_component>
      <object_component id="oc-3e8">
         <name>.text:SysTickEnable</name>
         <load_address>0x2e3c</load_address>
         <run_address>0x2e3c</run_address>
         <size>0x14</size>
         <input_file_ref idref="fl-149"/>
      </object_component>
      <object_component id="oc-3e2">
         <name>.text:SysTickIntEnable</name>
         <load_address>0x2e50</load_address>
         <run_address>0x2e50</run_address>
         <size>0x14</size>
         <input_file_ref idref="fl-149"/>
      </object_component>
      <object_component id="oc-240">
         <name>.text</name>
         <load_address>0x2e64</load_address>
         <run_address>0x2e64</run_address>
         <size>0x14</size>
         <input_file_ref idref="fl-13f"/>
      </object_component>
      <object_component id="oc-331">
         <name>.text:sendto</name>
         <load_address>0x2e78</load_address>
         <run_address>0x2e78</run_address>
         <size>0x14</size>
         <input_file_ref idref="fl-b"/>
      </object_component>
      <object_component id="oc-37b">
         <name>.text:GPIOPinTypeGPIOInput</name>
         <load_address>0x2e8c</load_address>
         <run_address>0x2e8c</run_address>
         <size>0x12</size>
         <input_file_ref idref="fl-145"/>
      </object_component>
      <object_component id="oc-214">
         <name>.text:ustrlen</name>
         <load_address>0x2e9e</load_address>
         <run_address>0x2e9e</run_address>
         <size>0x12</size>
         <input_file_ref idref="fl-6"/>
      </object_component>
      <object_component id="oc-35d">
         <name>.text:FPUEnable</name>
         <load_address>0x2eb0</load_address>
         <run_address>0x2eb0</run_address>
         <size>0x10</size>
         <input_file_ref idref="fl-144"/>
      </object_component>
      <object_component id="oc-363">
         <name>.text:FPULazyStackingEnable</name>
         <load_address>0x2ec0</load_address>
         <run_address>0x2ec0</run_address>
         <size>0x10</size>
         <input_file_ref idref="fl-144"/>
      </object_component>
      <object_component id="oc-3d0">
         <name>.text:SpiReceiveHandler</name>
         <load_address>0x2ed0</load_address>
         <run_address>0x2ed0</run_address>
         <size>0x10</size>
         <input_file_ref idref="fl-b"/>
      </object_component>
      <object_component id="oc-3dc">
         <name>.text:SysTickPeriodSet</name>
         <load_address>0x2ee0</load_address>
         <run_address>0x2ee0</run_address>
         <size>0x10</size>
         <input_file_ref idref="fl-149"/>
      </object_component>
      <object_component id="oc-375">
         <name>.text:GPIOIntDisable</name>
         <load_address>0x2ef0</load_address>
         <run_address>0x2ef0</run_address>
         <size>0xe</size>
         <input_file_ref idref="fl-145"/>
      </object_component>
      <object_component id="oc-dc">
         <name>.text:IsBufferEmpty</name>
         <load_address>0x2efe</load_address>
         <run_address>0x2efe</run_address>
         <size>0xe</size>
         <input_file_ref idref="fl-5"/>
      </object_component>
      <object_component id="oc-104">
         <name>.text:STREAM_TO_UINT16_f</name>
         <load_address>0x2f0c</load_address>
         <run_address>0x2f0c</run_address>
         <size>0xe</size>
         <input_file_ref idref="fl-b"/>
      </object_component>
      <object_component id="oc-12">
         <name>.text:decompress:none</name>
         <load_address>0x2f1a</load_address>
         <run_address>0x2f1a</run_address>
         <size>0xe</size>
         <input_file_ref idref="fl-134"/>
      </object_component>
      <object_component id="oc-38d">
         <name>.text:GPIOIntEnable</name>
         <load_address>0x2f28</load_address>
         <run_address>0x2f28</run_address>
         <size>0xc</size>
         <input_file_ref idref="fl-145"/>
      </object_component>
      <object_component id="oc-2c6">
         <name>.text:ReadWlanInterruptPin</name>
         <load_address>0x2f34</load_address>
         <run_address>0x2f34</run_address>
         <size>0xc</size>
         <input_file_ref idref="fl-c"/>
      </object_component>
      <object_component id="oc-308">
         <name>.text:UINT16_TO_STREAM_f</name>
         <load_address>0x2f40</load_address>
         <run_address>0x2f40</run_address>
         <size>0xc</size>
         <input_file_ref idref="fl-b"/>
      </object_component>
      <object_component id="oc-2d2">
         <name>.text:WlanInterruptDisable</name>
         <load_address>0x2f4c</load_address>
         <run_address>0x2f4c</run_address>
         <size>0xc</size>
         <input_file_ref idref="fl-c"/>
      </object_component>
      <object_component id="oc-2cc">
         <name>.text:WlanInterruptEnable</name>
         <load_address>0x2f58</load_address>
         <run_address>0x2f58</run_address>
         <size>0xc</size>
         <input_file_ref idref="fl-c"/>
      </object_component>
      <object_component id="oc-1e">
         <name>.text:decompress:ZI</name>
         <load_address>0x2f64</load_address>
         <run_address>0x2f64</run_address>
         <size>0xc</size>
         <input_file_ref idref="fl-136"/>
      </object_component>
      <object_component id="oc-f8">
         <name>.text:SSIDMADisable</name>
         <load_address>0x2f70</load_address>
         <run_address>0x2f70</run_address>
         <size>0xa</size>
         <input_file_ref idref="fl-147"/>
      </object_component>
      <object_component id="oc-1a6">
         <name>.text:SSIBusy</name>
         <load_address>0x2f7a</load_address>
         <run_address>0x2f7a</run_address>
         <size>0x8</size>
         <input_file_ref idref="fl-147"/>
      </object_component>
      <object_component id="oc-2f0">
         <name>.text:sendBootLoaderPatch</name>
         <load_address>0x2f82</load_address>
         <run_address>0x2f82</run_address>
         <size>0x8</size>
         <input_file_ref idref="fl-2"/>
      </object_component>
      <object_component id="oc-2ea">
         <name>.text:sendDriverPatch</name>
         <load_address>0x2f8a</load_address>
         <run_address>0x2f8a</run_address>
         <size>0x8</size>
         <input_file_ref idref="fl-2"/>
      </object_component>
      <object_component id="oc-2e4">
         <name>.text:sendWLFWPatch</name>
         <load_address>0x2f92</load_address>
         <run_address>0x2f92</run_address>
         <size>0x8</size>
         <input_file_ref idref="fl-2"/>
      </object_component>
      <object_component id="oc-3ef">
         <name>.text:GPIOPinRead</name>
         <load_address>0x2f9a</load_address>
         <run_address>0x2f9a</run_address>
         <size>0x6</size>
         <input_file_ref idref="fl-145"/>
      </object_component>
      <object_component id="oc-11d">
         <name>.text:GPIOPinWrite</name>
         <load_address>0x2fa0</load_address>
         <run_address>0x2fa0</run_address>
         <size>0x6</size>
         <input_file_ref idref="fl-145"/>
      </object_component>
      <object_component id="oc-2a">
         <name>.text:ResetISR</name>
         <load_address>0x2fa6</load_address>
         <run_address>0x2fa6</run_address>
         <size>0x6</size>
         <input_file_ref idref="fl-3"/>
      </object_component>
      <object_component id="oc-123">
         <name>.text:SysCtlDelay</name>
         <load_address>0x2fac</load_address>
         <run_address>0x2fac</run_address>
         <size>0x6</size>
         <input_file_ref idref="fl-148"/>
      </object_component>
      <object_component id="oc-3b4">
         <name>.text:UARTClockSourceSet</name>
         <load_address>0x2fb2</load_address>
         <run_address>0x2fb2</run_address>
         <size>0x6</size>
         <input_file_ref idref="fl-14a"/>
      </object_component>
      <object_component id="oc-3ae">
         <name>.text:UARTFIFOLevelSet</name>
         <load_address>0x2fb8</load_address>
         <run_address>0x2fb8</run_address>
         <size>0x6</size>
         <input_file_ref idref="fl-14a"/>
      </object_component>
      <object_component id="oc-18">
         <name>.text:decompress:rle24</name>
         <load_address>0x2fbe</load_address>
         <run_address>0x2fbe</run_address>
         <size>0x6</size>
         <input_file_ref idref="fl-135"/>
      </object_component>
      <object_component id="oc-271">
         <name>.text:SSIIntClear</name>
         <load_address>0x2fc4</load_address>
         <run_address>0x2fc4</run_address>
         <size>0x4</size>
         <input_file_ref idref="fl-147"/>
      </object_component>
      <object_component id="oc-8e">
         <name>.text</name>
         <load_address>0x2fc8</load_address>
         <run_address>0x2fc8</run_address>
         <size>0x4</size>
         <input_file_ref idref="fl-13b"/>
      </object_component>
      <object_component id="oc-351">
         <name>.const:g_pppui32XTALtoVCO</name>
         <load_address>0x2fcc</load_address>
         <run_address>0x2fcc</run_address>
         <size>0x120</size>
         <input_file_ref idref="fl-148"/>
      </object_component>
      <object_component id="oc-359">
         <name>.const:g_pui32GPIOBaseAddrs</name>
         <load_address>0x30ec</load_address>
         <run_address>0x30ec</run_address>
         <size>0x90</size>
         <input_file_ref idref="fl-145"/>
      </object_component>
      <object_component id="oc-457">
         <name>.const</name>
         <load_address>0x317c</load_address>
         <run_address>0x317c</run_address>
         <size>0x70</size>
         <input_file_ref idref="fl-146"/>
      </object_component>
      <object_component id="oc-34e">
         <name>.const:g_pui32Xtals</name>
         <load_address>0x31ec</load_address>
         <run_address>0x31ec</run_address>
         <size>0x6c</size>
         <input_file_ref idref="fl-148"/>
      </object_component>
      <object_component id="oc-3d7">
         <name>.const:g_psLEDs</name>
         <load_address>0x3258</load_address>
         <run_address>0x3258</run_address>
         <size>0x40</size>
         <input_file_ref idref="fl-c"/>
      </object_component>
      <object_component id="oc-434">
         <name>.const:g_sXTALtoMEMTIM</name>
         <load_address>0x3298</load_address>
         <run_address>0x3298</run_address>
         <size>0x30</size>
         <input_file_ref idref="fl-148"/>
      </object_component>
      <object_component id="oc-18e">
         <name>.const</name>
         <load_address>0x32c8</load_address>
         <run_address>0x32c8</run_address>
         <size>0x28</size>
         <input_file_ref idref="fl-5"/>
      </object_component>
      <object_component id="oc-268">
         <name>.const:.string</name>
         <load_address>0x32f0</load_address>
         <run_address>0x32f0</run_address>
         <size>0x12</size>
         <input_file_ref idref="fl-5"/>
      </object_component>
      <object_component id="oc-354">
         <name>.const</name>
         <load_address>0x3304</load_address>
         <run_address>0x3304</run_address>
         <size>0x8</size>
         <input_file_ref idref="fl-148"/>
      </object_component>
      <object_component id="oc-507">
         <name>.cinit..data.load</name>
         <load_address>0x3310</load_address>
         <run_address>0x3310</run_address>
         <size>0x3a</size>
      </object_component>
      <object_component id="oc-505">
         <name>__TI_handler_table</name>
         <load_address>0x334c</load_address>
         <run_address>0x334c</run_address>
         <size>0xc</size>
      </object_component>
      <object_component id="oc-508">
         <name>.cinit..bss.load</name>
         <load_address>0x3358</load_address>
         <run_address>0x3358</run_address>
         <size>0x8</size>
      </object_component>
      <object_component id="oc-506">
         <name>__TI_cinit_table</name>
         <load_address>0x3360</load_address>
         <run_address>0x3360</run_address>
         <size>0x10</size>
      </object_component>
      <object_component id="oc-29">
         <name>.stack</name>
         <uninitialized>true</uninitialized>
         <run_address>0x20000000</run_address>
         <size>0x0</size>
         <input_file_ref idref="fl-133"/>
      </object_component>
      <object_component id="oc-509">
         <name>.stack</name>
         <uninitialized>true</uninitialized>
         <run_address>0x20000000</run_address>
         <size>0x0</size>
      </object_component>
      <object_component id="oc-128">
         <name>.bss:GPS</name>
         <uninitialized>true</uninitialized>
         <run_address>0x20005280</run_address>
         <size>0x64</size>
         <input_file_ref idref="fl-2"/>
      </object_component>
      <object_component id="oc-191">
         <name>.bss:g_pcUARTTxBuffer</name>
         <uninitialized>true</uninitialized>
         <run_address>0x20004be0</run_address>
         <size>0x400</size>
         <input_file_ref idref="fl-5"/>
      </object_component>
      <object_component id="oc-f4">
         <name>.bss:g_pcUARTRxBuffer</name>
         <uninitialized>true</uninitialized>
         <run_address>0x20005200</run_address>
         <size>0x80</size>
         <input_file_ref idref="fl-5"/>
      </object_component>
      <object_component id="oc-170">
         <name>.bss:tSLInformation</name>
         <uninitialized>true</uninitialized>
         <run_address>0x20005334</run_address>
         <size>0x44</size>
         <input_file_ref idref="fl-b"/>
      </object_component>
      <object_component id="oc-cd">
         <name>.bss:sSpiInformation</name>
         <uninitialized>true</uninitialized>
         <run_address>0x200052e4</run_address>
         <size>0x50</size>
         <input_file_ref idref="fl-b"/>
      </object_component>
      <object_component id="oc-472">
         <name>.bss:wlan_rx_buffer</name>
         <uninitialized>true</uninitialized>
         <run_address>0x20004000</run_address>
         <size>0x5f0</size>
         <input_file_ref idref="fl-b"/>
      </object_component>
      <object_component id="oc-3cd">
         <name>.bss:wlan_tx_buffer</name>
         <uninitialized>true</uninitialized>
         <run_address>0x200045f0</run_address>
         <size>0x5f0</size>
         <input_file_ref idref="fl-b"/>
      </object_component>
      <object_component id="oc-45e">
         <name>.bss:ucDMAChannelControlStructure</name>
         <uninitialized>true</uninitialized>
         <run_address>0x20005000</run_address>
         <size>0x200</size>
         <input_file_ref idref="fl-b"/>
      </object_component>
      <object_component id="oc-124">
         <name>.common:i</name>
         <uninitialized>true</uninitialized>
         <run_address>0x2000538c</run_address>
         <size>0x4</size>
      </object_component>
      <object_component id="oc-12c">
         <name>.common:gpsFound</name>
         <uninitialized>true</uninitialized>
         <run_address>0x20005388</run_address>
         <size>0x4</size>
      </object_component>
      <object_component id="oc-12b">
         <name>.common:GPSSize</name>
         <uninitialized>true</uninitialized>
         <run_address>0x20004ff0</run_address>
         <size>0x4</size>
      </object_component>
      <object_component id="oc-119">
         <name>.common:msp430Trigger</name>
         <uninitialized>true</uninitialized>
         <run_address>0x20005390</run_address>
         <size>0x4</size>
      </object_component>
      <object_component id="oc-237">
         <name>.common:g_ui32SmartConfigFinished</name>
         <uninitialized>true</uninitialized>
         <run_address>0x20005380</run_address>
         <size>0x4</size>
      </object_component>
      <object_component id="oc-233">
         <name>.common:g_ui32CC3000Connected</name>
         <uninitialized>true</uninitialized>
         <run_address>0x20004ff4</run_address>
         <size>0x4</size>
      </object_component>
      <object_component id="oc-232">
         <name>.common:g_ui32CC3000DHCP</name>
         <uninitialized>true</uninitialized>
         <run_address>0x20004ff8</run_address>
         <size>0x4</size>
      </object_component>
      <object_component id="oc-400">
         <name>.common:g_ui32OkToDoShutDown</name>
         <uninitialized>true</uninitialized>
         <run_address>0x20005378</run_address>
         <size>0x4</size>
      </object_component>
      <object_component id="oc-3ff">
         <name>.common:g_ui32CC3000DHCP_configured</name>
         <uninitialized>true</uninitialized>
         <run_address>0x20004ffc</run_address>
         <size>0x4</size>
      </object_component>
      <object_component id="oc-2f6">
         <name>.common:g_ui8StopSmartConfig</name>
         <uninitialized>true</uninitialized>
         <run_address>0x20005395</run_address>
         <size>0x1</size>
      </object_component>
      <object_component id="oc-2fe">
         <name>.common:g_tSocketAddr</name>
         <uninitialized>true</uninitialized>
         <run_address>0x20004fe0</run_address>
         <size>0x10</size>
      </object_component>
      <object_component id="oc-f1">
         <name>.common:g_bDisableEcho</name>
         <uninitialized>true</uninitialized>
         <run_address>0x20005394</run_address>
         <size>0x1</size>
      </object_component>
      <object_component id="oc-18d">
         <name>.common:g_ui32PortNum</name>
         <uninitialized>true</uninitialized>
         <run_address>0x2000537c</run_address>
         <size>0x4</size>
      </object_component>
      <object_component id="oc-125">
         <name>.common:g_ui32SysClock</name>
         <uninitialized>true</uninitialized>
         <run_address>0x20005384</run_address>
         <size>0x4</size>
      </object_component>
      <object_component id="oc-234">
         <name>.data</name>
         <load_address>0x20005398</load_address>
         <run_address>0x20005398</run_address>
         <size>0x22</size>
         <input_file_ref idref="fl-2"/>
      </object_component>
      <object_component id="oc-ee">
         <name>.data</name>
         <load_address>0x200053bc</load_address>
         <run_address>0x200053bc</run_address>
         <size>0x15</size>
         <input_file_ref idref="fl-5"/>
      </object_component>
      <object_component id="oc-181">
         <name>.data</name>
         <load_address>0x200053d4</load_address>
         <run_address>0x200053d4</run_address>
         <size>0x14</size>
         <input_file_ref idref="fl-b"/>
      </object_component>
      <object_component id="oc-b4">
         <name>.data</name>
         <load_address>0x200053f8</load_address>
         <run_address>0x200053f8</run_address>
         <size>0x4</size>
         <input_file_ref idref="fl-c"/>
      </object_component>
      <object_component id="oc-31a">
         <name>.data</name>
         <load_address>0x200053fc</load_address>
         <run_address>0x200053fc</run_address>
         <size>0x4</size>
         <input_file_ref idref="fl-137"/>
      </object_component>
      <object_component id="oc-15c">
         <name>.data</name>
         <load_address>0x200053f0</load_address>
         <run_address>0x200053f0</run_address>
         <size>0x8</size>
         <input_file_ref idref="fl-138"/>
      </object_component>
      <object_component id="oc-a6">
         <name>.data</name>
         <load_address>0x20005400</load_address>
         <run_address>0x20005400</run_address>
         <size>0x4</size>
         <input_file_ref idref="fl-13c"/>
      </object_component>
      <object_component id="oc-159">
         <name>.data</name>
         <load_address>0x200053e8</load_address>
         <run_address>0x200053e8</run_address>
         <size>0x8</size>
         <input_file_ref idref="fl-13f"/>
      </object_component>
      <object_component id="oc-11a">
         <name>.debug_info</name>
         <load_address>0x0</load_address>
         <run_address>0x0</run_address>
         <size>0xa36</size>
         <input_file_ref idref="fl-2"/>
      </object_component>
      <object_component id="oc-129">
         <name>.debug_info</name>
         <load_address>0xa36</load_address>
         <run_address>0xa36</run_address>
         <size>0xe5</size>
         <input_file_ref idref="fl-2"/>
      </object_component>
      <object_component id="oc-235">
         <name>.debug_info</name>
         <load_address>0xb1b</load_address>
         <run_address>0xb1b</run_address>
         <size>0x1ec</size>
         <input_file_ref idref="fl-2"/>
      </object_component>
      <object_component id="oc-2e5">
         <name>.debug_info</name>
         <load_address>0xd07</load_address>
         <run_address>0xd07</run_address>
         <size>0x183</size>
         <input_file_ref idref="fl-2"/>
      </object_component>
      <object_component id="oc-2eb">
         <name>.debug_info</name>
         <load_address>0xe8a</load_address>
         <run_address>0xe8a</run_address>
         <size>0x187</size>
         <input_file_ref idref="fl-2"/>
      </object_component>
      <object_component id="oc-2f1">
         <name>.debug_info</name>
         <load_address>0x1011</load_address>
         <run_address>0x1011</run_address>
         <size>0x18f</size>
         <input_file_ref idref="fl-2"/>
      </object_component>
      <object_component id="oc-2df">
         <name>.debug_info</name>
         <load_address>0x11a0</load_address>
         <run_address>0x11a0</run_address>
         <size>0x269</size>
         <input_file_ref idref="fl-2"/>
      </object_component>
      <object_component id="oc-1fd">
         <name>.debug_info</name>
         <load_address>0x1409</load_address>
         <run_address>0x1409</run_address>
         <size>0x195</size>
         <input_file_ref idref="fl-2"/>
      </object_component>
      <object_component id="oc-203">
         <name>.debug_info</name>
         <load_address>0x159e</load_address>
         <run_address>0x159e</run_address>
         <size>0x1e5</size>
         <input_file_ref idref="fl-2"/>
      </object_component>
      <object_component id="oc-209">
         <name>.debug_info</name>
         <load_address>0x1783</load_address>
         <run_address>0x1783</run_address>
         <size>0x22f</size>
         <input_file_ref idref="fl-2"/>
      </object_component>
      <object_component id="oc-2f9">
         <name>.debug_info</name>
         <load_address>0x19b2</load_address>
         <run_address>0x19b2</run_address>
         <size>0x387</size>
         <input_file_ref idref="fl-2"/>
      </object_component>
      <object_component id="oc-20f">
         <name>.debug_info</name>
         <load_address>0x1d39</load_address>
         <run_address>0x1d39</run_address>
         <size>0x1fa</size>
         <input_file_ref idref="fl-2"/>
      </object_component>
      <object_component id="oc-22d">
         <name>.debug_info</name>
         <load_address>0x1f33</load_address>
         <run_address>0x1f33</run_address>
         <size>0x194</size>
         <input_file_ref idref="fl-2"/>
      </object_component>
      <object_component id="oc-152">
         <name>.debug_info</name>
         <load_address>0x20c7</load_address>
         <run_address>0x20c7</run_address>
         <size>0x239</size>
         <input_file_ref idref="fl-2"/>
      </object_component>
      <object_component id="oc-61">
         <name>.debug_info</name>
         <load_address>0x2300</load_address>
         <run_address>0x2300</run_address>
         <size>0x238</size>
         <input_file_ref idref="fl-2"/>
      </object_component>
      <object_component id="oc-5b">
         <name>.debug_info</name>
         <load_address>0x2538</load_address>
         <run_address>0x2538</run_address>
         <size>0x162</size>
         <input_file_ref idref="fl-2"/>
      </object_component>
      <object_component id="oc-1d9">
         <name>.debug_info</name>
         <load_address>0x269a</load_address>
         <run_address>0x269a</run_address>
         <size>0x5a</size>
         <input_file_ref idref="fl-2"/>
      </object_component>
      <object_component id="oc-1cf">
         <name>.debug_info</name>
         <load_address>0x26f4</load_address>
         <run_address>0x26f4</run_address>
         <size>0x4b1</size>
         <input_file_ref idref="fl-2"/>
      </object_component>
      <object_component id="oc-1de">
         <name>.debug_info</name>
         <load_address>0x2ba5</load_address>
         <run_address>0x2ba5</run_address>
         <size>0x16f</size>
         <input_file_ref idref="fl-2"/>
      </object_component>
      <object_component id="oc-1be">
         <name>.debug_info</name>
         <load_address>0x2d14</load_address>
         <run_address>0x2d14</run_address>
         <size>0x557</size>
         <input_file_ref idref="fl-2"/>
      </object_component>
      <object_component id="oc-b6">
         <name>.debug_info</name>
         <load_address>0x326b</load_address>
         <run_address>0x326b</run_address>
         <size>0x8b</size>
         <input_file_ref idref="fl-2"/>
      </object_component>
      <object_component id="oc-1c3">
         <name>.debug_info</name>
         <load_address>0x32f6</load_address>
         <run_address>0x32f6</run_address>
         <size>0x2c</size>
         <input_file_ref idref="fl-2"/>
      </object_component>
      <object_component id="oc-d1">
         <name>.debug_info</name>
         <load_address>0x3322</load_address>
         <run_address>0x3322</run_address>
         <size>0x18b</size>
         <input_file_ref idref="fl-2"/>
      </object_component>
      <object_component id="oc-1d4">
         <name>.debug_info</name>
         <load_address>0x34ad</load_address>
         <run_address>0x34ad</run_address>
         <size>0x87</size>
         <input_file_ref idref="fl-2"/>
      </object_component>
      <object_component id="oc-325">
         <name>.debug_info</name>
         <load_address>0x3534</load_address>
         <run_address>0x3534</run_address>
         <size>0x4e</size>
         <input_file_ref idref="fl-2"/>
      </object_component>
      <object_component id="oc-4ac">
         <name>.debug_info</name>
         <load_address>0x3582</load_address>
         <run_address>0x3582</run_address>
         <size>0x1be</size>
         <input_file_ref idref="fl-2"/>
      </object_component>
      <object_component id="oc-68">
         <name>.debug_info</name>
         <load_address>0x3740</load_address>
         <run_address>0x3740</run_address>
         <size>0x1e0</size>
         <input_file_ref idref="fl-3"/>
      </object_component>
      <object_component id="oc-10">
         <name>.debug_info</name>
         <load_address>0x3920</load_address>
         <run_address>0x3920</run_address>
         <size>0xe5</size>
         <input_file_ref idref="fl-3"/>
      </object_component>
      <object_component id="oc-2b">
         <name>.debug_info</name>
         <load_address>0x3a05</load_address>
         <run_address>0x3a05</run_address>
         <size>0x115</size>
         <input_file_ref idref="fl-3"/>
      </object_component>
      <object_component id="oc-31">
         <name>.debug_info</name>
         <load_address>0x3b1a</load_address>
         <run_address>0x3b1a</run_address>
         <size>0x103</size>
         <input_file_ref idref="fl-3"/>
      </object_component>
      <object_component id="oc-3d">
         <name>.debug_info</name>
         <load_address>0x3c1d</load_address>
         <run_address>0x3c1d</run_address>
         <size>0x11e</size>
         <input_file_ref idref="fl-3"/>
      </object_component>
      <object_component id="oc-37">
         <name>.debug_info</name>
         <load_address>0x3d3b</load_address>
         <run_address>0x3d3b</run_address>
         <size>0x10a</size>
         <input_file_ref idref="fl-3"/>
      </object_component>
      <object_component id="oc-130">
         <name>.debug_info</name>
         <load_address>0x3e45</load_address>
         <run_address>0x3e45</run_address>
         <size>0x84</size>
         <input_file_ref idref="fl-3"/>
      </object_component>
      <object_component id="oc-140">
         <name>.debug_info</name>
         <load_address>0x3ec9</load_address>
         <run_address>0x3ec9</run_address>
         <size>0x2c</size>
         <input_file_ref idref="fl-4"/>
      </object_component>
      <object_component id="oc-f2">
         <name>.debug_info</name>
         <load_address>0x3ef5</load_address>
         <run_address>0x3ef5</run_address>
         <size>0x1a9</size>
         <input_file_ref idref="fl-5"/>
      </object_component>
      <object_component id="oc-192">
         <name>.debug_info</name>
         <load_address>0x409e</load_address>
         <run_address>0x409e</run_address>
         <size>0x10e</size>
         <input_file_ref idref="fl-5"/>
      </object_component>
      <object_component id="oc-ef">
         <name>.debug_info</name>
         <load_address>0x41ac</load_address>
         <run_address>0x41ac</run_address>
         <size>0x1ee</size>
         <input_file_ref idref="fl-5"/>
      </object_component>
      <object_component id="oc-f5">
         <name>.debug_info</name>
         <load_address>0x439a</load_address>
         <run_address>0x439a</run_address>
         <size>0x10e</size>
         <input_file_ref idref="fl-5"/>
      </object_component>
      <object_component id="oc-18f">
         <name>.debug_info</name>
         <load_address>0x44a8</load_address>
         <run_address>0x44a8</run_address>
         <size>0x182</size>
         <input_file_ref idref="fl-5"/>
      </object_component>
      <object_component id="oc-ea">
         <name>.debug_info</name>
         <load_address>0x462a</load_address>
         <run_address>0x462a</run_address>
         <size>0x25c</size>
         <input_file_ref idref="fl-5"/>
      </object_component>
      <object_component id="oc-de">
         <name>.debug_info</name>
         <load_address>0x4886</load_address>
         <run_address>0x4886</run_address>
         <size>0x22c</size>
         <input_file_ref idref="fl-5"/>
      </object_component>
      <object_component id="oc-d8">
         <name>.debug_info</name>
         <load_address>0x4ab2</load_address>
         <run_address>0x4ab2</run_address>
         <size>0x205</size>
         <input_file_ref idref="fl-5"/>
      </object_component>
      <object_component id="oc-e4">
         <name>.debug_info</name>
         <load_address>0x4cb7</load_address>
         <run_address>0x4cb7</run_address>
         <size>0x242</size>
         <input_file_ref idref="fl-5"/>
      </object_component>
      <object_component id="oc-320">
         <name>.debug_info</name>
         <load_address>0x4ef9</load_address>
         <run_address>0x4ef9</run_address>
         <size>0x329</size>
         <input_file_ref idref="fl-5"/>
      </object_component>
      <object_component id="oc-221">
         <name>.debug_info</name>
         <load_address>0x5222</load_address>
         <run_address>0x5222</run_address>
         <size>0x1c4</size>
         <input_file_ref idref="fl-5"/>
      </object_component>
      <object_component id="oc-4f">
         <name>.debug_info</name>
         <load_address>0x53e6</load_address>
         <run_address>0x53e6</run_address>
         <size>0x2c0</size>
         <input_file_ref idref="fl-5"/>
      </object_component>
      <object_component id="oc-466">
         <name>.debug_info</name>
         <load_address>0x56a6</load_address>
         <run_address>0x56a6</run_address>
         <size>0x1a9</size>
         <input_file_ref idref="fl-5"/>
      </object_component>
      <object_component id="oc-46c">
         <name>.debug_info</name>
         <load_address>0x584f</load_address>
         <run_address>0x584f</run_address>
         <size>0x1f5</size>
         <input_file_ref idref="fl-5"/>
      </object_component>
      <object_component id="oc-3bb">
         <name>.debug_info</name>
         <load_address>0x5a44</load_address>
         <run_address>0x5a44</run_address>
         <size>0x29a</size>
         <input_file_ref idref="fl-5"/>
      </object_component>
      <object_component id="oc-301">
         <name>.debug_info</name>
         <load_address>0x5cde</load_address>
         <run_address>0x5cde</run_address>
         <size>0x174</size>
         <input_file_ref idref="fl-6"/>
      </object_component>
      <object_component id="oc-40c">
         <name>.debug_info</name>
         <load_address>0x5e52</load_address>
         <run_address>0x5e52</run_address>
         <size>0x251</size>
         <input_file_ref idref="fl-6"/>
      </object_component>
      <object_component id="oc-215">
         <name>.debug_info</name>
         <load_address>0x60a3</load_address>
         <run_address>0x60a3</run_address>
         <size>0x194</size>
         <input_file_ref idref="fl-6"/>
      </object_component>
      <object_component id="oc-483">
         <name>.debug_info</name>
         <load_address>0x6237</load_address>
         <run_address>0x6237</run_address>
         <size>0x1c6</size>
         <input_file_ref idref="fl-6"/>
      </object_component>
      <object_component id="oc-406">
         <name>.debug_info</name>
         <load_address>0x63fd</load_address>
         <run_address>0x63fd</run_address>
         <size>0x1d6</size>
         <input_file_ref idref="fl-6"/>
      </object_component>
      <object_component id="oc-117">
         <name>.debug_info</name>
         <load_address>0x65d3</load_address>
         <run_address>0x65d3</run_address>
         <size>0x5a9</size>
         <input_file_ref idref="fl-b"/>
      </object_component>
      <object_component id="oc-182">
         <name>.debug_info</name>
         <load_address>0x6b7c</load_address>
         <run_address>0x6b7c</run_address>
         <size>0x1a1</size>
         <input_file_ref idref="fl-b"/>
      </object_component>
      <object_component id="oc-171">
         <name>.debug_info</name>
         <load_address>0x6d1d</load_address>
         <run_address>0x6d1d</run_address>
         <size>0x110</size>
         <input_file_ref idref="fl-b"/>
      </object_component>
      <object_component id="oc-ce">
         <name>.debug_info</name>
         <load_address>0x6e2d</load_address>
         <run_address>0x6e2d</run_address>
         <size>0x112</size>
         <input_file_ref idref="fl-b"/>
      </object_component>
      <object_component id="oc-473">
         <name>.debug_info</name>
         <load_address>0x6f3f</load_address>
         <run_address>0x6f3f</run_address>
         <size>0x110</size>
         <input_file_ref idref="fl-b"/>
      </object_component>
      <object_component id="oc-3ce">
         <name>.debug_info</name>
         <load_address>0x704f</load_address>
         <run_address>0x704f</run_address>
         <size>0x110</size>
         <input_file_ref idref="fl-b"/>
      </object_component>
      <object_component id="oc-45f">
         <name>.debug_info</name>
         <load_address>0x715f</load_address>
         <run_address>0x715f</run_address>
         <size>0x12b</size>
         <input_file_ref idref="fl-b"/>
      </object_component>
      <object_component id="oc-105">
         <name>.debug_info</name>
         <load_address>0x728a</load_address>
         <run_address>0x728a</run_address>
         <size>0x21a</size>
         <input_file_ref idref="fl-b"/>
      </object_component>
      <object_component id="oc-255">
         <name>.debug_info</name>
         <load_address>0x74a4</load_address>
         <run_address>0x74a4</run_address>
         <size>0x21a</size>
         <input_file_ref idref="fl-b"/>
      </object_component>
      <object_component id="oc-32b">
         <name>.debug_info</name>
         <load_address>0x76be</load_address>
         <run_address>0x76be</run_address>
         <size>0x227</size>
         <input_file_ref idref="fl-b"/>
      </object_component>
      <object_component id="oc-25b">
         <name>.debug_info</name>
         <load_address>0x78e5</load_address>
         <run_address>0x78e5</run_address>
         <size>0x284</size>
         <input_file_ref idref="fl-b"/>
      </object_component>
      <object_component id="oc-24f">
         <name>.debug_info</name>
         <load_address>0x7b69</load_address>
         <run_address>0x7b69</run_address>
         <size>0x2ca</size>
         <input_file_ref idref="fl-b"/>
      </object_component>
      <object_component id="oc-165">
         <name>.debug_info</name>
         <load_address>0x7e33</load_address>
         <run_address>0x7e33</run_address>
         <size>0x3cc</size>
         <input_file_ref idref="fl-b"/>
      </object_component>
      <object_component id="oc-16b">
         <name>.debug_info</name>
         <load_address>0x81ff</load_address>
         <run_address>0x81ff</run_address>
         <size>0x1b6</size>
         <input_file_ref idref="fl-b"/>
      </object_component>
      <object_component id="oc-af">
         <name>.debug_info</name>
         <load_address>0x83b5</load_address>
         <run_address>0x83b5</run_address>
         <size>0x258</size>
         <input_file_ref idref="fl-b"/>
      </object_component>
      <object_component id="oc-3d1">
         <name>.debug_info</name>
         <load_address>0x860d</load_address>
         <run_address>0x860d</run_address>
         <size>0x213</size>
         <input_file_ref idref="fl-b"/>
      </object_component>
      <object_component id="oc-3c2">
         <name>.debug_info</name>
         <load_address>0x8820</load_address>
         <run_address>0x8820</run_address>
         <size>0x1ee</size>
         <input_file_ref idref="fl-b"/>
      </object_component>
      <object_component id="oc-309">
         <name>.debug_info</name>
         <load_address>0x8a0e</load_address>
         <run_address>0x8a0e</run_address>
         <size>0x20e</size>
         <input_file_ref idref="fl-b"/>
      </object_component>
      <object_component id="oc-176">
         <name>.debug_info</name>
         <load_address>0x8c1c</load_address>
         <run_address>0x8c1c</run_address>
         <size>0x1cd</size>
         <input_file_ref idref="fl-b"/>
      </object_component>
      <object_component id="oc-17c">
         <name>.debug_info</name>
         <load_address>0x8de9</load_address>
         <run_address>0x8de9</run_address>
         <size>0x1d2</size>
         <input_file_ref idref="fl-b"/>
      </object_component>
      <object_component id="oc-c2">
         <name>.debug_info</name>
         <load_address>0x8fbb</load_address>
         <run_address>0x8fbb</run_address>
         <size>0x24f</size>
         <input_file_ref idref="fl-b"/>
      </object_component>
      <object_component id="oc-4db">
         <name>.debug_info</name>
         <load_address>0x920a</load_address>
         <run_address>0x920a</run_address>
         <size>0x1be</size>
         <input_file_ref idref="fl-b"/>
      </object_component>
      <object_component id="oc-4c4">
         <name>.debug_info</name>
         <load_address>0x93c8</load_address>
         <run_address>0x93c8</run_address>
         <size>0x289</size>
         <input_file_ref idref="fl-b"/>
      </object_component>
      <object_component id="oc-48b">
         <name>.debug_info</name>
         <load_address>0x9651</load_address>
         <run_address>0x9651</run_address>
         <size>0x299</size>
         <input_file_ref idref="fl-b"/>
      </object_component>
      <object_component id="oc-417">
         <name>.debug_info</name>
         <load_address>0x98ea</load_address>
         <run_address>0x98ea</run_address>
         <size>0x24f</size>
         <input_file_ref idref="fl-b"/>
      </object_component>
      <object_component id="oc-30f">
         <name>.debug_info</name>
         <load_address>0x9b39</load_address>
         <run_address>0x9b39</run_address>
         <size>0x288</size>
         <input_file_ref idref="fl-b"/>
      </object_component>
      <object_component id="oc-303">
         <name>.debug_info</name>
         <load_address>0x9dc1</load_address>
         <run_address>0x9dc1</run_address>
         <size>0x20e</size>
         <input_file_ref idref="fl-b"/>
      </object_component>
      <object_component id="oc-4cb">
         <name>.debug_info</name>
         <load_address>0x9fcf</load_address>
         <run_address>0x9fcf</run_address>
         <size>0x3aa</size>
         <input_file_ref idref="fl-b"/>
      </object_component>
      <object_component id="oc-492">
         <name>.debug_info</name>
         <load_address>0xa379</load_address>
         <run_address>0xa379</run_address>
         <size>0x29f</size>
         <input_file_ref idref="fl-b"/>
      </object_component>
      <object_component id="oc-41e">
         <name>.debug_info</name>
         <load_address>0xa618</load_address>
         <run_address>0xa618</run_address>
         <size>0x65e</size>
         <input_file_ref idref="fl-b"/>
      </object_component>
      <object_component id="oc-315">
         <name>.debug_info</name>
         <load_address>0xac76</load_address>
         <run_address>0xac76</run_address>
         <size>0x23b</size>
         <input_file_ref idref="fl-b"/>
      </object_component>
      <object_component id="oc-3c8">
         <name>.debug_info</name>
         <load_address>0xaeb1</load_address>
         <run_address>0xaeb1</run_address>
         <size>0x28c</size>
         <input_file_ref idref="fl-b"/>
      </object_component>
      <object_component id="oc-2af">
         <name>.debug_info</name>
         <load_address>0xb13d</load_address>
         <run_address>0xb13d</run_address>
         <size>0x2ca</size>
         <input_file_ref idref="fl-b"/>
      </object_component>
      <object_component id="oc-2bb">
         <name>.debug_info</name>
         <load_address>0xb407</load_address>
         <run_address>0xb407</run_address>
         <size>0x260</size>
         <input_file_ref idref="fl-b"/>
      </object_component>
      <object_component id="oc-2a4">
         <name>.debug_info</name>
         <load_address>0xb667</load_address>
         <run_address>0xb667</run_address>
         <size>0x37c</size>
         <input_file_ref idref="fl-b"/>
      </object_component>
      <object_component id="oc-21c">
         <name>.debug_info</name>
         <load_address>0xb9e3</load_address>
         <run_address>0xb9e3</run_address>
         <size>0x3ce</size>
         <input_file_ref idref="fl-b"/>
      </object_component>
      <object_component id="oc-228">
         <name>.debug_info</name>
         <load_address>0xbdb1</load_address>
         <run_address>0xbdb1</run_address>
         <size>0x2ad</size>
         <input_file_ref idref="fl-b"/>
      </object_component>
      <object_component id="oc-4d4">
         <name>.debug_info</name>
         <load_address>0xc05e</load_address>
         <run_address>0xc05e</run_address>
         <size>0x207</size>
         <input_file_ref idref="fl-b"/>
      </object_component>
      <object_component id="oc-4a1">
         <name>.debug_info</name>
         <load_address>0xc265</load_address>
         <run_address>0xc265</run_address>
         <size>0x213</size>
         <input_file_ref idref="fl-b"/>
      </object_component>
      <object_component id="oc-4a7">
         <name>.debug_info</name>
         <load_address>0xc478</load_address>
         <run_address>0xc478</run_address>
         <size>0x311</size>
         <input_file_ref idref="fl-b"/>
      </object_component>
      <object_component id="oc-42f">
         <name>.debug_info</name>
         <load_address>0xc789</load_address>
         <run_address>0xc789</run_address>
         <size>0x466</size>
         <input_file_ref idref="fl-b"/>
      </object_component>
      <object_component id="oc-333">
         <name>.debug_info</name>
         <load_address>0xcbef</load_address>
         <run_address>0xcbef</run_address>
         <size>0x22e</size>
         <input_file_ref idref="fl-b"/>
      </object_component>
      <object_component id="oc-3a2">
         <name>.debug_info</name>
         <load_address>0xce1d</load_address>
         <run_address>0xce1d</run_address>
         <size>0x1b0</size>
         <input_file_ref idref="fl-b"/>
      </object_component>
      <object_component id="oc-3a8">
         <name>.debug_info</name>
         <load_address>0xcfcd</load_address>
         <run_address>0xcfcd</run_address>
         <size>0x2f4</size>
         <input_file_ref idref="fl-b"/>
      </object_component>
      <object_component id="oc-29e">
         <name>.debug_info</name>
         <load_address>0xd2c1</load_address>
         <run_address>0xd2c1</run_address>
         <size>0x248</size>
         <input_file_ref idref="fl-b"/>
      </object_component>
      <object_component id="oc-1a2">
         <name>.debug_info</name>
         <load_address>0xd509</load_address>
         <run_address>0xd509</run_address>
         <size>0x1c5</size>
         <input_file_ref idref="fl-b"/>
      </object_component>
[...]
         <value>0x2b71</value>
         <object_component_ref idref="oc-465"/>
      </symbol>
      <symbol id="sm-274">
         <name>UARTFlushTx</name>
         <value>0x2845</value>
         <object_component_ref idref="oc-46b"/>
      </symbol>
      <symbol id="sm-275">
         <name>UARTStdioConfig</name>
         <value>0x18f5</value>
         <object_component_ref idref="oc-3ba"/>
      </symbol>
      <symbol id="sm-276">
         <name>UARTStdioIntHandler</name>
         <value>0xcd1</value>
         <object_component_ref idref="oc-4e"/>
      </symbol>
      <symbol id="sm-277">
         <name>UARTwrite</name>
         <value>0x1a55</value>
         <object_component_ref idref="oc-e2"/>
      </symbol>
      <symbol id="sm-278">
         <name>UARTprintf</name>
         <value>0x2d3f</value>
         <object_component_ref idref="oc-220"/>
      </symbol>
      <symbol id="sm-279">
         <name>UARTvprintf</name>
         <value>0x931</value>
         <object_component_ref idref="oc-31e"/>
      </symbol>
      <symbol id="sm-2b6">
         <name>ustrlen</name>
         <value>0x2e9f</value>
         <object_component_ref idref="oc-214"/>
      </symbol>
      <symbol id="sm-2b7">
         <name>ustrstr</name>
         <value>0x2abd</value>
         <object_component_ref idref="oc-405"/>
      </symbol>
      <symbol id="sm-2b8">
         <name>ustrtoul</name>
         <value>0x1b99</value>
         <object_component_ref idref="oc-40b"/>
      </symbol>
      <symbol id="sm-2b9">
         <name>ustrncmp</name>
         <value>0x292d</value>
         <object_component_ref idref="oc-482"/>
      </symbol>
      <symbol id="sm-587">
         <name>SpiCleanGPIOISR</name>
         <value>0x2b19</value>
         <object_component_ref idref="oc-bb"/>
      </symbol>
      <symbol id="sm-588">
         <name>UINT32_TO_STREAM_f</name>
         <value>0x2da1</value>
         <object_component_ref idref="oc-302"/>
      </symbol>
      <symbol id="sm-589">
         <name>IntSpiGPIOHandler</name>
         <value>0x2345</value>
         <object_component_ref idref="oc-48"/>
      </symbol>
      <symbol id="sm-58a">
         <name>hci_unsolicited_event_handler</name>
         <value>0x2b9d</value>
         <object_component_ref idref="oc-ae"/>
      </symbol>
      <symbol id="sm-58b">
         <name>hci_unsol_handle_patch_request</name>
         <value>0x2051</value>
         <object_component_ref idref="oc-491"/>
      </symbol>
      <symbol id="sm-58c">
         <name>tSpiReadHeader</name>
         <value>0x200053da</value>
         <object_component_ref idref="oc-181"/>
      </symbol>
      <symbol id="sm-58d">
         <name>g_pui8Dummy</name>
         <value>0x200053d8</value>
         <object_component_ref idref="oc-181"/>
      </symbol>
      <symbol id="sm-58e">
         <name>wlan_set_event_mask</name>
         <value>0x23f5</value>
         <object_component_ref idref="oc-2ba"/>
      </symbol>
      <symbol id="sm-58f">
         <name>SimpleLinkWaitEvent</name>
         <value>0x2e01</value>
         <object_component_ref idref="oc-314"/>
      </symbol>
      <symbol id="sm-590">
         <name>SpiIntHandler</name>
         <value>0x183d</value>
         <object_component_ref idref="oc-54"/>
      </symbol>
      <symbol id="sm-591">
         <name>wlan_rx_buffer</name>
         <value>0x20004000</value>
         <object_component_ref idref="oc-472"/>
      </symbol>
      <symbol id="sm-592">
         <name>socket_active_status</name>
         <value>0x200053d4</value>
         <object_component_ref idref="oc-181"/>
      </symbol>
      <symbol id="sm-593">
         <name>socket</name>
         <value>0x239d</value>
         <object_component_ref idref="oc-226"/>
      </symbol>
      <symbol id="sm-594">
         <name>SpiTriggerRxProcessing</name>
         <value>0x2675</value>
         <object_component_ref idref="oc-fe"/>
      </symbol>
      <symbol id="sm-595">
         <name>UINT16_TO_STREAM_f</name>
         <value>0x2f41</value>
         <object_component_ref idref="oc-308"/>
      </symbol>
      <symbol id="sm-596">
         <name>hci_event_handler</name>
         <value>0x201</value>
         <object_component_ref idref="oc-41d"/>
      </symbol>
      <symbol id="sm-597">
         <name>sSpiInformation</name>
         <value>0x200052e4</value>
         <object_component_ref idref="oc-cd"/>
      </symbol>
      <symbol id="sm-598">
         <name>STREAM_TO_UINT32_f</name>
         <value>0x2d25</value>
         <object_component_ref idref="oc-254"/>
      </symbol>
      <symbol id="sm-599">
         <name>SpiReadDataCont</name>
         <value>0x1d5d</value>
         <object_component_ref idref="oc-1b5"/>
      </symbol>
      <symbol id="sm-59a">
         <name>tSLInformation</name>
         <value>0x20005334</value>
         <object_component_ref idref="oc-170"/>
      </symbol>
      <symbol id="sm-59b">
         <name>DispatcherUARTConfigure</name>
         <value>0x1785</value>
         <object_component_ref idref="oc-2a8"/>
      </symbol>
      <symbol id="sm-59c">
         <name>SpiWrite</name>
         <value>0x20c9</value>
         <object_component_ref idref="oc-416"/>
      </symbol>
      <symbol id="sm-59d">
         <name>wlan_connect</name>
         <value>0x16bd</value>
         <object_component_ref idref="oc-21a"/>
      </symbol>
      <symbol id="sm-59e">
         <name>SpiReceiveHandler</name>
         <value>0x2ed1</value>
         <object_component_ref idref="oc-3d0"/>
      </symbol>
      <symbol id="sm-59f">
         <name>STREAM_TO_UINT16_f</name>
         <value>0x2f0d</value>
         <object_component_ref idref="oc-104"/>
      </symbol>
      <symbol id="sm-5a0">
         <name>hci_data_send</name>
         <value>0x2999</value>
         <object_component_ref idref="oc-4a5"/>
      </symbol>
      <symbol id="sm-5a1">
         <name>wlan_tx_buffer</name>
         <value>0x200045f0</value>
         <object_component_ref idref="oc-3cd"/>
      </symbol>
      <symbol id="sm-5a2">
         <name>hci_command_send</name>
         <value>0x2c6d</value>
         <object_component_ref idref="oc-30e"/>
      </symbol>
      <symbol id="sm-5a3">
         <name>SpiConfigureHwMapping</name>
         <value>0x2549</value>
         <object_component_ref idref="oc-3a0"/>
      </symbol>
      <symbol id="sm-5a4">
         <name>hci_unsol_event_handler</name>
         <value>0xb1d</value>
         <object_component_ref idref="oc-164"/>
      </symbol>
      <symbol id="sm-5a5">
         <name>get_socket_active_status</name>
         <value>0x2cb1</value>
         <object_component_ref idref="oc-4d2"/>
      </symbol>
      <symbol id="sm-5a6">
         <name>set_socket_active_status</name>
         <value>0x2c21</value>
         <object_component_ref idref="oc-32a"/>
      </symbol>
      <symbol id="sm-5a7">
         <name>sendto</name>
         <value>0x2e79</value>
         <object_component_ref idref="oc-331"/>
      </symbol>
      <symbol id="sm-5a8">
         <name>g_uluDMAErrCount</name>
         <value>0x200053e4</value>
         <object_component_ref idref="oc-181"/>
      </symbol>
      <symbol id="sm-5a9">
         <name>wlan_start</name>
         <value>0x1ee1</value>
         <object_component_ref idref="oc-2ae"/>
      </symbol>
      <symbol id="sm-5aa">
         <name>wlan_init</name>
         <value>0x2bc9</value>
         <object_component_ref idref="oc-2a2"/>
      </symbol>
      <symbol id="sm-5ab">
         <name>SpiFirstWrite</name>
         <value>0x1de1</value>
         <object_component_ref idref="oc-48a"/>
      </symbol>
      <symbol id="sm-5ac">
         <name>SpiResumeSpi</name>
         <value>0x2a5d</value>
         <object_component_ref idref="oc-16a"/>
      </symbol>
      <symbol id="sm-5ad">
         <name>SpiOpen</name>
         <value>0x2595</value>
         <object_component_ref idref="oc-3c1"/>
      </symbol>
      <symbol id="sm-5ae">
         <name>init_spi</name>
         <value>0x2de9</value>
         <object_component_ref idref="oc-29c"/>
      </symbol>
      <symbol id="sm-5af">
         <name>hci_patch_send</name>
         <value>0x15f1</value>
         <object_component_ref idref="oc-4ca"/>
      </symbol>
      <symbol id="sm-640">
         <name>g_ui32SysClock</name>
         <value>0x20005384</value>
      </symbol>
      <symbol id="sm-641">
         <name>ReadWlanInterruptPin</name>
         <value>0x2f35</value>
         <object_component_ref idref="oc-2c6"/>
      </symbol>
      <symbol id="sm-642">
         <name>WriteWlanPin</name>
         <value>0x2db9</value>
         <object_component_ref idref="oc-2d8"/>
      </symbol>
      <symbol id="sm-643">
         <name>turnLedOff</name>
         <value>0x27c9</value>
         <object_component_ref idref="oc-3f9"/>
      </symbol>
      <symbol id="sm-644">
         <name>initLEDs</name>
         <value>0x28f5</value>
         <object_component_ref idref="oc-399"/>
      </symbol>
      <symbol id="sm-645">
         <name>SysTickHandler</name>
         <value>0x2cd1</value>
         <object_component_ref idref="oc-42"/>
      </symbol>
      <symbol id="sm-646">
         <name>WlanInterruptEnable</name>
         <value>0x2f59</value>
         <object_component_ref idref="oc-2cc"/>
      </symbol>
      <symbol id="sm-647">
         <name>pio_init</name>
         <value>0x1525</value>
         <object_component_ref idref="oc-296"/>
      </symbol>
      <symbol id="sm-648">
         <name>initClk</name>
         <value>0x2d09</value>
         <object_component_ref idref="oc-369"/>
      </symbol>
      <symbol id="sm-649">
         <name>turnLedOn</name>
         <value>0x2881</value>
         <object_component_ref idref="oc-2b4"/>
      </symbol>
      <symbol id="sm-64a">
         <name>InitSysTick</name>
         <value>0x2c91</value>
         <object_component_ref idref="oc-2c0"/>
      </symbol>
      <symbol id="sm-64b">
         <name>g_psLEDs</name>
         <value>0x3258</value>
         <object_component_ref idref="oc-3d7"/>
      </symbol>
      <symbol id="sm-64c">
         <name>WlanInterruptDisable</name>
         <value>0x2f4d</value>
         <object_component_ref idref="oc-2d2"/>
      </symbol>
      <symbol id="sm-65e">
         <name>_c_int00</name>
         <value>0x24f9</value>
         <object_component_ref idref="oc-24"/>
      </symbol>
      <symbol id="sm-65f">
         <name>__stack</name>
         <value>0x20000000</value>
         <object_component_ref idref="oc-29"/>
      </symbol>
      <symbol id="sm-676">
         <name>__TI_decompress_none</name>
         <value>0x2f1b</value>
         <object_component_ref idref="oc-12"/>
      </symbol>
      <symbol id="sm-699">
         <name>__TI_decompress_rle24</name>
         <value>0x2fbf</value>
         <object_component_ref idref="oc-18"/>
      </symbol>
      <symbol id="sm-6ab">
         <name>__TI_zero_init</name>
         <value>0x2f65</value>
         <object_component_ref idref="oc-1e"/>
      </symbol>
      <symbol id="sm-6b3">
         <name>_Errno</name>
         <value>0x200053fc</value>
         <object_component_ref idref="oc-31a"/>
      </symbol>
      <symbol id="sm-6d2">
         <name>C$$EXIT</name>
         <value>0x2705</value>
         <object_component_ref idref="oc-a0"/>
      </symbol>
      <symbol id="sm-6d3">
         <name>abort</name>
         <value>0x2709</value>
         <object_component_ref idref="oc-a0"/>
      </symbol>
      <symbol id="sm-6d4">
         <name>exit</name>
         <value>0x2711</value>
         <object_component_ref idref="oc-a0"/>
      </symbol>
      <symbol id="sm-6d5">
         <name>__TI_dtors_ptr</name>
         <value>0x200053f4</value>
         <object_component_ref idref="oc-15c"/>
      </symbol>
      <symbol id="sm-6d6">
         <name>__TI_cleanup_ptr</name>
         <value>0x200053f0</value>
         <object_component_ref idref="oc-15c"/>
      </symbol>
      <symbol id="sm-6f1">
         <name>memcpy</name>
         <value>0x1afd</value>
         <object_component_ref idref="oc-69"/>
      </symbol>
      <symbol id="sm-6f2">
         <name>__aeabi_memcpy</name>
         <value>0x1afd</value>
         <object_component_ref idref="oc-69"/>
      </symbol>
      <symbol id="sm-6f3">
         <name>__aeabi_memcpy8</name>
         <value>0x1afd</value>
         <object_component_ref idref="oc-69"/>
      </symbol>
      <symbol id="sm-6f4">
         <name>__aeabi_memcpy4</name>
         <value>0x1afd</value>
         <object_component_ref idref="oc-69"/>
      </symbol>
      <symbol id="sm-703">
         <name>__aeabi_memset</name>
         <value>0x1f5f</value>
         <object_component_ref idref="oc-82"/>
      </symbol>
      <symbol id="sm-704">
         <name>memset</name>
         <value>0x1f65</value>
         <object_component_ref idref="oc-82"/>
      </symbol>
      <symbol id="sm-705">
         <name>__aeabi_memset8</name>
         <value>0x1f5f</value>
         <object_component_ref idref="oc-82"/>
      </symbol>
      <symbol id="sm-706">
         <name>__aeabi_memset4</name>
         <value>0x1f5f</value>
         <object_component_ref idref="oc-82"/>
      </symbol>
      <symbol id="sm-707">
         <name>__aeabi_memclr8</name>
         <value>0x1f5d</value>
         <object_component_ref idref="oc-82"/>
      </symbol>
      <symbol id="sm-708">
         <name>__aeabi_memclr4</name>
         <value>0x1f5d</value>
         <object_component_ref idref="oc-82"/>
      </symbol>
      <symbol id="sm-709">
         <name>__aeabi_memclr</name>
         <value>0x1f5d</value>
         <object_component_ref idref="oc-82"/>
      </symbol>
      <symbol id="sm-713">
         <name>_system_pre_init</name>
         <value>0x2fc9</value>
         <object_component_ref idref="oc-8e"/>
      </symbol>
      <symbol id="sm-71b">
         <name>main_func_sp</name>
         <value>0x20005400</value>
         <object_component_ref idref="oc-a6"/>
      </symbol>
      <symbol id="sm-72e">
         <name>__aeabi_uidivmod</name>
         <value>0x2789</value>
         <object_component_ref idref="oc-426"/>
      </symbol>
      <symbol id="sm-72f">
         <name>__aeabi_uidiv</name>
         <value>0x2789</value>
         <object_component_ref idref="oc-426"/>
      </symbol>
      <symbol id="sm-748">
         <name>_nop</name>
         <value>0x2e73</value>
         <object_component_ref idref="oc-240"/>
      </symbol>
      <symbol id="sm-749">
         <name>_lock</name>
         <value>0x200053e8</value>
         <object_component_ref idref="oc-159"/>
      </symbol>
      <symbol id="sm-74a">
         <name>_unlock</name>
         <value>0x200053ec</value>
         <object_component_ref idref="oc-159"/>
      </symbol>
      <symbol id="sm-74b">
         <name>_register_lock</name>
         <value>0x2e6b</value>
         <object_component_ref idref="oc-240"/>
      </symbol>
      <symbol id="sm-74c">
         <name>_register_unlock</name>
         <value>0x2e65</value>
         <object_component_ref idref="oc-240"/>
      </symbol>
      <symbol id="sm-761">
         <name>_args_main</name>
         <value>0x2dd1</value>
         <object_component_ref idref="oc-9a"/>
      </symbol>
      <symbol id="sm-787">
         <name>__TI_auto_init</name>
         <value>0x21a1</value>
         <object_component_ref idref="oc-94"/>
      </symbol>
      <symbol id="sm-7a1">
         <name>copy_in</name>
         <value>0x25e1</value>
         <object_component_ref idref="oc-149"/>
      </symbol>
      <symbol id="sm-7ab">
         <name>__aeabi_idiv0</name>
         <value>0x1fd7</value>
         <object_component_ref idref="oc-498"/>
      </symbol>
      <symbol id="sm-7c1">
         <name>FPULazyStackingEnable</name>
         <value>0x2ec1</value>
         <object_component_ref idref="oc-363"/>
      </symbol>
      <symbol id="sm-7c2">
         <name>FPUEnable</name>
         <value>0x2eb1</value>
         <object_component_ref idref="oc-35d"/>
      </symbol>
      <symbol id="sm-824">
         <name>GPIOPinConfigure</name>
         <value>0x262d</value>
         <object_component_ref idref="oc-28f"/>
      </symbol>
      <symbol id="sm-825">
         <name>GPIOIntDisable</name>
         <value>0x2ef1</value>
         <object_component_ref idref="oc-375"/>
      </symbol>
      <symbol id="sm-826">
         <name>GPIOIntEnable</name>
         <value>0x2f29</value>
         <object_component_ref idref="oc-38d"/>
      </symbol>
      <symbol id="sm-827">
         <name>GPIOIntTypeSet</name>
         <value>0x244d</value>
         <object_component_ref idref="oc-381"/>
      </symbol>
      <symbol id="sm-828">
         <name>GPIOPinTypeGPIOInput</name>
         <value>0x2e8d</value>
         <object_component_ref idref="oc-37b"/>
      </symbol>
      <symbol id="sm-829">
         <name>GPIOPinTypeGPIOOutput</name>
         <value>0x2d59</value>
         <object_component_ref idref="oc-387"/>
      </symbol>
      <symbol id="sm-82a">
         <name>GPIOPinRead</name>
         <value>0x2f9b</value>
         <object_component_ref idref="oc-3ef"/>
      </symbol>
      <symbol id="sm-82b">
         <name>GPIODirModeSet</name>
         <value>0x2bf5</value>
         <object_component_ref idref="oc-44d"/>
      </symbol>
      <symbol id="sm-82c">
         <name>GPIOPinWrite</name>
         <value>0x2fa1</value>
         <object_component_ref idref="oc-11d"/>
      </symbol>
      <symbol id="sm-82d">
         <name>GPIOPadConfigSet</name>
         <value>0x10b5</value>
         <object_component_ref idref="oc-282"/>
      </symbol>
      <symbol id="sm-854">
         <name>IntEnable</name>
         <value>0x2279</value>
         <object_component_ref idref="oc-393"/>
      </symbol>
      <symbol id="sm-871">
         <name>SSIDMADisable</name>
         <value>0x2f71</value>
         <object_component_ref idref="oc-f8"/>
      </symbol>
      <symbol id="sm-872">
         <name>SSIIntClear</name>
         <value>0x2fc5</value>
         <object_component_ref idref="oc-271"/>
      </symbol>
      <symbol id="sm-873">
         <name>SSIBusy</name>
         <value>0x2f7b</value>
         <object_component_ref idref="oc-1a6"/>
      </symbol>
      <symbol id="sm-8e3">
         <name>SysCtlDelay</name>
         <value>0x2fad</value>
         <object_component_ref idref="oc-123"/>
      </symbol>
      <symbol id="sm-8e4">
         <name>SysCtlPeripheralEnable</name>
         <value>0x2965</value>
         <object_component_ref idref="oc-36f"/>
      </symbol>
      <symbol id="sm-8e5">
         <name>SysCtlClockFreqSet</name>
         <value>0x72d</value>
         <object_component_ref idref="oc-289"/>
      </symbol>
      <symbol id="sm-908">
         <name>SysTickEnable</name>
         <value>0x2e3d</value>
         <object_component_ref idref="oc-3e8"/>
      </symbol>
      <symbol id="sm-909">
         <name>SysTickIntEnable</name>
         <value>0x2e51</value>
         <object_component_ref idref="oc-3e2"/>
      </symbol>
      <symbol id="sm-90a">
         <name>SysTickPeriodSet</name>
         <value>0x2ee1</value>
         <object_component_ref idref="oc-3dc"/>
      </symbol>
      <symbol id="sm-91f">
         <name>UARTClockSourceSet</name>
         <value>0x2fb3</value>
         <object_component_ref idref="oc-3b4"/>
      </symbol>
      <symbol id="sm-920">
         <name>UARTFIFOLevelSet</name>
         <value>0x2fb9</value>
         <object_component_ref idref="oc-3ae"/>
      </symbol>
      <symbol id="sm-922">
         <name>__TI_static_base__</name>
         <value>0x0</value>
      </symbol>
      <symbol id="sm-925">
         <name>SHT$$INIT_ARRAY$$Limit</name>
         <value>0x0</value>
      </symbol>
      <symbol id="sm-926">
         <name>SHT$$INIT_ARRAY$$Base</name>
         <value>0x0</value>
      </symbol>
   </symbol_table>
   <title>Link successful</title>
</link_info>
