******************************************************************************
                  TI ARM Linker PC v15.9.0                     
******************************************************************************
>> Linked Thu Nov 19 22:51:53 2015

OUTPUT FILE NAME:   <cc3000_basic_wifi_application.out>
ENTRY POINT SYMBOL: "_c_int00"  address: 000037b5


MEMORY CONFIGURATION

         name            origin    length      used     unused   attr    fill
----------------------  --------  ---------  --------  --------  ----  --------
  FLASH                 00000000   00100000  00004d24  000fb2dc  R  X
  SRAM                  20000000   00040000  00005604  0003a9fc  RW X


SEGMENT ALLOCATION MAP

run origin  load origin   length   init length attrs members
----------  ----------- ---------- ----------- ----- -------
00000000    00000000    00004d28   00004d28    r-x
  00000000    00000000    00000200   00000200    r-- .intvecs
  00000200    00000200    00004784   00004784    r-x .text
  00004984    00004984    00000340   00000340    r-- .const
  00004cc8    00004cc8    00000060   00000060    r-- .cinit
20000000    20000000    00005604   00000000    rw-
  20000000    20000000    00004000   00000000    rw- .stack
  20004000    20004000    00001460   00000000    rw- .bss
  20005460    20005460    000001a4   00000000    rw- .data


SECTION ALLOCATION MAP

 output                                  attributes/
section   page    origin      length       input sections
--------  ----  ----------  ----------   ----------------
.intvecs   0    00000000    00000200     
                  00000000    00000200     startup_ccs.obj (.intvecs)

.text      0    00000200    00004784     
                  00000200    00000448     usbhostenum.obj (.text:USBHostIntHandlerInternal)
                  00000648    00000204     sysctl.obj (.text:SysCtlClockFreqSet)
                  0000084c    000001c0     usbhostenum.obj (.text:USBHCDPipeAllocSize)
                  00000a0c    000001b0     evnt_handler.obj (.text:hci_unsol_event_handler)
                  00000bbc    000001a0     usbhostenum.obj (.text:ProcessUSBDeviceStateMachine)
                  00000d5c    0000017c     usbhostenum.obj (.text:USBHCDInitInternal)
                  00000ed8    00000174     usbhhub.obj (.text:USBHHubMain)
                  0000104c    00000160     uartstdio.obj (.text:UARTStdioIntHandler)
                  000011ac    00000160     usbdma.obj (.text:USBLibDMAInit)
                  0000130c    00000148     cc3000_basic_wifi_application.obj (.text:UARTIntHandler)
                  00001454    00000132     gpio.obj (.text:GPIOPadConfigSet)
                  00001586    00000002     startup_ccs.obj (.text:FaultISR)
                  00001588    0000012c     usbhostenum.obj (.text:USBHCDEnumHandler)
                  000016b4    0000010c     usbhostenum.obj (.text:USBHCDControlTransfer)
                  000017c0    00000108     usbdma.obj (.text:iDMAUSBTransfer)
                  000018c8    00000100     usbhostenum.obj (.text:USBHCDInit)
                  000019c8    000000f8     uvc.obj (.text:uvc_probe_set_cur_10)
                  00001ac0    000000f4     usbhostenum.obj (.text:USBHCDPipeSchedule)
                  00001bb4    000000f0     usbhostenum.obj (.text:USBHCDMain)
                  00001ca4    000000f0     uvc.obj (.text:uvc_probe_set_cur_15)
                  00001d94    000000e0     usbdma.obj (.text:uDMAUSBChannelAllocate)
                  00001e74    000000d8     usbhostenum.obj (.text:USBHCDPipeConfig)
                  00001f4c    000000cc     usbdma.obj (.text:uDMAUSBTransfer)
                  00002018    000000c8     usb.obj (.text:USBHostEndpointConfig)
                  000020e0    000000bc     cc3000_basic_wifi_application.obj (.text:main)
                  0000219c    000000b8     spi-tm4c129.obj (.text:SpiIntHandler)
                  00002254    000000a8     uartstdio.obj (.text:UARTwrite)
                  000022fc    000000a8     uvc.obj (.text:uvc_open)
                  000023a4    000000a4     uvc.obj (.text:uvc_parse_cs_vs_input_header)
                  00002448    000000a0     usbhostenum.obj (.text:USBHCDDeviceDisconnected)
                  000024e8    000000a0     cc3000_basic_wifi_application.obj (.text:configure_pins)
                  00002588    0000009c     rtsv7M4_T_le_v4SPD16_eabi.lib : memcpy_t2.obj (.text)
                  00002624    0000009c     uvc.obj (.text:uvc_parse_csvcid)
                  000026c0    00000090     usbhostenum.obj (.text:USBHCDOpenDriver)
                  00002750    0000008c     usbhostenum.obj (.text:FIFOAlloc)
                  000027dc    0000008c     spi-tm4c129.obj (.text:SpiReadDataCont)
                  00002868    0000008c     uartstdio.obj (.text:UARTPrimeTransmit)
                  000028f4    0000008c     uvc.obj (.text:uvc_parse_all_config)
                  00002980    00000084     usbdma.obj (.text:iDMAUSBChannelAllocate)
                  00002a04    00000080     spi-tm4c129.obj (.text:SpiReadData)
                  00002a84    00000080     usbdma.obj (.text:uDMAUSBChannelEnable)
                  00002b04    00000080     usbdma.obj (.text:uDMAUSBUnitSizeSet)
                  00002b84    00000080     uvc.obj (.text:uvc_get_config)
                  00002c04    0000007a     rtsv7M4_T_le_v4SPD16_eabi.lib : memset_t2.obj (.text)
                  00002c7e    00000002     startup_ccs.obj (.text:IntDefaultHandler)
                  00002c80    00000078     spi-tm4c129.obj (.text:SpiWriteAsync)
                  00002cf8    00000078     usbdma.obj (.text:uDMAUSBArbSizeSet)
                  00002d70    00000078     uvc.obj (.text:uvc_parse_camera_terminal)
                  00002de8    00000074     usbhostenum.obj (.text:USBHCDGetConfigDescriptor)
                  00002e5c    00000070     uvc.obj (.text:uvc_pipe_cb)
                  00002ecc    0000006c     usbmode.obj (.text:USBOTGSetMode)
                  00002f38    0000006c     rtsv7M4_T_le_v4SPD16_eabi.lib : autoinit.obj (.text)
                  00002fa4    0000006a                                   : copy_decompress_rle.obj (.text)
                  0000300e    00000002     startup_ccs.obj (.text:NmiSR)
                  00003010    00000068     interrupt.obj (.text:IntDisable)
                  00003078    00000068     interrupt.obj (.text:IntEnable)
                  000030e0    00000068     usbhostenum.obj (.text:USBHCDEP0StateTx)
                  00003148    00000064     interrupt.obj (.text:IntIsEnabled)
                  000031ac    00000064     usbhostenum.obj (.text:USBHostCheckPipes)
                  00003210    00000064     usbdma.obj (.text:uDMAUSBChannelRelease)
                  00003274    00000064     uvc.obj (.text:uvc_parse_encoding_unit)
                  000032d8    00000060     uvc.obj (.text:uvc_parse_output_terminal)
                  00003338    00000060     uvc.obj (.text:uvc_parse_processing_unit)
                  00003398    0000005c     usbhostenum.obj (.text:ConfigDescAlloc)
                  000033f4    0000005c     usbhostenum.obj (.text:USBHCDGetDeviceDescriptor)
                  00003450    0000005c     usbdma.obj (.text:iDMAUSBChannelEnable)
                  000034ac    00000058     spi-tm4c129.obj (.text:IntSpiGPIOHandler)
                  00003504    00000058     cc3000_basic_wifi_application.obj (.text:USBHCDEvents)
                  0000355c    00000058     usbhostenum.obj (.text:USBHCDHubDeviceConnected)
                  000035b4    00000058     usbhostenum.obj (.text:USBHCDPowerConfigSet)
                  0000360c    00000058     usbdma.obj (.text:uDMAUSBChannelDisable)
                  00003664    00000058     uvc.obj (.text:uvc_parse_streaming_endpoint)
                  000036bc    00000054     usbhostenum.obj (.text:USBHCDSetAddress)
                  00003710    00000052     usbulpi.obj (.text:ULPIConfigSet)
                  00003762    00000050     usbhhub.obj (.text:HubGetPortStatus)
                  000037b2    00000002     usbdma.obj (.text:iDMAUSBArbSizeSet)
                  000037b4    00000050     rtsv7M4_T_le_v4SPD16_eabi.lib : boot.obj (.text)
                  00003804    0000004c     gpio.obj (.text:GPIOPinConfigure)
                  00003850    0000004c     usbhhub.obj (.text:HubDriverDeviceDisconnect)
                  0000389c    0000004c     usb.obj (.text:USBEndpointDMAConfigSet)
                  000038e8    0000004c     usbhostenum.obj (.text:USBHCDReset)
                  00003934    0000004c     rtsv7M4_T_le_v4SPD16_eabi.lib : cpy_tbl.obj (.text)
                  00003980    00000048     spi-tm4c129.obj (.text:SpiTriggerRxProcessing)
                  000039c8    00000048     sysctl.obj (.text:_SysCtlFrequencyGet)
                  00003a10    00000048     uvc.obj (.text:uvc_parse_uncomp_format_desc)
                  00003a58    00000046     usb.obj (.text:USBEndpointDataGet)
                  00003a9e    00000046     uvc.obj (.text:uvc_parse_control)
                  00003ae4    00000044     cc3000_basic_wifi_application.obj (.text:KIntHandler)
                  00003b28    00000044     usbhhub.obj (.text:USBHHubInit)
                  00003b6c    00000044     rtsv7M4_T_le_v4SPD16_eabi.lib : exit.obj (.text)
                  00003bb0    00000042     uvc.obj (.text:uvc_parse_streaming)
                  00003bf2    00000002     usbdma.obj (.text:iDMAUSBUnitSizeSet)
                  00003bf4    00000040     usbdma.obj (.text:uDMAUSBIntStatus)
                  00003c34    00000040     uvc.obj (.text:uvc_parse_vsid)
                  00003c74    0000003c     usbhhub.obj (.text:HubDriverReset)
                  00003cb0    0000003c     spi-tm4c129.obj (.text:SpiEnableSSIDMAChannels)
                  00003cec    0000003c     usbdma.obj (.text:iDMAUSBChannelRelease)
                  00003d28    0000003c     uvc.obj (.text:uvc_parse_iad)
                  00003d64    0000003c     uvc.obj (.text:uvc_parse_vcid)
                  00003da0    00000038     usbtick.obj (.text:InternalUSBStartOfFrameTick)
                  00003dd8    00000038     evnt_handler.obj (.text:hci_event_unsol_flowcontrol_handler)
                  00003e10    00000036     usbhhub.obj (.text:HubClearPortFeature)
                  00003e46    00000036     usbhhub.obj (.text:HubSetPortFeature)
                  00003e7c    00000034     sysctl.obj (.text:SysCtlPeripheralEnable)
                  00003eb0    00000034     usbhostenum.obj (.text:USBHCDSetConfig)
                  00003ee4    00000034     usb.obj (.text:USBHostEndpointStatusClear)
                  00003f18    00000034     usbmode.obj (.text:USBOTGRemovePower)
                  00003f4c    00000034     usbdma.obj (.text:iDMAUSBChannelStatus)
                  00003f80    00000032     usbdma.obj (.text:iDMAUSBChannelDisable)
                  00003fb2    00000030     usbdma.obj (.text:DMAUSBIntHandler)
                  00003fe2    00000002     usbdma.obj (.text:uDMAUSBChannelIntDisable)
                  00003fe4    00000030     usbtick.obj (.text:InternalUSBTickInit)
                  00004014    00000030     spi-tm4c129.obj (.text:SpiDisableInterrupts)
                  00004044    00000030     spi-tm4c129.obj (.text:SpiDisableSSIDMAChannels)
                  00004074    00000030     spi-tm4c129.obj (.text:SpiResumeSpi)
                  000040a4    00000030     usbhostenum.obj (.text:USBHCDDevClass)
                  000040d4    00000030     usbhostenum.obj (.text:USBHCDSetInterface)
                  00004104    00000030     usb.obj (.text:USBHostHubAddrSet)
                  00004134    0000002c     usbhostenum.obj (.text:ConfigDescFree)
                  00004160    0000002c     usbhostenum.obj (.text:InternalUSBHCDSendEvent)
                  0000418c    0000002c     spi-tm4c129.obj (.text:SpiCleanGPIOISR)
                  000041b8    0000002c     spi-tm4c129.obj (.text:SpiFlushRxFifo)
                  000041e4    0000002c     usbdesc.obj (.text:USBDescGet)
                  00004210    0000002c     usbdesc.obj (.text:USBDescGetAlternateInterface)
                  0000423c    0000002c     evnt_handler.obj (.text:hci_unsolicited_event_handler)
                  00004268    0000002a     gpio.obj (.text:GPIODirModeSet)
                  00004292    00000002     usbdma.obj (.text:uDMAUSBChannelIntEnable)
                  00004294    00000028     usbhostenum.obj (.text:USBHCDPipeDataAck)
                  000042bc    00000028     evnt_handler.obj (.text:set_socket_active_status)
                  000042e4    00000026     usb.obj (.text:USBHostSpeedGet)
                  0000430a    00000024     usb.obj (.text:USBEndpointDataToggleClear)
                  0000432e    00000002     uvc.obj (.text:uvc_parsing_fault)
                  00004330    00000024     usbmode.obj (.text:USBStackModeSet)
                  00004354    00000024     evnt_handler.obj (.text:update_socket_active_status)
                  00004378    00000024     uvc.obj (.text:uvc_parse_input_terminal)
                  0000439c    00000022     usbdma.obj (.text:uDMAUSBChannelStatus)
                  000043be    00000002     --HOLE-- [fill = 0]
                  000043c0    00000020     usbhhub.obj (.text:HubDriverDeviceConnect)
                  000043e0    00000020     usbhhub.obj (.text:HubDriverDeviceReset)
                  00004400    00000020     usbhostenum.obj (.text:USB0HostIntHandler)
                  00004420    00000020     usb.obj (.text:USBHostEndpointDataAck)
                  00004440    00000020     sysctl.obj (.text:_SysCtlMemTimingGet)
                  00004460    0000001e     usbdesc.obj (.text:USBDescGetInterface)
                  0000447e    0000001e     usb.obj (.text:USBULPIRegRead)
                  0000449c    0000001e     usb.obj (.text:USBULPIRegWrite)
                  000044ba    00000002     --HOLE-- [fill = 0]
                  000044bc    0000001c     usbmode.obj (.text:OTGDeviceDisconnect)
                  000044d8    0000001c     board.obj (.text:SysTickHandler)
                  000044f4    0000001c     usb.obj (.text:USBEndpointDataAvail)
                  00004510    0000001c     uvc.obj (.text:uvc_set_iface)
                  0000452c    0000001a     cc3000_common.obj (.text:STREAM_TO_UINT32_f)
                  00004546    0000001a     usb.obj (.text:USBOTGSessionRequest)
                  00004560    0000001a     uvc.obj (.text:uvc_parse_mjpeg_frame_desc)
                  0000457a    00000018     gpio.obj (.text:GPIOPinTypeGPIOOutput)
                  00004592    00000018     uartstdio.obj (.text:IsBufferFull)
                  000045aa    00000002     --HOLE-- [fill = 0]
                  000045ac    00000018     usbhhub.obj (.text:USBHHubEnumerationComplete)
                  000045c4    00000018     usbhhub.obj (.text:USBHHubEnumerationError)
                  000045dc    00000018     rtsv7M4_T_le_v4SPD16_eabi.lib : args_main.obj (.text)
                  000045f4    00000018     uvc.obj (.text:uvc_main)
                  0000460c    00000018     uvc.obj (.text:uvc_probe_set_cur)
                  00004624    00000016     usbdesc.obj (.text:USBDescGetInterfaceEndpoint)
                  0000463a    00000014     spi-tm4c129.obj (.text:SpiContReadOperation)
                  0000464e    00000002     --HOLE-- [fill = 0]
                  00004650    00000014     spi-tm4c129.obj (.text:SpiReadHeader)
                  00004664    00000014     sysctl.obj (.text:SysCtlUSBPLLEnable)
                  00004678    00000014     systick.obj (.text:SysTickEnable)
                  0000468c    00000014     systick.obj (.text:SysTickIntEnable)
                  000046a0    00000014     usb.obj (.text:USBDMAChannelConfigSet)
                  000046b4    00000014     usbhostenum.obj (.text:USBHCDPipeTransferSizeGet)
                  000046c8    00000014     usbhostenum.obj (.text:USBHCDPowerAutomatic)
                  000046dc    00000014     usbhhub.obj (.text:USBHubPortSpeedSet)
                  000046f0    00000014     rtsv7M4_T_le_v4SPD16_eabi.lib : _lock.obj (.text)
                  00004704    00000012     gpio.obj (.text:GPIOPinTypeGPIOInput)
                  00004716    00000012     gpio.obj (.text:GPIOPinTypeUSBAnalog)
                  00004728    00000012     gpio.obj (.text:GPIOPinTypeUSBDigital)
                  0000473a    00000012     usbhostenum.obj (.text:SendUnknownConnect)
                  0000474c    00000012     usb.obj (.text:USBDMAChannelDisable)
                  0000475e    00000012     usb.obj (.text:USBDMAChannelEnable)
                  00004770    00000012     usb.obj (.text:USBDMAChannelIntDisable)
                  00004782    00000012     usb.obj (.text:USBDMAChannelIntEnable)
                  00004794    00000012     usb.obj (.text:USBHostLPMConfig)
                  000047a6    00000002     --HOLE-- [fill = 0]
                  000047a8    00000010     systick.obj (.text:SysTickPeriodSet)
                  000047b8    00000010     usbhostenum.obj (.text:USBHCDRegisterDrivers)
                  000047c8    00000010     udma.obj (.text:uDMAEnable)
                  000047d8    00000010     uvc.obj (.text:uvc_close)
                  000047e8    0000000e     usbdma.obj (.text:DMAUSBIntStatusClear)
                  000047f6    0000000e     usbhostenum.obj (.text:HCDInstanceToDevIndex)
                  00004804    0000000e     uartstdio.obj (.text:IsBufferEmpty)
                  00004812    0000000e     cc3000_common.obj (.text:STREAM_TO_UINT16_f)
                  00004820    0000000e     usb.obj (.text:USBDMAChannelStatus)
                  0000482e    0000000e     usb.obj (.text:USBULPIDisable)
                  0000483c    0000000e     usb.obj (.text:USBULPIEnable)
                  0000484a    0000000e     rtsv7M4_T_le_v4SPD16_eabi.lib : copy_decompress_none.obj (.text:decompress:none)
                  00004858    0000000e     uvc.obj (.text:uvc_parse_ctrl_endpoint)
                  00004866    0000000c     usb.obj (.text:USBEndpointPacketCountSet)
                  00004872    00000002     --HOLE-- [fill = 0]
                  00004874    0000000c     usbhostenum.obj (.text:USBHCDHubDeviceDisconnected)
                  00004880    0000000c     usbhostenum.obj (.text:USBHCDPipeAlloc)
                  0000488c    0000000c     usbhostenum.obj (.text:USBHCDPowerConfigInit)
                  00004898    0000000c     usb.obj (.text:USBLPMIntEnable)
                  000048a4    0000000c     rtsv7M4_T_le_v4SPD16_eabi.lib : copy_zero_init.obj (.text:decompress:ZI)
                  000048b0    0000000c     udma.obj (.text:uDMAControlBaseSet)
                  000048bc    0000000a     ssi.obj (.text:SSIDMADisable)
                  000048c6    0000000a     usb.obj (.text:USBClockEnable)
                  000048d0    0000000a     usb.obj (.text:USBControllerVersion)
                  000048da    0000000a     usb.obj (.text:USBDMAChannelAddressSet)
                  000048e4    0000000a     usb.obj (.text:USBDMAChannelCountSet)
                  000048ee    0000000a     usb.obj (.text:USBHostSuspend)
                  000048f8    0000000a     usbdma.obj (.text:USBLibDMAAddrGet)
                  00004902    0000000a     usb.obj (.text:USBNumEndpointsGet)
                  0000490c    0000000a     uvc.obj (.text:uvc_parse_mjpeg_format_desc)
                  00004916    00000008     ssi.obj (.text:SSIBusy)
                  0000491e    00000008     usb.obj (.text:USBFIFOAddrGet)
                  00004926    00000008     usb.obj (.text:USBOTGMode)
                  0000492e    00000008     usbdma.obj (.text:iDMAUSBChannelIntDisable)
                  00004936    00000008     usbdma.obj (.text:iDMAUSBChannelIntEnable)
                  0000493e    00000006     gpio.obj (.text:GPIOPinWrite)
                  00004944    00000006     startup_ccs.obj (.text:ResetISR)
                  0000494a    00000006     sysctl.obj (.text:SysCtlDelay)
                  00004950    00000006     usb.obj (.text:USBDMAChannelIntStatus)
                  00004956    00000006     usb.obj (.text:USBLPMIntStatus)
                  0000495c    00000006     rtsv7M4_T_le_v4SPD16_eabi.lib : copy_decompress_rle.obj (.text:decompress:rle24)
                  00004962    00000006     usbdma.obj (.text:iDMAUSBIntStatus)
                  00004968    00000004     usbdma.obj (.text:DMAUSBStatus)
                  0000496c    00000004     ssi.obj (.text:SSIIntClear)
                  00004970    00000004     rtsv7M4_T_le_v4SPD16_eabi.lib : pre_init.obj (.text)
                  00004974    00000004     uvc.obj (.text:uvc_parse_extension_unit)
                  00004978    00000004     uvc.obj (.text:uvc_parse_h264_format_desc)
                  0000497c    00000004     uvc.obj (.text:uvc_parse_h264_frame_desc)
                  00004980    00000004     uvc.obj (.text:uvc_parse_selector_unit)

.const     0    00004984    00000340     
                  00004984    00000120     sysctl.obj (.const:g_pppui32XTALtoVCO)
                  00004aa4    00000090     gpio.obj (.const:g_pui32GPIOBaseAddrs)
                  00004b34    00000070     interrupt.obj (.const)
                  00004ba4    0000006c     sysctl.obj (.const:g_pui32Xtals)
                  00004c10    00000030     sysctl.obj (.const:g_sXTALtoMEMTIM)
                  00004c40    00000028     uartstdio.obj (.const)
                  00004c68    00000021     uvc.obj (.const)
                  00004c89    00000003     --HOLE-- [fill = 0]
                  00004c8c    0000001c     cc3000_basic_wifi_application.obj (.const)
                  00004ca8    00000012     uartstdio.obj (.const:.string)
                  00004cba    00000002     --HOLE-- [fill = 0]
                  00004cbc    00000008     sysctl.obj (.const)

.cinit     0    00004cc8    00000060     
                  00004cc8    00000037     (.cinit..data.load) [load image, compression = rle]
                  00004cff    00000001     --HOLE-- [fill = 0]
                  00004d00    0000000c     (__TI_handler_table)
                  00004d0c    00000004     --HOLE-- [fill = 0]
                  00004d10    00000008     (.cinit..bss.load) [load image, compression = zero_init]
                  00004d18    00000010     (__TI_cinit_table)

.init_array 
*          0    00000000    00000000     UNINITIALIZED

.stack     0    20000000    00004000     UNINITIALIZED
                  20000000    00004000     --HOLE--

.bss       0    20004000    00001460     UNINITIALIZED
                  20004000    000006cc     usbhostenum.obj (.bss:g_sUSBHCD)
                  200046cc    00000400     cc3000_basic_wifi_application.obj (.bss:MEM_POOL)
                  20004acc    00000400     uartstdio.obj (.bss:g_pcUARTTxBuffer)
                  20004ecc    00000110     usbdma.obj (.bss:g_psUSBDMAInst)
                  20004fdc    00000100     uvc.obj (.bss:cam_stream_buf)
                  200050dc    0000009c     usbhhub.obj (.bss:g_sRootHub)
                  20005178    00000080     uartstdio.obj (.bss:g_pcUARTRxBuffer)
                  200051f8    00000064     cc3000_basic_wifi_application.obj (.bss:GPS)
                  2000525c    00000050     spi-tm4c129.obj (.bss:sSpiInformation)
                  200052ac    00000044     wlan.obj (.bss:tSLInformation)
                  200052f0    00000040     uvc.obj (.bss:int_stream_buf)
                  20005330    00000018     (.common:g_pfnTickHandlers)
                  20005348    00000018     (.common:g_pi32USBHActiveDriver)
                  20005360    00000018     (.common:g_ppvDriverInstance)
                  20005378    00000018     (.common:g_pvTickInstance)
                  20005390    00000008     (.common:g_pui32Alloc)
                  20005398    00000004     (.common:GPSSize)
                  2000539c    00000004     (.common:g_pfnUSBModeCallback)
                  200053a0    00000004     (.common:g_ui32ChangeFlags)
                  200053a4    00000004     (.common:g_ui32HubChanges)
                  200053a8    00000004     (.common:g_ui32PollRate)
                  200053ac    00000004     (.common:g_ui32PortNum)
                  200053b0    00000004     (.common:g_ui32SysClock)
                  200053b4    00000004     (.common:g_ui32ULPISupport)
                  200053b8    00000004     (.common:gpsFound)
                  200053bc    00000004     (.common:i)
                  200053c0    00000004     (.common:msp430Trigger)
                  200053c4    00000001     (.common:CAMERA_STATE)
                  200053c5    00000001     (.common:g_bDisableEcho)
                  200053c6    00000001     (.common:g_eOTGModeState)
                  200053c7    00000039     --HOLE--
                  20005400    00000060     cc3000_basic_wifi_application.obj (.bss:g_sDMAControlTable)

.TI.noinit 
*          0    20004000    00000000     UNINITIALIZED

.data      0    20005460    000001a4     UNINITIALIZED
                  20005460    00000120     uvc.obj (.data:cam_inst)
                  20005580    0000002c     usbhostenum.obj (.data)
                  200055ac    00000015     uartstdio.obj (.data)
                  200055c1    0000000c     spi-tm4c129.obj (.data)
                  200055cd    00000003     --HOLE--
                  200055d0    0000000c     usbtick.obj (.data)
                  200055dc    00000009     usbmode.obj (.data)
                  200055e5    00000003     --HOLE--
                  200055e8    00000008     rtsv7M4_T_le_v4SPD16_eabi.lib : _lock.obj (.data)
                  200055f0    00000008                                   : exit.obj (.data)
                  200055f8    00000004     board.obj (.data)
                  200055fc    00000004     evnt_handler.obj (.data)
                  20005600    00000004     rtsv7M4_T_le_v4SPD16_eabi.lib : stkdepth_vars.obj (.data)

.TI.persistent 
*          0    20005460    00000000     UNINITIALIZED

MODULE SUMMARY

       Module                              code    ro data   rw data
       ------                              ----    -------   -------
    .\
       uvc.obj                             2444    33        608    
       cc3000_basic_wifi_application.obj   832     28        1237   
       startup_ccs.obj                     12      512       0      
    +--+-----------------------------------+-------+---------+---------+
       Total:                              3288    573       1845   
                                                                    
    .\cc3000\drivers\ek-tm4c129\
       board.obj                           28      0         8      
    +--+-----------------------------------+-------+---------+---------+
       Total:                              28      0         8      
                                                                    
    .\cc3000\src\host_driver\core_driver\
       evnt_handler.obj                    608     0         4      
       wlan.obj                            0       0         68     
       cc3000_common.obj                   40      0         0      
    +--+-----------------------------------+-------+---------+---------+
       Total:                              648     0         72     
                                                                    
    .\cc3000\src\spi\
       spi-tm4c129.obj                     1064    0         92     
    +--+-----------------------------------+-------+---------+---------+
       Total:                              1064    0         92     
                                                                    
    .\driverlib\
       sysctl.obj                          698     452       0      
       usb.obj                             930     0         0      
       gpio.obj                            508     144       0      
       interrupt.obj                       308     112       0      
       systick.obj                         56      0         0      
       udma.obj                            28      0         0      
       ssi.obj                             22      0         0      
    +--+-----------------------------------+-------+---------+---------+
       Total:                              2550    708       0      
                                                                    
    .\usblib\
       usbdma.obj                          2198    0         272    
       usbmode.obj                         224     0         18     
       usbtick.obj                         104     0         60     
       usbdesc.obj                         140     0         0      
       usbulpi.obj                         82      0         0      
    +--+-----------------------------------+-------+---------+---------+
       Total:                              2748    0         350    
                                                                    
    .\usblib\host\
       usbhostenum.obj                     5580    0         1844   
       usbhhub.obj                         896     0         164    
    +--+-----------------------------------+-------+---------+---------+
       Total:                              6476    0         2008   
                                                                    
    .\utils\
       uartstdio.obj                       698     58        1178   
    +--+-----------------------------------+-------+---------+---------+
       Total:                              698     58        1178   
                                                                    
    C:\ti\ccsv6\tools\compiler\ti-cgt-arm_15.9.0.STS\lib\rtsv7M4_T_le_v4SPD16_eabi.lib
       memcpy_t2.obj                       156     0         0      
       memset_t2.obj                       122     0         0      
       copy_decompress_rle.obj             112     0         0      
       autoinit.obj                        108     0         0      
       boot.obj                            80      0         0      
       cpy_tbl.obj                         76      0         0      
       exit.obj                            68      0         8      
       _lock.obj                           20      0         8      
       args_main.obj                       24      0         0      
       copy_decompress_none.obj            14      0         0      
       copy_zero_init.obj                  12      0         0      
       pre_init.obj                        4       0         0      
       stkdepth_vars.obj                   0       0         4      
    +--+-----------------------------------+-------+---------+---------+
       Total:                              796     0         20     
                                                                    
       Stack:                              0       0         16384  
       Linker Generated:                   0       91        0      
    +--+-----------------------------------+-------+---------+---------+
       Grand Total:                        18296   1430      21957  


LINKER GENERATED COPY TABLES

__TI_cinit_table @ 00004d18 records: 2, size/record: 8, table size: 16
	.data: load addr=00004cc8, load size=00000037 bytes, run addr=20005460, run size=000001a4 bytes, compression=rle
	.bss: load addr=00004d10, load size=00000008 bytes, run addr=20004000, run size=00001460 bytes, compression=zero_init


LINKER GENERATED HANDLER TABLE

__TI_handler_table @ 00004d00 records: 3, size/record: 4, table size: 12
	index: 0, handler: __TI_decompress_rle24
	index: 1, handler: __TI_decompress_none
	index: 2, handler: __TI_zero_init


GLOBAL SYMBOLS: SORTED ALPHABETICALLY BY Name 

address   name                         
-------   ----                         
00003b6d  C$$EXIT                      
200053c4  CAMERA_STATE                 
00003399  ConfigDescAlloc              
00004135  ConfigDescFree               
00004269  GPIODirModeSet               
00001455  GPIOPadConfigSet             
00003805  GPIOPinConfigure             
00004705  GPIOPinTypeGPIOInput         
0000457b  GPIOPinTypeGPIOOutput        
00004717  GPIOPinTypeUSBAnalog         
00004729  GPIOPinTypeUSBDigital        
0000493f  GPIOPinWrite                 
200051f8  GPS                          
20005398  GPSSize                      
00003011  IntDisable                   
00003079  IntEnable                    
00003149  IntIsEnabled                 
000034ad  IntSpiGPIOHandler            
00004161  InternalUSBHCDSendEvent      
00003da1  InternalUSBStartOfFrameTick  
00003fe5  InternalUSBTickInit          
00003ae5  KIntHandler                  
200046cc  MEM_POOL                     
000044bd  OTGDeviceDisconnect          
00004945  ResetISR                     
UNDEFED   SHT$$INIT_ARRAY$$Base        
UNDEFED   SHT$$INIT_ARRAY$$Limit       
00004917  SSIBusy                      
000048bd  SSIDMADisable                
0000496d  SSIIntClear                  
00004813  STREAM_TO_UINT16_f           
0000452d  STREAM_TO_UINT32_f           
0000418d  SpiCleanGPIOISR              
0000219d  SpiIntHandler                
000027dd  SpiReadDataCont              
00004075  SpiResumeSpi                 
00003981  SpiTriggerRxProcessing       
00000649  SysCtlClockFreqSet           
0000494b  SysCtlDelay                  
00003e7d  SysCtlPeripheralEnable       
00004665  SysCtlUSBPLLEnable           
00004679  SysTickEnable                
000044d9  SysTickHandler               
0000468d  SysTickIntEnable             
000047a9  SysTickPeriodSet             
0000130d  UARTIntHandler               
0000104d  UARTStdioIntHandler          
00002255  UARTwrite                    
00003711  ULPIConfigSet                
00004401  USB0HostIntHandler           
000048c7  USBClockEnable               
000048d1  USBControllerVersion         
000048db  USBDMAChannelAddressSet      
000046a1  USBDMAChannelConfigSet       
000048e5  USBDMAChannelCountSet        
0000474d  USBDMAChannelDisable         
0000475f  USBDMAChannelEnable          
00004771  USBDMAChannelIntDisable      
00004783  USBDMAChannelIntEnable       
00004951  USBDMAChannelIntStatus       
00004821  USBDMAChannelStatus          
000041e5  USBDescGet                   
00004461  USBDescGetInterface          
00004625  USBDescGetInterfaceEndpoint  
0000389d  USBEndpointDMAConfigSet      
000044f5  USBEndpointDataAvail         
00003a59  USBEndpointDataGet           
0000430b  USBEndpointDataToggleClear   
00004867  USBEndpointPacketCountSet    
0000491f  USBFIFOAddrGet               
000016b5  USBHCDControlTransfer        
000040a5  USBHCDDevClass               
00003505  USBHCDEvents                 
0000355d  USBHCDHubDeviceConnected     
00004875  USBHCDHubDeviceDisconnected  
000018c9  USBHCDInit                   
00001bb5  USBHCDMain                   
00004881  USBHCDPipeAlloc              
0000084d  USBHCDPipeAllocSize          
00001e75  USBHCDPipeConfig             
00004295  USBHCDPipeDataAck            
00001ac1  USBHCDPipeSchedule           
000046b5  USBHCDPipeTransferSizeGet    
000046c9  USBHCDPowerAutomatic         
0000488d  USBHCDPowerConfigInit        
000035b5  USBHCDPowerConfigSet         
000047b9  USBHCDRegisterDrivers        
000038e9  USBHCDReset                  
000036bd  USBHCDSetAddress             
00003eb1  USBHCDSetConfig              
000040d5  USBHCDSetInterface           
000045ad  USBHHubEnumerationComplete   
000045c5  USBHHubEnumerationError      
00003b29  USBHHubInit                  
00000ed9  USBHHubMain                  
000031ad  USBHostCheckPipes            
00002019  USBHostEndpointConfig        
00004421  USBHostEndpointDataAck       
00003ee5  USBHostEndpointStatusClear   
00004105  USBHostHubAddrSet            
00000201  USBHostIntHandlerInternal    
00004795  USBHostLPMConfig             
000042e5  USBHostSpeedGet              
000048ef  USBHostSuspend               
00004899  USBLPMIntEnable              
00004957  USBLPMIntStatus              
000048f9  USBLibDMAAddrGet             
000011ad  USBLibDMAInit                
00004903  USBNumEndpointsGet           
00004927  USBOTGMode                   
00004547  USBOTGSessionRequest         
00004331  USBStackModeSet              
0000482f  USBULPIDisable               
0000483d  USBULPIEnable                
0000447f  USBULPIRegRead               
0000449d  USBULPIRegWrite              
20004000  __STACK_END                  
00004000  __STACK_SIZE                 
20004000  __STACK_TOP                  
00004d18  __TI_CINIT_Base              
00004d28  __TI_CINIT_Limit             
00004d00  __TI_Handler_Table_Base      
00004d0c  __TI_Handler_Table_Limit     
00002f39  __TI_auto_init               
200055f0  __TI_cleanup_ptr             
0000484b  __TI_decompress_none         
0000495d  __TI_decompress_rle24        
200055f4  __TI_dtors_ptr               
00000000  __TI_static_base__           
000048a5  __TI_zero_init               
00002c05  __aeabi_memclr               
00002c05  __aeabi_memclr4              
00002c05  __aeabi_memclr8              
00002589  __aeabi_memcpy               
00002589  __aeabi_memcpy4              
00002589  __aeabi_memcpy8              
00002c07  __aeabi_memset               
00002c07  __aeabi_memset4              
00002c07  __aeabi_memset8              
ffffffff  __binit__                    
ffffffff  __c_args__                   
20000000  __stack                      
000045dd  _args_main                   
000037b5  _c_int00                     
200055e8  _lock                        
000046ff  _nop                         
000046f7  _register_lock               
000046f1  _register_unlock             
00004971  _system_pre_init             
200055ec  _unlock                      
00003b71  abort                        
ffffffff  binit                        
20004fdc  cam_stream_buf               
000024e9  configure_pins               
00003935  copy_in                      
00003b79  exit                         
200055d0  g_bUSBTimerInitialized       
200053c6  g_eOTGModeState              
200055dc  g_iUSBMode                   
20005330  g_pfnTickHandlers            
00000000  g_pfnVectors                 
200055c1  g_pui8Dummy                  
20005378  g_pvTickInstance             
20005400  g_sDMAControlTable           
00004c8c  g_sUSBEventDriver            
200055d4  g_ui32CurrentUSBTick         
200053a8  g_ui32PollRate               
200053b0  g_ui32SysClock               
200055d8  g_ui32USBSOFCount            
200055e0  g_ui32WaitTicks              
200053b8  gpsFound                     
00000a0d  hci_unsol_event_handler      
0000423d  hci_unsolicited_event_handler
200053bc  i                            
200052f0  int_stream_buf               
000020e1  main                         
20005600  main_func_sp                 
00002589  memcpy                       
00002c0d  memset                       
200053c0  msp430Trigger                
2000525c  sSpiInformation              
000042bd  set_socket_active_status     
200055fc  socket_active_status         
200052ac  tSLInformation               
200055c3  tSpiReadHeader               
000048b1  uDMAControlBaseSet           
000047c9  uDMAEnable                   
00004c68  uvc_driver                   
00002b85  uvc_get_config               
000045f5  uvc_main                     
000028f5  uvc_parse_all_config         
00002d71  uvc_parse_camera_terminal    
00003a9f  uvc_parse_control            
000023a5  uvc_parse_cs_vs_input_header 
00002625  uvc_parse_csvcid             
00004859  uvc_parse_ctrl_endpoint      
00003275  uvc_parse_encoding_unit      
00004975  uvc_parse_extension_unit     
00004979  uvc_parse_h264_format_desc   
0000497d  uvc_parse_h264_frame_desc    
00003d29  uvc_parse_iad                
00004379  uvc_parse_input_terminal     
0000490d  uvc_parse_mjpeg_format_desc  
00004561  uvc_parse_mjpeg_frame_desc   
000032d9  uvc_parse_output_terminal    
00003339  uvc_parse_processing_unit    
00004981  uvc_parse_selector_unit      
00003bb1  uvc_parse_streaming          
00003665  uvc_parse_streaming_endpoint 
00003a11  uvc_parse_uncomp_format_desc 
00003d65  uvc_parse_vcid               
00003c35  uvc_parse_vsid               
0000432f  uvc_parsing_fault            
0000460d  uvc_probe_set_cur            
000019c9  uvc_probe_set_cur_10         
00001ca5  uvc_probe_set_cur_15         
00004511  uvc_set_iface                


GLOBAL SYMBOLS: SORTED BY Symbol Address 

address   name                         
-------   ----                         
00000000  __TI_static_base__           
00000000  g_pfnVectors                 
00000201  USBHostIntHandlerInternal    
00000649  SysCtlClockFreqSet           
0000084d  USBHCDPipeAllocSize          
00000a0d  hci_unsol_event_handler      
00000ed9  USBHHubMain                  
0000104d  UARTStdioIntHandler          
000011ad  USBLibDMAInit                
0000130d  UARTIntHandler               
00001455  GPIOPadConfigSet             
000016b5  USBHCDControlTransfer        
000018c9  USBHCDInit                   
000019c9  uvc_probe_set_cur_10         
00001ac1  USBHCDPipeSchedule           
00001bb5  USBHCDMain                   
00001ca5  uvc_probe_set_cur_15         
00001e75  USBHCDPipeConfig             
00002019  USBHostEndpointConfig        
000020e1  main                         
0000219d  SpiIntHandler                
00002255  UARTwrite                    
000023a5  uvc_parse_cs_vs_input_header 
000024e9  configure_pins               
00002589  __aeabi_memcpy               
00002589  __aeabi_memcpy4              
00002589  __aeabi_memcpy8              
00002589  memcpy                       
00002625  uvc_parse_csvcid             
000027dd  SpiReadDataCont              
000028f5  uvc_parse_all_config         
00002b85  uvc_get_config               
00002c05  __aeabi_memclr               
00002c05  __aeabi_memclr4              
00002c05  __aeabi_memclr8              
00002c07  __aeabi_memset               
00002c07  __aeabi_memset4              
00002c07  __aeabi_memset8              
00002c0d  memset                       
00002d71  uvc_parse_camera_terminal    
00002f39  __TI_auto_init               
00003011  IntDisable                   
00003079  IntEnable                    
00003149  IntIsEnabled                 
000031ad  USBHostCheckPipes            
00003275  uvc_parse_encoding_unit      
000032d9  uvc_parse_output_terminal    
00003339  uvc_parse_processing_unit    
00003399  ConfigDescAlloc              
000034ad  IntSpiGPIOHandler            
00003505  USBHCDEvents                 
0000355d  USBHCDHubDeviceConnected     
000035b5  USBHCDPowerConfigSet         
00003665  uvc_parse_streaming_endpoint 
000036bd  USBHCDSetAddress             
00003711  ULPIConfigSet                
000037b5  _c_int00                     
00003805  GPIOPinConfigure             
0000389d  USBEndpointDMAConfigSet      
000038e9  USBHCDReset                  
00003935  copy_in                      
00003981  SpiTriggerRxProcessing       
00003a11  uvc_parse_uncomp_format_desc 
00003a59  USBEndpointDataGet           
00003a9f  uvc_parse_control            
00003ae5  KIntHandler                  
00003b29  USBHHubInit                  
00003b6d  C$$EXIT                      
00003b71  abort                        
00003b79  exit                         
00003bb1  uvc_parse_streaming          
00003c35  uvc_parse_vsid               
00003d29  uvc_parse_iad                
00003d65  uvc_parse_vcid               
00003da1  InternalUSBStartOfFrameTick  
00003e7d  SysCtlPeripheralEnable       
00003eb1  USBHCDSetConfig              
00003ee5  USBHostEndpointStatusClear   
00003fe5  InternalUSBTickInit          
00004000  __STACK_SIZE                 
00004075  SpiResumeSpi                 
000040a5  USBHCDDevClass               
000040d5  USBHCDSetInterface           
00004105  USBHostHubAddrSet            
00004135  ConfigDescFree               
00004161  InternalUSBHCDSendEvent      
0000418d  SpiCleanGPIOISR              
000041e5  USBDescGet                   
0000423d  hci_unsolicited_event_handler
00004269  GPIODirModeSet               
00004295  USBHCDPipeDataAck            
000042bd  set_socket_active_status     
000042e5  USBHostSpeedGet              
0000430b  USBEndpointDataToggleClear   
0000432f  uvc_parsing_fault            
00004331  USBStackModeSet              
00004379  uvc_parse_input_terminal     
00004401  USB0HostIntHandler           
00004421  USBHostEndpointDataAck       
00004461  USBDescGetInterface          
0000447f  USBULPIRegRead               
0000449d  USBULPIRegWrite              
000044bd  OTGDeviceDisconnect          
000044d9  SysTickHandler               
000044f5  USBEndpointDataAvail         
00004511  uvc_set_iface                
0000452d  STREAM_TO_UINT32_f           
00004547  USBOTGSessionRequest         
00004561  uvc_parse_mjpeg_frame_desc   
0000457b  GPIOPinTypeGPIOOutput        
000045ad  USBHHubEnumerationComplete   
000045c5  USBHHubEnumerationError      
000045dd  _args_main                   
000045f5  uvc_main                     
0000460d  uvc_probe_set_cur            
00004625  USBDescGetInterfaceEndpoint  
00004665  SysCtlUSBPLLEnable           
00004679  SysTickEnable                
0000468d  SysTickIntEnable             
000046a1  USBDMAChannelConfigSet       
000046b5  USBHCDPipeTransferSizeGet    
000046c9  USBHCDPowerAutomatic         
000046f1  _register_unlock             
000046f7  _register_lock               
000046ff  _nop                         
00004705  GPIOPinTypeGPIOInput         
00004717  GPIOPinTypeUSBAnalog         
00004729  GPIOPinTypeUSBDigital        
0000474d  USBDMAChannelDisable         
0000475f  USBDMAChannelEnable          
00004771  USBDMAChannelIntDisable      
00004783  USBDMAChannelIntEnable       
00004795  USBHostLPMConfig             
000047a9  SysTickPeriodSet             
000047b9  USBHCDRegisterDrivers        
000047c9  uDMAEnable                   
00004813  STREAM_TO_UINT16_f           
00004821  USBDMAChannelStatus          
0000482f  USBULPIDisable               
0000483d  USBULPIEnable                
0000484b  __TI_decompress_none         
00004859  uvc_parse_ctrl_endpoint      
00004867  USBEndpointPacketCountSet    
00004875  USBHCDHubDeviceDisconnected  
00004881  USBHCDPipeAlloc              
0000488d  USBHCDPowerConfigInit        
00004899  USBLPMIntEnable              
000048a5  __TI_zero_init               
000048b1  uDMAControlBaseSet           
000048bd  SSIDMADisable                
000048c7  USBClockEnable               
000048d1  USBControllerVersion         
000048db  USBDMAChannelAddressSet      
000048e5  USBDMAChannelCountSet        
000048ef  USBHostSuspend               
000048f9  USBLibDMAAddrGet             
00004903  USBNumEndpointsGet           
0000490d  uvc_parse_mjpeg_format_desc  
00004917  SSIBusy                      
0000491f  USBFIFOAddrGet               
00004927  USBOTGMode                   
0000493f  GPIOPinWrite                 
00004945  ResetISR                     
0000494b  SysCtlDelay                  
00004951  USBDMAChannelIntStatus       
00004957  USBLPMIntStatus              
0000495d  __TI_decompress_rle24        
0000496d  SSIIntClear                  
00004971  _system_pre_init             
00004975  uvc_parse_extension_unit     
00004979  uvc_parse_h264_format_desc   
0000497d  uvc_parse_h264_frame_desc    
00004981  uvc_parse_selector_unit      
00004c68  uvc_driver                   
00004c8c  g_sUSBEventDriver            
00004d00  __TI_Handler_Table_Base      
00004d0c  __TI_Handler_Table_Limit     
00004d18  __TI_CINIT_Base              
00004d28  __TI_CINIT_Limit             
20000000  __stack                      
20004000  __STACK_END                  
20004000  __STACK_TOP                  
200046cc  MEM_POOL                     
20004fdc  cam_stream_buf               
200051f8  GPS                          
2000525c  sSpiInformation              
200052ac  tSLInformation               
200052f0  int_stream_buf               
20005330  g_pfnTickHandlers            
20005378  g_pvTickInstance             
20005398  GPSSize                      
200053a8  g_ui32PollRate               
200053b0  g_ui32SysClock               
200053b8  gpsFound                     
200053bc  i                            
200053c0  msp430Trigger                
200053c4  CAMERA_STATE                 
200053c6  g_eOTGModeState              
20005400  g_sDMAControlTable           
200055c1  g_pui8Dummy                  
200055c3  tSpiReadHeader               
200055d0  g_bUSBTimerInitialized       
200055d4  g_ui32CurrentUSBTick         
200055d8  g_ui32USBSOFCount            
200055dc  g_iUSBMode                   
200055e0  g_ui32WaitTicks              
200055e8  _lock                        
200055ec  _unlock                      
200055f0  __TI_cleanup_ptr             
200055f4  __TI_dtors_ptr               
200055fc  socket_active_status         
20005600  main_func_sp                 
ffffffff  __binit__                    
ffffffff  __c_args__                   
ffffffff  binit                        
UNDEFED   SHT$$INIT_ARRAY$$Base        
UNDEFED   SHT$$INIT_ARRAY$$Limit       

[217 symbols]
