******************************************************************************
                  TI ARM Linker PC v15.9.0                     
******************************************************************************
>> Linked Tue Nov 24 16:50:58 2015

OUTPUT FILE NAME:   <sdcv3.out>
ENTRY POINT SYMBOL: "_c_int00"  address: 00003cb9


MEMORY CONFIGURATION

         name            origin    length      used     unused   attr    fill
----------------------  --------  ---------  --------  --------  ----  --------
  FLASH                 00000000   00100000  00004292  000fbd6e  R  X
  SRAM                  20000000   00040000  00000697  0003f969  RW X


SEGMENT ALLOCATION MAP

run origin  load origin   length   init length attrs members
----------  ----------- ---------- ----------- ----- -------
00000000    00000000    00004298   00004298    r-x
  00000000    00000000    00000208   00000208    r-- .intvecs
  00000208    00000208    00003dfe   00003dfe    r-x .text
  00004008    00004008    00000254   00000254    r-- .const
  00004260    00004260    00000038   00000038    r-- .cinit
20000000    20000000    0000069a   00000000    rw-
  20000000    20000000    00000481   00000000    rw- .bss
  20000484    20000484    00000200   00000000    rw- .stack
  20000684    20000684    00000016   00000000    rw- .data


SECTION ALLOCATION MAP

 output                                  attributes/
section   page    origin      length       input sections
--------  ----  ----------  ----------   ----------------
.intvecs   0    00000000    00000208     
                  00000000    00000208     tm4c1292ncpdt_startup_ccs.obj (.intvecs)

.text      0    00000208    00003dfe     
                  00000208    00003478     sdcv3.obj (.text)
                  00003680    00000204     driverlib.lib : sysctl.obj (.text:SysCtlClockFreqSet)
                  00003884    00000132                   : gpio.obj (.text:GPIOPadConfigSet)
                  000039b6    00000002     --HOLE-- [fill = 0]
                  000039b8    00000110                   : sysctl.obj (.text:SysCtlClockGet)
                  00003ac8    0000009c     rtsv7M4_T_le_v4SPD16_eabi.lib : memcpy_t2.obj (.text)
                  00003b64    0000007a                                   : memset_t2.obj (.text)
                  00003bde    00000002     --HOLE-- [fill = 0]
                  00003be0    0000006c                                   : autoinit.obj (.text)
                  00003c4c    0000006a                                   : copy_decompress_rle.obj (.text)
                  00003cb6    00000002     --HOLE-- [fill = 0]
                  00003cb8    00000050                                   : boot.obj (.text)
                  00003d08    0000004c                                   : cpy_tbl.obj (.text)
                  00003d54    00000048     driverlib.lib : gpio.obj (.text:GPIOPinConfigure)
                  00003d9c    00000048                   : sysctl.obj (.text:_SysCtlFrequencyGet)
                  00003de4    00000044     rtsv7M4_T_le_v4SPD16_eabi.lib : exit.obj (.text)
                  00003e28    0000003c     driverlib.lib : ssi.obj (.text:SSIConfigSetExpClk)
                  00003e64    00000034                   : sysctl.obj (.text:SysCtlPeripheralEnable)
                  00003e98    0000002a                   : gpio.obj (.text:GPIODirModeSet)
                  00003ec2    00000002     --HOLE-- [fill = 0]
                  00003ec4    00000020                   : sysctl.obj (.text:_SysCtlMemTimingGet)
                  00003ee4    00000018                   : gpio.obj (.text:GPIOPinTypeGPIOOutput)
                  00003efc    00000018     rtsv7M4_T_le_v4SPD16_eabi.lib : args_main.obj (.text)
                  00003f14    00000014     driverlib.lib : systick.obj (.text:SysTickEnable)
                  00003f28    00000014                   : systick.obj (.text:SysTickIntEnable)
                  00003f3c    00000014     rtsv7M4_T_le_v4SPD16_eabi.lib : _lock.obj (.text)
                  00003f50    00000012     driverlib.lib : gpio.obj (.text:GPIOPinTypeSSI)
                  00003f62    00000002     --HOLE-- [fill = 0]
                  00003f64    00000010                   : fpu.obj (.text:FPULazyStackingEnable)
                  00003f74    00000010                   : interrupt.obj (.text:IntMasterEnable)
                  00003f84    00000010                   : systick.obj (.text:SysTickPeriodSet)
                  00003f94    0000000e     rtsv7M4_T_le_v4SPD16_eabi.lib : copy_decompress_none.obj (.text:decompress:none)
                  00003fa2    0000000c     driverlib.lib : cpu.obj (.text:CPUcpsie)
                  00003fae    0000000c                   : ssi.obj (.text:SSIDataGet)
                  00003fba    0000000c     rtsv7M4_T_le_v4SPD16_eabi.lib : copy_zero_init.obj (.text:decompress:ZI)
                  00003fc6    0000000c     tm4c1292ncpdt_startup_ccs.obj (.text)
                  00003fd2    0000000a     driverlib.lib : ssi.obj (.text:SSIDataPut)
                  00003fdc    0000000a                   : ssi.obj (.text:SSIDisable)
                  00003fe6    0000000a                   : ssi.obj (.text:SSIEnable)
                  00003ff0    00000006                   : gpio.obj (.text:GPIOPinWrite)
                  00003ff6    00000006                   : sysctl.obj (.text:SysCtlDelay)
                  00003ffc    00000006     rtsv7M4_T_le_v4SPD16_eabi.lib : copy_decompress_rle.obj (.text:decompress:rle24)
                  00004002    00000004                                   : pre_init.obj (.text)

.const     0    00004008    00000254     
                  00004008    00000120     driverlib.lib : sysctl.obj (.const:g_pppui32XTALtoVCO)
                  00004128    00000090                   : gpio.obj (.const:g_pui32GPIOBaseAddrs)
                  000041b8    0000006c                   : sysctl.obj (.const:g_pui32Xtals)
                  00004224    00000030                   : sysctl.obj (.const:g_sXTALtoMEMTIM)
                  00004254    00000008                   : sysctl.obj (.const)

.cinit     0    00004260    00000038     
                  00004260    00000011     (.cinit..data.load) [load image, compression = rle]
                  00004271    00000003     --HOLE-- [fill = 0]
                  00004274    0000000c     (__TI_handler_table)
                  00004280    00000008     (.cinit..bss.load) [load image, compression = zero_init]
                  00004288    00000010     (__TI_cinit_table)

.init_array 
*          0    00000000    00000000     UNINITIALIZED

.bss       0    20000000    00000481     UNINITIALIZED
                  20000000    00000234     sdcv3.obj (.bss:fatFS)
                  20000234    00000224     sdcv3.obj (.bss:fil)
                  20000458    0000001c     (.common:dir)
                  20000474    00000004     (.common:FatFs)
                  20000478    00000004     (.common:g_ui32SysClock)
                  2000047c    00000002     (.common:Fsid)
                  2000047e    00000001     (.common:CardType)
                  2000047f    00000001     (.common:Timer1)
                  20000480    00000001     (.common:Timer2)

.TI.noinit 
*          0    20000000    00000000     UNINITIALIZED

.stack     0    20000484    00000200     UNINITIALIZED
                  20000484    00000200     --HOLE--

.data      0    20000684    00000016     UNINITIALIZED
                  20000684    00000008     rtsv7M4_T_le_v4SPD16_eabi.lib : _lock.obj (.data)
                  2000068c    00000008                                   : exit.obj (.data)
                  20000694    00000004                                   : stkdepth_vars.obj (.data)
                  20000698    00000002     sdcv3.obj (.data)

.TI.persistent 
*          0    20000684    00000000     UNINITIALIZED

MODULE SUMMARY

       Module                          code    ro data   rw data
       ------                          ----    -------   -------
    .\
       sdcv3.obj                       13432   0         1155   
       tm4c1292ncpdt_startup_ccs.obj   12      520       0      
    +--+-------------------------------+-------+---------+---------+
       Total:                          13444   520       1155   
                                                                
    E:\TI\ccsv6\tools\compiler\ti-cgt-arm_15.9.0.STS\lib\rtsv7M4_T_le_v4SPD16_eabi.lib
       memcpy_t2.obj                   156     0         0      
       memset_t2.obj                   122     0         0      
       copy_decompress_rle.obj         112     0         0      
       autoinit.obj                    108     0         0      
       boot.obj                        80      0         0      
       cpy_tbl.obj                     76      0         0      
       exit.obj                        68      0         8      
       _lock.obj                       20      0         8      
       args_main.obj                   24      0         0      
       copy_decompress_none.obj        14      0         0      
       copy_zero_init.obj              12      0         0      
       pre_init.obj                    4       0         0      
       stkdepth_vars.obj               0       0         4      
    +--+-------------------------------+-------+---------+---------+
       Total:                          796     0         20     
                                                                
    E:\TI\tivaware\driverlib\ccs\Debug\driverlib.lib
       sysctl.obj                      950     452       0      
       gpio.obj                        468     144       0      
       ssi.obj                         102     0         0      
       systick.obj                     56      0         0      
       fpu.obj                         16      0         0      
       interrupt.obj                   16      0         0      
       cpu.obj                         12      0         0      
    +--+-------------------------------+-------+---------+---------+
       Total:                          1620    596       0      
                                                                
       Stack:                          0       0         512    
       Linker Generated:               0       53        0      
    +--+-------------------------------+-------+---------+---------+
       Grand Total:                    15860   1169      1687   


LINKER GENERATED COPY TABLES

__TI_cinit_table @ 00004288 records: 2, size/record: 8, table size: 16
	.data: load addr=00004260, load size=00000011 bytes, run addr=20000684, run size=00000016 bytes, compression=rle
	.bss: load addr=00004280, load size=00000008 bytes, run addr=20000000, run size=00000481 bytes, compression=zero_init


LINKER GENERATED HANDLER TABLE

__TI_handler_table @ 00004274 records: 3, size/record: 4, table size: 12
	index: 0, handler: __TI_decompress_rle24
	index: 1, handler: __TI_decompress_none
	index: 2, handler: __TI_zero_init


GLOBAL SYMBOLS: SORTED ALPHABETICALLY BY Name 

address   name                    
-------   ----                    
00003de5  C$$EXIT                 
00003fa3  CPUcpsie                
00003f65  FPULazyStackingEnable   
00003e99  GPIODirModeSet          
00003885  GPIOPadConfigSet        
00003d55  GPIOPinConfigure        
00003ee5  GPIOPinTypeGPIOOutput   
00003f51  GPIOPinTypeSSI          
00003ff1  GPIOPinWrite            
00003f75  IntMasterEnable         
00003fc7  ResetISR                
UNDEFED   SHT$$INIT_ARRAY$$Base   
UNDEFED   SHT$$INIT_ARRAY$$Limit  
00003e29  SSIConfigSetExpClk      
00003faf  SSIDataGet              
00003fd3  SSIDataPut              
00003fdd  SSIDisable              
00003fe7  SSIEnable               
00003681  SysCtlClockFreqSet      
000039b9  SysCtlClockGet          
00003ff7  SysCtlDelay             
00003e65  SysCtlPeripheralEnable  
00003f15  SysTickEnable           
0000358b  SysTickHandler          
00003f29  SysTickIntEnable        
00003f85  SysTickPeriodSet        
20000684  __STACK_END             
00000200  __STACK_SIZE            
20000684  __STACK_TOP             
00004288  __TI_CINIT_Base         
00004298  __TI_CINIT_Limit        
00004274  __TI_Handler_Table_Base 
00004280  __TI_Handler_Table_Limit
00003be1  __TI_auto_init          
2000068c  __TI_cleanup_ptr        
00003f95  __TI_decompress_none    
00003ffd  __TI_decompress_rle24   
20000690  __TI_dtors_ptr          
00000000  __TI_static_base__      
00003fbb  __TI_zero_init          
00003b65  __aeabi_memclr          
00003b65  __aeabi_memclr4         
00003b65  __aeabi_memclr8         
00003ac9  __aeabi_memcpy          
00003ac9  __aeabi_memcpy4         
00003ac9  __aeabi_memcpy8         
00003b67  __aeabi_memset          
00003b67  __aeabi_memset4         
00003b67  __aeabi_memset8         
ffffffff  __binit__               
ffffffff  __c_args__              
20000484  __stack                 
00003efd  _args_main              
00003cb9  _c_int00                
20000684  _lock                   
00003f4b  _nop                    
00003f43  _register_lock          
00003f3d  _register_unlock        
00004003  _system_pre_init        
20000688  _unlock                 
00003de9  abort                   
ffffffff  binit                   
000004a1  clust2sect              
00003d09  copy_in                 
00002fe5  disk_initialize         
00003345  disk_ioctl              
000031a3  disk_read               
00003189  disk_status             
00003547  disk_timerproc          
00003253  disk_write              
00003df1  exit                    
000029b5  f_chmod                 
0000207d  f_close                 
00002477  f_getfree               
0000209d  f_lseek                 
000027cf  f_mkdir                 
0000181f  f_mount                 
00001875  f_open                  
000022eb  f_opendir               
00001a89  f_read                  
0000239b  f_readdir               
00002ac9  f_rename                
00002427  f_stat                  
00001f81  f_sync                  
000025d9  f_truncate              
000026cd  f_unlink                
00002a45  f_utime                 
00001cdd  f_write                 
00000000  g_pfnVectors            
20000478  g_ui32SysClock          
000004d1  get_fat                 
00003593  get_fattime             
00003597  main                    
20000694  main_func_sp            
00003ac9  memcpy                  
00003b6d  memset                  
000005f5  put_fat                 


GLOBAL SYMBOLS: SORTED BY Symbol Address 

address   name                    
-------   ----                    
00000000  __TI_static_base__      
00000000  g_pfnVectors            
00000200  __STACK_SIZE            
000004a1  clust2sect              
000004d1  get_fat                 
000005f5  put_fat                 
0000181f  f_mount                 
00001875  f_open                  
00001a89  f_read                  
00001cdd  f_write                 
00001f81  f_sync                  
0000207d  f_close                 
0000209d  f_lseek                 
000022eb  f_opendir               
0000239b  f_readdir               
00002427  f_stat                  
00002477  f_getfree               
000025d9  f_truncate              
000026cd  f_unlink                
000027cf  f_mkdir                 
000029b5  f_chmod                 
00002a45  f_utime                 
00002ac9  f_rename                
00002fe5  disk_initialize         
00003189  disk_status             
000031a3  disk_read               
00003253  disk_write              
00003345  disk_ioctl              
00003547  disk_timerproc          
0000358b  SysTickHandler          
00003593  get_fattime             
00003597  main                    
00003681  SysCtlClockFreqSet      
00003885  GPIOPadConfigSet        
000039b9  SysCtlClockGet          
00003ac9  __aeabi_memcpy          
00003ac9  __aeabi_memcpy4         
00003ac9  __aeabi_memcpy8         
00003ac9  memcpy                  
00003b65  __aeabi_memclr          
00003b65  __aeabi_memclr4         
00003b65  __aeabi_memclr8         
00003b67  __aeabi_memset          
00003b67  __aeabi_memset4         
00003b67  __aeabi_memset8         
00003b6d  memset                  
00003be1  __TI_auto_init          
00003cb9  _c_int00                
00003d09  copy_in                 
00003d55  GPIOPinConfigure        
00003de5  C$$EXIT                 
00003de9  abort                   
00003df1  exit                    
00003e29  SSIConfigSetExpClk      
00003e65  SysCtlPeripheralEnable  
00003e99  GPIODirModeSet          
00003ee5  GPIOPinTypeGPIOOutput   
00003efd  _args_main              
00003f15  SysTickEnable           
00003f29  SysTickIntEnable        
00003f3d  _register_unlock        
00003f43  _register_lock          
00003f4b  _nop                    
00003f51  GPIOPinTypeSSI          
00003f65  FPULazyStackingEnable   
00003f75  IntMasterEnable         
00003f85  SysTickPeriodSet        
00003f95  __TI_decompress_none    
00003fa3  CPUcpsie                
00003faf  SSIDataGet              
00003fbb  __TI_zero_init          
00003fc7  ResetISR                
00003fd3  SSIDataPut              
00003fdd  SSIDisable              
00003fe7  SSIEnable               
00003ff1  GPIOPinWrite            
00003ff7  SysCtlDelay             
00003ffd  __TI_decompress_rle24   
00004003  _system_pre_init        
00004274  __TI_Handler_Table_Base 
00004280  __TI_Handler_Table_Limit
00004288  __TI_CINIT_Base         
00004298  __TI_CINIT_Limit        
20000478  g_ui32SysClock          
20000484  __stack                 
20000684  __STACK_END             
20000684  __STACK_TOP             
20000684  _lock                   
20000688  _unlock                 
2000068c  __TI_cleanup_ptr        
20000690  __TI_dtors_ptr          
20000694  main_func_sp            
ffffffff  __binit__               
ffffffff  __c_args__              
ffffffff  binit                   
UNDEFED   SHT$$INIT_ARRAY$$Base   
UNDEFED   SHT$$INIT_ARRAY$$Limit  

[97 symbols]
