<?xml version="1.0"?>
<link_info>
   <banner>TI ARM Linker PC v5.2.6</banner>
   <copyright>Copyright (c) 1996-2015 Texas Instruments Incorporated</copyright>
   <link_time>0x56539fa4</link_time>
   <link_errors>0x0</link_errors>
   <output_file>cc3000_basic_wifi_application.out</output_file>
   <entry_point>
      <name>_c_int00</name>
      <address>0x3f31</address>
   </entry_point>
   <input_file_list>
      <input_file id="fl-2">
         <path>.\</path>
         <kind>object</kind>
         <file>cc3000_basic_wifi_application.obj</file>
         <name>cc3000_basic_wifi_application.obj</name>
      </input_file>
      <input_file id="fl-3">
         <path>.\</path>
         <kind>object</kind>
         <file>startup_ccs.obj</file>
         <name>startup_ccs.obj</name>
      </input_file>
      <input_file id="fl-4">
         <path>.\</path>
         <kind>object</kind>
         <file>ticks.obj</file>
         <name>ticks.obj</name>
      </input_file>
      <input_file id="fl-5">
         <path>.\</path>
         <kind>object</kind>
         <file>uvc.obj</file>
         <name>uvc.obj</name>
      </input_file>
      <input_file id="fl-6">
         <path>.\utils\</path>
         <kind>object</kind>
         <file>cmdline.obj</file>
         <name>cmdline.obj</name>
      </input_file>
      <input_file id="fl-7">
         <path>.\utils\</path>
         <kind>object</kind>
         <file>cpu_usage.obj</file>
         <name>cpu_usage.obj</name>
      </input_file>
      <input_file id="fl-8">
         <path>.\utils\</path>
         <kind>object</kind>
         <file>eeprom_pb.obj</file>
         <name>eeprom_pb.obj</name>
      </input_file>
      <input_file id="fl-9">
         <path>.\utils\</path>
         <kind>object</kind>
         <file>flash_pb.obj</file>
         <name>flash_pb.obj</name>
      </input_file>
      <input_file id="fl-a">
         <path>.\utils\</path>
         <kind>object</kind>
         <file>isqrt.obj</file>
         <name>isqrt.obj</name>
      </input_file>
      <input_file id="fl-b">
         <path>.\utils\</path>
         <kind>object</kind>
         <file>random.obj</file>
         <name>random.obj</name>
      </input_file>
      <input_file id="fl-c">
         <path>.\utils\</path>
         <kind>object</kind>
         <file>ringbuf.obj</file>
         <name>ringbuf.obj</name>
      </input_file>
      <input_file id="fl-d">
         <path>.\utils\</path>
         <kind>object</kind>
         <file>scheduler.obj</file>
         <name>scheduler.obj</name>
      </input_file>
      <input_file id="fl-e">
         <path>.\utils\</path>
         <kind>object</kind>
         <file>sine.obj</file>
         <name>sine.obj</name>
      </input_file>
      <input_file id="fl-f">
         <path>.\utils\</path>
         <kind>object</kind>
         <file>smbus.obj</file>
         <name>smbus.obj</name>
      </input_file>
      <input_file id="fl-10">
         <path>.\utils\</path>
         <kind>object</kind>
         <file>softi2c.obj</file>
         <name>softi2c.obj</name>
      </input_file>
      <input_file id="fl-11">
         <path>.\utils\</path>
         <kind>object</kind>
         <file>softssi.obj</file>
         <name>softssi.obj</name>
      </input_file>
      <input_file id="fl-12">
         <path>.\utils\</path>
         <kind>object</kind>
         <file>softuart.obj</file>
         <name>softuart.obj</name>
      </input_file>
      <input_file id="fl-13">
         <path>.\utils\</path>
         <kind>object</kind>
         <file>spi_flash.obj</file>
         <name>spi_flash.obj</name>
      </input_file>
      <input_file id="fl-14">
         <path>.\utils\</path>
         <kind>object</kind>
         <file>uartstdio.obj</file>
         <name>uartstdio.obj</name>
      </input_file>
      <input_file id="fl-15">
         <path>.\utils\</path>
         <kind>object</kind>
         <file>ustdlib.obj</file>
         <name>ustdlib.obj</name>
      </input_file>
      <input_file id="fl-16">
         <path>.\usblib\</path>
         <kind>object</kind>
         <file>usbbuffer.obj</file>
         <name>usbbuffer.obj</name>
      </input_file>
      <input_file id="fl-17">
         <path>.\usblib\</path>
         <kind>object</kind>
         <file>usbdesc.obj</file>
         <name>usbdesc.obj</name>
      </input_file>
      <input_file id="fl-18">
         <path>.\usblib\</path>
         <kind>object</kind>
         <file>usbdma.obj</file>
         <name>usbdma.obj</name>
      </input_file>
      <input_file id="fl-19">
         <path>.\usblib\</path>
         <kind>object</kind>
         <file>usbkeyboardmap.obj</file>
         <name>usbkeyboardmap.obj</name>
      </input_file>
      <input_file id="fl-1a">
         <path>.\usblib\</path>
         <kind>object</kind>
         <file>usbmode.obj</file>
         <name>usbmode.obj</name>
      </input_file>
      <input_file id="fl-1b">
         <path>.\usblib\</path>
         <kind>object</kind>
         <file>usbringbuf.obj</file>
         <name>usbringbuf.obj</name>
      </input_file>
      <input_file id="fl-1c">
         <path>.\usblib\</path>
         <kind>object</kind>
         <file>usbtick.obj</file>
         <name>usbtick.obj</name>
      </input_file>
      <input_file id="fl-1d">
         <path>.\usblib\</path>
         <kind>object</kind>
         <file>usbulpi.obj</file>
         <name>usbulpi.obj</name>
      </input_file>
      <input_file id="fl-1e">
         <path>.\usblib\host\</path>
         <kind>object</kind>
         <file>usbhaudio.obj</file>
         <name>usbhaudio.obj</name>
      </input_file>
      <input_file id="fl-1f">
         <path>.\usblib\host\</path>
         <kind>object</kind>
         <file>usbhhid.obj</file>
         <name>usbhhid.obj</name>
      </input_file>
      <input_file id="fl-20">
         <path>.\usblib\host\</path>
         <kind>object</kind>
         <file>usbhhidkeyboard.obj</file>
         <name>usbhhidkeyboard.obj</name>
      </input_file>
      <input_file id="fl-21">
         <path>.\usblib\host\</path>
         <kind>object</kind>
         <file>usbhhidmouse.obj</file>
         <name>usbhhidmouse.obj</name>
      </input_file>
      <input_file id="fl-22">
         <path>.\usblib\host\</path>
         <kind>object</kind>
         <file>usbhhub.obj</file>
         <name>usbhhub.obj</name>
      </input_file>
      <input_file id="fl-23">
         <path>.\usblib\host\</path>
         <kind>object</kind>
         <file>usbhmsc.obj</file>
         <name>usbhmsc.obj</name>
      </input_file>
      <input_file id="fl-24">
         <path>.\usblib\host\</path>
         <kind>object</kind>
         <file>usbhostenum.obj</file>
         <name>usbhostenum.obj</name>
      </input_file>
      <input_file id="fl-25">
         <path>.\usblib\host\</path>
         <kind>object</kind>
         <file>usbhscsi.obj</file>
         <name>usbhscsi.obj</name>
      </input_file>
      <input_file id="fl-26">
         <path>.\usblib\device\</path>
         <kind>object</kind>
         <file>usbdaudio.obj</file>
         <name>usbdaudio.obj</name>
      </input_file>
      <input_file id="fl-27">
         <path>.\usblib\device\</path>
         <kind>object</kind>
         <file>usbdbulk.obj</file>
         <name>usbdbulk.obj</name>
      </input_file>
      <input_file id="fl-28">
         <path>.\usblib\device\</path>
         <kind>object</kind>
         <file>usbdcdc.obj</file>
         <name>usbdcdc.obj</name>
      </input_file>
      <input_file id="fl-29">
         <path>.\usblib\device\</path>
         <kind>object</kind>
         <file>usbdcdesc.obj</file>
         <name>usbdcdesc.obj</name>
      </input_file>
      <input_file id="fl-2a">
         <path>.\usblib\device\</path>
         <kind>object</kind>
         <file>usbdcomp.obj</file>
         <name>usbdcomp.obj</name>
      </input_file>
      <input_file id="fl-2b">
         <path>.\usblib\device\</path>
         <kind>object</kind>
         <file>usbdconfig.obj</file>
         <name>usbdconfig.obj</name>
      </input_file>
      <input_file id="fl-2c">
         <path>.\usblib\device\</path>
         <kind>object</kind>
         <file>usbddfu-rt.obj</file>
         <name>usbddfu-rt.obj</name>
      </input_file>
      <input_file id="fl-2d">
         <path>.\usblib\device\</path>
         <kind>object</kind>
         <file>usbdenum.obj</file>
         <name>usbdenum.obj</name>
      </input_file>
      <input_file id="fl-2e">
         <path>.\usblib\device\</path>
         <kind>object</kind>
         <file>usbdhandler.obj</file>
         <name>usbdhandler.obj</name>
      </input_file>
      <input_file id="fl-2f">
         <path>.\usblib\device\</path>
         <kind>object</kind>
         <file>usbdhid.obj</file>
         <name>usbdhid.obj</name>
      </input_file>
      <input_file id="fl-30">
         <path>.\usblib\device\</path>
         <kind>object</kind>
         <file>usbdhidgamepad.obj</file>
         <name>usbdhidgamepad.obj</name>
      </input_file>
      <input_file id="fl-31">
         <path>.\usblib\device\</path>
         <kind>object</kind>
         <file>usbdhidkeyb.obj</file>
         <name>usbdhidkeyb.obj</name>
      </input_file>
      <input_file id="fl-32">
         <path>.\usblib\device\</path>
         <kind>object</kind>
         <file>usbdhidmouse.obj</file>
         <name>usbdhidmouse.obj</name>
      </input_file>
      <input_file id="fl-33">
         <path>.\usblib\device\</path>
         <kind>object</kind>
         <file>usbdmsc.obj</file>
         <name>usbdmsc.obj</name>
      </input_file>
      <input_file id="fl-34">
         <path>.\ff11a\src\option\</path>
         <kind>object</kind>
         <file>syscall.obj</file>
         <name>syscall.obj</name>
      </input_file>
      <input_file id="fl-35">
         <path>.\ff11a\src\option\</path>
         <kind>object</kind>
         <file>unicode.obj</file>
         <name>unicode.obj</name>
      </input_file>
      <input_file id="fl-36">
         <path>.\ff11a\src\</path>
         <kind>object</kind>
         <file>diskio.obj</file>
         <name>diskio.obj</name>
      </input_file>
      <input_file id="fl-37">
         <path>.\ff11a\src\</path>
         <kind>object</kind>
         <file>ff.obj</file>
         <name>ff.obj</name>
      </input_file>
      <input_file id="fl-38">
         <path>.\driverlib\</path>
         <kind>object</kind>
         <file>adc.obj</file>
         <name>adc.obj</name>
      </input_file>
      <input_file id="fl-39">
         <path>.\driverlib\</path>
         <kind>object</kind>
         <file>aes.obj</file>
         <name>aes.obj</name>
      </input_file>
      <input_file id="fl-3a">
         <path>.\driverlib\</path>
         <kind>object</kind>
         <file>can.obj</file>
         <name>can.obj</name>
      </input_file>
      <input_file id="fl-3b">
         <path>.\driverlib\</path>
         <kind>object</kind>
         <file>comp.obj</file>
         <name>comp.obj</name>
      </input_file>
      <input_file id="fl-3c">
         <path>.\driverlib\</path>
         <kind>object</kind>
         <file>cpu.obj</file>
         <name>cpu.obj</name>
      </input_file>
      <input_file id="fl-3d">
         <path>.\driverlib\</path>
         <kind>object</kind>
         <file>crc.obj</file>
         <name>crc.obj</name>
      </input_file>
      <input_file id="fl-3e">
         <path>.\driverlib\</path>
         <kind>object</kind>
         <file>des.obj</file>
         <name>des.obj</name>
      </input_file>
      <input_file id="fl-3f">
         <path>.\driverlib\</path>
         <kind>object</kind>
         <file>eeprom.obj</file>
         <name>eeprom.obj</name>
      </input_file>
      <input_file id="fl-40">
         <path>.\driverlib\</path>
         <kind>object</kind>
         <file>emac.obj</file>
         <name>emac.obj</name>
      </input_file>
      <input_file id="fl-41">
         <path>.\driverlib\</path>
         <kind>object</kind>
         <file>epi.obj</file>
         <name>epi.obj</name>
      </input_file>
      <input_file id="fl-42">
         <path>.\driverlib\</path>
         <kind>object</kind>
         <file>epi_workaround_ccs.obj</file>
         <name>epi_workaround_ccs.obj</name>
      </input_file>
      <input_file id="fl-43">
         <path>.\driverlib\</path>
         <kind>object</kind>
         <file>flash.obj</file>
         <name>flash.obj</name>
      </input_file>
      <input_file id="fl-44">
         <path>.\driverlib\</path>
         <kind>object</kind>
         <file>fpu.obj</file>
         <name>fpu.obj</name>
      </input_file>
      <input_file id="fl-45">
         <path>.\driverlib\</path>
         <kind>object</kind>
         <file>gpio.obj</file>
         <name>gpio.obj</name>
      </input_file>
      <input_file id="fl-46">
         <path>.\driverlib\</path>
         <kind>object</kind>
         <file>hibernate.obj</file>
         <name>hibernate.obj</name>
      </input_file>
      <input_file id="fl-47">
         <path>.\driverlib\</path>
         <kind>object</kind>
         <file>i2c.obj</file>
         <name>i2c.obj</name>
      </input_file>
      <input_file id="fl-48">
         <path>.\driverlib\</path>
         <kind>object</kind>
         <file>interrupt.obj</file>
         <name>interrupt.obj</name>
      </input_file>
      <input_file id="fl-49">
         <path>.\driverlib\</path>
         <kind>object</kind>
         <file>lcd.obj</file>
         <name>lcd.obj</name>
      </input_file>
      <input_file id="fl-4a">
         <path>.\driverlib\</path>
         <kind>object</kind>
         <file>mpu.obj</file>
         <name>mpu.obj</name>
      </input_file>
      <input_file id="fl-4b">
         <path>.\driverlib\</path>
         <kind>object</kind>
         <file>onewire.obj</file>
         <name>onewire.obj</name>
      </input_file>
      <input_file id="fl-4c">
         <path>.\driverlib\</path>
         <kind>object</kind>
         <file>pwm.obj</file>
         <name>pwm.obj</name>
      </input_file>
      <input_file id="fl-4d">
         <path>.\driverlib\</path>
         <kind>object</kind>
         <file>qei.obj</file>
         <name>qei.obj</name>
      </input_file>
      <input_file id="fl-4e">
         <path>.\driverlib\</path>
         <kind>object</kind>
         <file>shamd5.obj</file>
         <name>shamd5.obj</name>
      </input_file>
      <input_file id="fl-4f">
         <path>.\driverlib\</path>
         <kind>object</kind>
         <file>ssi.obj</file>
         <name>ssi.obj</name>
      </input_file>
      <input_file id="fl-50">
         <path>.\driverlib\</path>
         <kind>object</kind>
         <file>sw_crc.obj</file>
         <name>sw_crc.obj</name>
      </input_file>
      <input_file id="fl-51">
         <path>.\driverlib\</path>
         <kind>object</kind>
         <file>sysctl.obj</file>
         <name>sysctl.obj</name>
      </input_file>
      <input_file id="fl-52">
         <path>.\driverlib\</path>
         <kind>object</kind>
         <file>sysexc.obj</file>
         <name>sysexc.obj</name>
      </input_file>
      <input_file id="fl-53">
         <path>.\driverlib\</path>
         <kind>object</kind>
         <file>systick.obj</file>
         <name>systick.obj</name>
      </input_file>
      <input_file id="fl-54">
         <path>.\driverlib\</path>
         <kind>object</kind>
         <file>timer.obj</file>
         <name>timer.obj</name>
      </input_file>
      <input_file id="fl-55">
         <path>.\driverlib\</path>
         <kind>object</kind>
         <file>uart.obj</file>
         <name>uart.obj</name>
      </input_file>
      <input_file id="fl-56">
         <path>.\driverlib\</path>
         <kind>object</kind>
         <file>udma.obj</file>
         <name>udma.obj</name>
      </input_file>
      <input_file id="fl-57">
         <path>.\driverlib\</path>
         <kind>object</kind>
         <file>usb.obj</file>
         <name>usb.obj</name>
      </input_file>
      <input_file id="fl-58">
         <path>.\driverlib\</path>
         <kind>object</kind>
         <file>watchdog.obj</file>
         <name>watchdog.obj</name>
      </input_file>
      <input_file id="fl-59">
         <path>.\cc3000\src\uart\</path>
         <kind>object</kind>
         <file>dispatcher.obj</file>
         <name>dispatcher.obj</name>
      </input_file>
      <input_file id="fl-5a">
         <path>.\cc3000\src\spi\</path>
         <kind>object</kind>
         <file>spi-tm4c129.obj</file>
         <name>spi-tm4c129.obj</name>
      </input_file>
      <input_file id="fl-5b">
         <path>.\cc3000\src\host_driver\core_driver\</path>
         <kind>object</kind>
         <file>cc3000_common.obj</file>
         <name>cc3000_common.obj</name>
      </input_file>
      <input_file id="fl-5c">
         <path>.\cc3000\src\host_driver\core_driver\</path>
         <kind>object</kind>
         <file>evnt_handler.obj</file>
         <name>evnt_handler.obj</name>
      </input_file>
      <input_file id="fl-5d">
         <path>.\cc3000\src\host_driver\core_driver\</path>
         <kind>object</kind>
         <file>hci.obj</file>
         <name>hci.obj</name>
      </input_file>
      <input_file id="fl-5e">
         <path>.\cc3000\src\host_driver\core_driver\</path>
         <kind>object</kind>
         <file>netapp.obj</file>
         <name>netapp.obj</name>
      </input_file>
      <input_file id="fl-5f">
         <path>.\cc3000\src\host_driver\core_driver\</path>
         <kind>object</kind>
         <file>nvmem.obj</file>
         <name>nvmem.obj</name>
      </input_file>
      <input_file id="fl-60">
         <path>.\cc3000\src\host_driver\core_driver\</path>
         <kind>object</kind>
         <file>security.obj</file>
         <name>security.obj</name>
      </input_file>
      <input_file id="fl-61">
         <path>.\cc3000\src\host_driver\core_driver\</path>
         <kind>object</kind>
         <file>socket.obj</file>
         <name>socket.obj</name>
      </input_file>
      <input_file id="fl-62">
         <path>.\cc3000\src\host_driver\core_driver\</path>
         <kind>object</kind>
         <file>wlan.obj</file>
         <name>wlan.obj</name>
      </input_file>
      <input_file id="fl-63">
         <path>.\cc3000\drivers\ek-tm4c129\</path>
         <kind>object</kind>
         <file>board.obj</file>
         <name>board.obj</name>
      </input_file>
      <input_file id="fl-18f">
         <path>C:\ti\ccsv6\tools\compiler\ti-cgt-arm_5.2.6\lib\</path>
         <kind>archive</kind>
         <file>rtsv7M4_T_le_v4SPD16_eabi.lib</file>
         <name>boot.obj</name>
      </input_file>
      <input_file id="fl-190">
         <path>C:\ti\ccsv6\tools\compiler\ti-cgt-arm_5.2.6\lib\</path>
         <kind>archive</kind>
         <file>rtsv7M4_T_le_v4SPD16_eabi.lib</file>
         <name>copy_decompress_none.obj</name>
      </input_file>
      <input_file id="fl-191">
         <path>C:\ti\ccsv6\tools\compiler\ti-cgt-arm_5.2.6\lib\</path>
         <kind>archive</kind>
         <file>rtsv7M4_T_le_v4SPD16_eabi.lib</file>
         <name>copy_decompress_rle.obj</name>
      </input_file>
      <input_file id="fl-192">
         <path>C:\ti\ccsv6\tools\compiler\ti-cgt-arm_5.2.6\lib\</path>
         <kind>archive</kind>
         <file>rtsv7M4_T_le_v4SPD16_eabi.lib</file>
         <name>copy_zero_init.obj</name>
      </input_file>
      <input_file id="fl-193">
         <path>C:\ti\ccsv6\tools\compiler\ti-cgt-arm_5.2.6\lib\</path>
         <kind>archive</kind>
         <file>rtsv7M4_T_le_v4SPD16_eabi.lib</file>
         <name>errno.obj</name>
      </input_file>
      <input_file id="fl-194">
         <path>C:\ti\ccsv6\tools\compiler\ti-cgt-arm_5.2.6\lib\</path>
         <kind>archive</kind>
         <file>rtsv7M4_T_le_v4SPD16_eabi.lib</file>
         <name>exit.obj</name>
      </input_file>
      <input_file id="fl-195">
         <path>C:\ti\ccsv6\tools\compiler\ti-cgt-arm_5.2.6\lib\</path>
         <kind>archive</kind>
         <file>rtsv7M4_T_le_v4SPD16_eabi.lib</file>
         <name>memcpy_t2.obj</name>
      </input_file>
      <input_file id="fl-196">
         <path>C:\ti\ccsv6\tools\compiler\ti-cgt-arm_5.2.6\lib\</path>
         <kind>archive</kind>
         <file>rtsv7M4_T_le_v4SPD16_eabi.lib</file>
         <name>memset_t2.obj</name>
      </input_file>
      <input_file id="fl-197">
         <path>C:\ti\ccsv6\tools\compiler\ti-cgt-arm_5.2.6\lib\</path>
         <kind>archive</kind>
         <file>rtsv7M4_T_le_v4SPD16_eabi.lib</file>
         <name>pre_init.obj</name>
      </input_file>
      <input_file id="fl-198">
         <path>C:\ti\ccsv6\tools\compiler\ti-cgt-arm_5.2.6\lib\</path>
         <kind>archive</kind>
         <file>rtsv7M4_T_le_v4SPD16_eabi.lib</file>
         <name>stkdepth_vars.obj</name>
      </input_file>
      <input_file id="fl-199">
         <path>C:\ti\ccsv6\tools\compiler\ti-cgt-arm_5.2.6\lib\</path>
         <kind>archive</kind>
         <file>rtsv7M4_T_le_v4SPD16_eabi.lib</file>
         <name>strcmp.obj</name>
      </input_file>
      <input_file id="fl-19a">
         <path>C:\ti\ccsv6\tools\compiler\ti-cgt-arm_5.2.6\lib\</path>
         <kind>archive</kind>
         <file>rtsv7M4_T_le_v4SPD16_eabi.lib</file>
         <name>u_divt2.obj</name>
      </input_file>
      <input_file id="fl-19b">
         <path>C:\ti\ccsv6\tools\compiler\ti-cgt-arm_5.2.6\lib\</path>
         <kind>archive</kind>
         <file>rtsv7M4_T_le_v4SPD16_eabi.lib</file>
         <name>_lock.obj</name>
      </input_file>
      <input_file id="fl-19c">
         <path>C:\ti\ccsv6\tools\compiler\ti-cgt-arm_5.2.6\lib\</path>
         <kind>archive</kind>
         <file>rtsv7M4_T_le_v4SPD16_eabi.lib</file>
         <name>args_main.obj</name>
      </input_file>
      <input_file id="fl-19d">
         <path>C:\ti\ccsv6\tools\compiler\ti-cgt-arm_5.2.6\lib\</path>
         <kind>archive</kind>
         <file>rtsv7M4_T_le_v4SPD16_eabi.lib</file>
         <name>autoinit.obj</name>
      </input_file>
      <input_file id="fl-19e">
         <path>C:\ti\ccsv6\tools\compiler\ti-cgt-arm_5.2.6\lib\</path>
         <kind>archive</kind>
         <file>rtsv7M4_T_le_v4SPD16_eabi.lib</file>
         <name>cpy_tbl.obj</name>
      </input_file>
      <input_file id="fl-19f">
         <path>C:\ti\ccsv6\tools\compiler\ti-cgt-arm_5.2.6\lib\</path>
         <kind>archive</kind>
         <file>rtsv7M4_T_le_v4SPD16_eabi.lib</file>
         <name>i_div0.obj</name>
      </input_file>
   </input_file_list>
   <object_component_list>
      <object_component id="oc-4b0">
         <name>.text:hci_event_handler</name>
         <load_address>0x20</load_address>
         <run_address>0x20</run_address>
         <size>0x320</size>
         <input_file_ref idref="fl-5c"/>
      </object_component>
      <object_component id="oc-254">
         <name>.text:CC3000_UsynchCallback</name>
         <load_address>0x340</load_address>
         <run_address>0x340</run_address>
         <size>0x21c</size>
         <input_file_ref idref="fl-2"/>
      </object_component>
      <object_component id="oc-9e">
         <name>.text:SysCtlClockFreqSet</name>
         <load_address>0x55c</load_address>
         <run_address>0x55c</run_address>
         <size>0x204</size>
         <input_file_ref idref="fl-51"/>
      </object_component>
      <object_component id="oc-467">
         <name>.text:UARTvprintf</name>
         <load_address>0x760</load_address>
         <run_address>0x760</run_address>
         <size>0x1ea</size>
         <input_file_ref idref="fl-14"/>
      </object_component>
      <object_component id="oc-5f2">
         <name>.text:iDMAUSBArbSizeSet</name>
         <load_address>0x94a</load_address>
         <run_address>0x94a</run_address>
         <size>0x2</size>
         <input_file_ref idref="fl-18"/>
      </object_component>
      <object_component id="oc-7d">
         <name>.text:main</name>
         <load_address>0x94c</load_address>
         <run_address>0x94c</run_address>
         <size>0x1dc</size>
         <input_file_ref idref="fl-2"/>
      </object_component>
      <object_component id="oc-92f">
         <name>.text:USBHCDPipeAllocSize</name>
         <load_address>0xb28</load_address>
         <run_address>0xb28</run_address>
         <size>0x1c0</size>
         <input_file_ref idref="fl-24"/>
      </object_component>
      <object_component id="oc-6c0">
         <name>.text:hci_unsol_event_handler</name>
         <load_address>0xce8</load_address>
         <run_address>0xce8</run_address>
         <size>0x1b0</size>
         <input_file_ref idref="fl-5c"/>
      </object_component>
      <object_component id="oc-2c4">
         <name>.text:ProcessUSBDeviceStateMachine</name>
         <load_address>0xe98</load_address>
         <run_address>0xe98</run_address>
         <size>0x1a0</size>
         <input_file_ref idref="fl-24"/>
      </object_component>
      <object_component id="oc-1f6">
         <name>.text:USBHCDInitInternal</name>
         <load_address>0x1038</load_address>
         <run_address>0x1038</run_address>
         <size>0x17c</size>
         <input_file_ref idref="fl-24"/>
      </object_component>
      <object_component id="oc-2be">
         <name>.text:USBHHubMain</name>
         <load_address>0x11b4</load_address>
         <run_address>0x11b4</run_address>
         <size>0x174</size>
         <input_file_ref idref="fl-22"/>
      </object_component>
      <object_component id="oc-39e">
         <name>.text:USBLibDMAInit</name>
         <load_address>0x1328</load_address>
         <run_address>0x1328</run_address>
         <size>0x160</size>
         <input_file_ref idref="fl-18"/>
      </object_component>
      <object_component id="oc-412">
         <name>.text:SpiConfigure</name>
         <load_address>0x1488</load_address>
         <run_address>0x1488</run_address>
         <size>0x13c</size>
         <input_file_ref idref="fl-5a"/>
      </object_component>
      <object_component id="oc-1aa">
         <name>.text:GPIOPadConfigSet</name>
         <load_address>0x15c4</load_address>
         <run_address>0x15c4</run_address>
         <size>0x132</size>
         <input_file_ref idref="fl-45"/>
      </object_component>
      <object_component id="oc-62e">
         <name>.text:iDMAUSBUnitSizeSet</name>
         <load_address>0x16f6</load_address>
         <run_address>0x16f6</run_address>
         <size>0x2</size>
         <input_file_ref idref="fl-18"/>
      </object_component>
      <object_component id="oc-736">
         <name>.text:USBHCDEnumHandler</name>
         <load_address>0x16f8</load_address>
         <run_address>0x16f8</run_address>
         <size>0x12c</size>
         <input_file_ref idref="fl-24"/>
      </object_component>
      <object_component id="oc-4c9">
         <name>.text:simple_link_send</name>
         <load_address>0x1824</load_address>
         <run_address>0x1824</run_address>
         <size>0x118</size>
         <input_file_ref idref="fl-61"/>
      </object_component>
      <object_component id="oc-ec">
         <name>.text:initWiFiAndSysUART</name>
         <load_address>0x193c</load_address>
         <run_address>0x193c</run_address>
         <size>0x114</size>
         <input_file_ref idref="fl-2"/>
      </object_component>
      <object_component id="oc-553">
         <name>.text:USBHCDControlTransfer</name>
         <load_address>0x1a50</load_address>
         <run_address>0x1a50</run_address>
         <size>0x10c</size>
         <input_file_ref idref="fl-24"/>
      </object_component>
      <object_component id="oc-616">
         <name>.text:iDMAUSBTransfer</name>
         <load_address>0x1b5c</load_address>
         <run_address>0x1b5c</run_address>
         <size>0x108</size>
         <input_file_ref idref="fl-18"/>
      </object_component>
      <object_component id="oc-e0">
         <name>.text:USBHCDInit</name>
         <load_address>0x1c64</load_address>
         <run_address>0x1c64</run_address>
         <size>0x100</size>
         <input_file_ref idref="fl-24"/>
      </object_component>
      <object_component id="oc-2d1">
         <name>.text:uvc_probe_set_cur_10</name>
         <load_address>0x1d64</load_address>
         <run_address>0x1d64</run_address>
         <size>0xf8</size>
         <input_file_ref idref="fl-5"/>
      </object_component>
      <object_component id="oc-2e5">
         <name>.text:USBHCDPipeSchedule</name>
         <load_address>0x1e5c</load_address>
         <run_address>0x1e5c</run_address>
         <size>0xf4</size>
         <input_file_ref idref="fl-24"/>
      </object_component>
      <object_component id="oc-110">
         <name>.text:USBHCDMain</name>
         <load_address>0x1f50</load_address>
         <run_address>0x1f50</run_address>
         <size>0xf0</size>
         <input_file_ref idref="fl-24"/>
      </object_component>
      <object_component id="oc-74e">
         <name>.text:USBHCDPipeFree</name>
         <load_address>0x2040</load_address>
         <run_address>0x2040</run_address>
         <size>0xf0</size>
         <input_file_ref idref="fl-24"/>
      </object_component>
      <object_component id="oc-2d7">
         <name>.text:uvc_probe_set_cur_15</name>
         <load_address>0x2130</load_address>
         <run_address>0x2130</run_address>
         <size>0xf0</size>
         <input_file_ref idref="fl-5"/>
      </object_component>
      <object_component id="oc-5a4">
         <name>.text:uDMAUSBChannelAllocate</name>
         <load_address>0x2220</load_address>
         <run_address>0x2220</run_address>
         <size>0xe0</size>
         <input_file_ref idref="fl-18"/>
      </object_component>
      <object_component id="oc-935">
         <name>.text:USBHCDPipeConfig</name>
         <load_address>0x2300</load_address>
         <run_address>0x2300</run_address>
         <size>0xd8</size>
         <input_file_ref idref="fl-24"/>
      </object_component>
      <object_component id="oc-203">
         <name>.text:pio_init</name>
         <load_address>0x23d8</load_address>
         <run_address>0x23d8</run_address>
         <size>0xcc</size>
         <input_file_ref idref="fl-63"/>
      </object_component>
      <object_component id="oc-5e6">
         <name>.text:uDMAUSBTransfer</name>
         <load_address>0x24a4</load_address>
         <run_address>0x24a4</run_address>
         <size>0xcc</size>
         <input_file_ref idref="fl-18"/>
      </object_component>
      <object_component id="oc-81c">
         <name>.text:hci_patch_send</name>
         <load_address>0x2570</load_address>
         <run_address>0x2570</run_address>
         <size>0xca</size>
         <input_file_ref idref="fl-5d"/>
      </object_component>
      <object_component id="oc-3aa">
         <name>.text:USBHostEndpointConfig</name>
         <load_address>0x263a</load_address>
         <run_address>0x263a</run_address>
         <size>0xc8</size>
         <input_file_ref idref="fl-57"/>
      </object_component>
      <object_component id="oc-7f7">
         <name>.text</name>
         <load_address>0x2702</load_address>
         <run_address>0x2702</run_address>
         <size>0x2</size>
         <input_file_ref idref="fl-19f"/>
      </object_component>
      <object_component id="oc-fe">
         <name>.text:wlan_connect</name>
         <load_address>0x2704</load_address>
         <run_address>0x2704</run_address>
         <size>0xc8</size>
         <input_file_ref idref="fl-62"/>
      </object_component>
      <object_component id="oc-433">
         <name>.text:UARTStdioConfig</name>
         <load_address>0x27cc</load_address>
         <run_address>0x27cc</run_address>
         <size>0xb0</size>
         <input_file_ref idref="fl-14"/>
      </object_component>
      <object_component id="oc-68f">
         <name>.text:UARTwrite</name>
         <load_address>0x287c</load_address>
         <run_address>0x287c</run_address>
         <size>0xa8</size>
         <input_file_ref idref="fl-14"/>
      </object_component>
      <object_component id="oc-50f">
         <name>.text:USBHCDDeviceDisconnected</name>
         <load_address>0x2924</load_address>
         <run_address>0x2924</run_address>
         <size>0xa0</size>
         <input_file_ref idref="fl-24"/>
      </object_component>
      <object_component id="oc-a4">
         <name>.text:configure_pins</name>
         <load_address>0x29c4</load_address>
         <run_address>0x29c4</run_address>
         <size>0xa0</size>
         <input_file_ref idref="fl-2"/>
      </object_component>
      <object_component id="oc-1b">
         <name>.text</name>
         <load_address>0x2a64</load_address>
         <run_address>0x2a64</run_address>
         <size>0x9c</size>
         <input_file_ref idref="fl-195"/>
      </object_component>
      <object_component id="oc-49b">
         <name>.text:ustrtoul</name>
         <load_address>0x2b00</load_address>
         <run_address>0x2b00</run_address>
         <size>0x9c</size>
         <input_file_ref idref="fl-15"/>
      </object_component>
      <object_component id="oc-26e">
         <name>.text:DotDecimalDecoder</name>
         <load_address>0x2b9c</load_address>
         <run_address>0x2b9c</run_address>
         <size>0x9a</size>
         <input_file_ref idref="fl-2"/>
      </object_component>
      <object_component id="oc-5bc">
         <name>.text:uDMAUSBChannelIntDisable</name>
         <load_address>0x2c36</load_address>
         <run_address>0x2c36</run_address>
         <size>0x2</size>
         <input_file_ref idref="fl-18"/>
      </object_component>
      <object_component id="oc-527">
         <name>.text:USBHCDOpenDriver</name>
         <load_address>0x2c38</load_address>
         <run_address>0x2c38</run_address>
         <size>0x90</size>
         <input_file_ref idref="fl-24"/>
      </object_component>
      <object_component id="oc-8b5">
         <name>.text:uvc_parse_csvcid</name>
         <load_address>0x2cc8</load_address>
         <run_address>0x2cc8</run_address>
         <size>0x90</size>
         <input_file_ref idref="fl-5"/>
      </object_component>
      <object_component id="oc-215">
         <name>.text:DispatcherUARTConfigure</name>
         <load_address>0x2d58</load_address>
         <run_address>0x2d58</run_address>
         <size>0x8c</size>
         <input_file_ref idref="fl-59"/>
      </object_component>
      <object_component id="oc-968">
         <name>.text:FIFOAlloc</name>
         <load_address>0x2de4</load_address>
         <run_address>0x2de4</run_address>
         <size>0x8c</size>
         <input_file_ref idref="fl-24"/>
      </object_component>
      <object_component id="oc-7ed">
         <name>.text:UARTPrimeTransmit</name>
         <load_address>0x2e70</load_address>
         <run_address>0x2e70</run_address>
         <size>0x8c</size>
         <input_file_ref idref="fl-14"/>
      </object_component>
      <object_component id="oc-5f8">
         <name>.text:iDMAUSBChannelAllocate</name>
         <load_address>0x2efc</load_address>
         <run_address>0x2efc</run_address>
         <size>0x84</size>
         <input_file_ref idref="fl-18"/>
      </object_component>
      <object_component id="oc-8c8">
         <name>.text:uvc_parse_cs_vs_input_header</name>
         <load_address>0x2f80</load_address>
         <run_address>0x2f80</run_address>
         <size>0x84</size>
         <input_file_ref idref="fl-5"/>
      </object_component>
      <object_component id="oc-6ab">
         <name>.text:SpiFirstWrite</name>
         <load_address>0x3004</load_address>
         <run_address>0x3004</run_address>
         <size>0x80</size>
         <input_file_ref idref="fl-5a"/>
      </object_component>
      <object_component id="oc-5b0">
         <name>.text:uDMAUSBChannelEnable</name>
         <load_address>0x3084</load_address>
         <run_address>0x3084</run_address>
         <size>0x80</size>
         <input_file_ref idref="fl-18"/>
      </object_component>
      <object_component id="oc-5ec">
         <name>.text:uDMAUSBUnitSizeSet</name>
         <load_address>0x3104</load_address>
         <run_address>0x3104</run_address>
         <size>0x80</size>
         <input_file_ref idref="fl-18"/>
      </object_component>
      <object_component id="oc-21b">
         <name>.text:wlan_start</name>
         <load_address>0x3184</load_address>
         <run_address>0x3184</run_address>
         <size>0x7c</size>
         <input_file_ref idref="fl-62"/>
      </object_component>
      <object_component id="oc-34">
         <name>.text</name>
         <load_address>0x3200</load_address>
         <run_address>0x3200</run_address>
         <size>0x7a</size>
         <input_file_ref idref="fl-196"/>
      </object_component>
      <object_component id="oc-5b6">
         <name>.text:uDMAUSBChannelIntEnable</name>
         <load_address>0x327a</load_address>
         <run_address>0x327a</run_address>
         <size>0x2</size>
         <input_file_ref idref="fl-18"/>
      </object_component>
      <object_component id="oc-883">
         <name>.text:SpiWriteAsync</name>
         <load_address>0x327c</load_address>
         <run_address>0x327c</run_address>
         <size>0x78</size>
         <input_file_ref idref="fl-5a"/>
      </object_component>
      <object_component id="oc-6cc">
         <name>.text:hci_unsol_handle_patch_request</name>
         <load_address>0x32f4</load_address>
         <run_address>0x32f4</run_address>
         <size>0x78</size>
         <input_file_ref idref="fl-5c"/>
      </object_component>
      <object_component id="oc-59e">
         <name>.text:uDMAUSBArbSizeSet</name>
         <load_address>0x336c</load_address>
         <run_address>0x336c</run_address>
         <size>0x78</size>
         <input_file_ref idref="fl-18"/>
      </object_component>
      <object_component id="oc-515">
         <name>.text:USBHCDGetConfigDescriptor</name>
         <load_address>0x33e4</load_address>
         <run_address>0x33e4</run_address>
         <size>0x74</size>
         <input_file_ref idref="fl-24"/>
      </object_component>
      <object_component id="oc-93b">
         <name>.text:uvc_pipe_cb</name>
         <load_address>0x3458</load_address>
         <run_address>0x3458</run_address>
         <size>0x74</size>
         <input_file_ref idref="fl-5"/>
      </object_component>
      <object_component id="oc-4a8">
         <name>.text:SpiWrite</name>
         <load_address>0x34cc</load_address>
         <run_address>0x34cc</run_address>
         <size>0x6c</size>
         <input_file_ref idref="fl-5a"/>
      </object_component>
      <object_component id="oc-7ff">
         <name>.text:SpiWriteDataSynchronous</name>
         <load_address>0x3538</load_address>
         <run_address>0x3538</run_address>
         <size>0x6c</size>
         <input_file_ref idref="fl-5a"/>
      </object_component>
      <object_component id="oc-82e">
         <name>.text:USBOTGSetMode</name>
         <load_address>0x35a4</load_address>
         <run_address>0x35a4</run_address>
         <size>0x6c</size>
         <input_file_ref idref="fl-1a"/>
      </object_component>
      <object_component id="oc-46">
         <name>.text</name>
         <load_address>0x3610</load_address>
         <run_address>0x3610</run_address>
         <size>0x6c</size>
         <input_file_ref idref="fl-19d"/>
      </object_component>
      <object_component id="oc-27">
         <name>.text</name>
         <load_address>0x367c</load_address>
         <run_address>0x367c</run_address>
         <size>0x6a</size>
         <input_file_ref idref="fl-191"/>
      </object_component>
      <object_component id="oc-2cb">
         <name>.text:uvc_parsing_fault</name>
         <load_address>0x36e6</load_address>
         <run_address>0x36e6</run_address>
         <size>0x2</size>
         <input_file_ref idref="fl-5"/>
      </object_component>
      <object_component id="oc-4e4">
         <name>.text:IntDisable</name>
         <load_address>0x36e8</load_address>
         <run_address>0x36e8</run_address>
         <size>0x68</size>
         <input_file_ref idref="fl-48"/>
      </object_component>
      <object_component id="oc-3ff">
         <name>.text:IntEnable</name>
         <load_address>0x3750</load_address>
         <run_address>0x3750</run_address>
         <size>0x68</size>
         <input_file_ref idref="fl-48"/>
      </object_component>
      <object_component id="oc-846">
         <name>.text:USBHCDEP0StateTx</name>
         <load_address>0x37b8</load_address>
         <run_address>0x37b8</run_address>
         <size>0x68</size>
         <input_file_ref idref="fl-24"/>
      </object_component>
      <object_component id="oc-8ce">
         <name>.text:uvc_parse_streaming_endpoint</name>
         <load_address>0x3820</load_address>
         <run_address>0x3820</run_address>
         <size>0x68</size>
         <input_file_ref idref="fl-5"/>
      </object_component>
      <object_component id="oc-75b">
         <name>.text:IntIsEnabled</name>
         <load_address>0x3888</load_address>
         <run_address>0x3888</run_address>
         <size>0x64</size>
         <input_file_ref idref="fl-48"/>
      </object_component>
      <object_component id="oc-2b8">
         <name>.text:USBHostCheckPipes</name>
         <load_address>0x38ec</load_address>
         <run_address>0x38ec</run_address>
         <size>0x64</size>
         <input_file_ref idref="fl-24"/>
      </object_component>
      <object_component id="oc-5c2">
         <name>.text:uDMAUSBChannelRelease</name>
         <load_address>0x3950</load_address>
         <run_address>0x3950</run_address>
         <size>0x64</size>
         <input_file_ref idref="fl-18"/>
      </object_component>
      <object_component id="oc-71a">
         <name>.text:ConfigDescAlloc</name>
         <load_address>0x39b4</load_address>
         <run_address>0x39b4</run_address>
         <size>0x5c</size>
         <input_file_ref idref="fl-24"/>
      </object_component>
      <object_component id="oc-53f">
         <name>.text:USBHCDGetDeviceDescriptor</name>
         <load_address>0x3a10</load_address>
         <run_address>0x3a10</run_address>
         <size>0x5c</size>
         <input_file_ref idref="fl-24"/>
      </object_component>
      <object_component id="oc-622">
         <name>.text:iDMAUSBChannelEnable</name>
         <load_address>0x3a6c</load_address>
         <run_address>0x3a6c</run_address>
         <size>0x5c</size>
         <input_file_ref idref="fl-18"/>
      </object_component>
      <object_component id="oc-954">
         <name>.text:uvc_parse_mjpeg_frame_desc</name>
         <load_address>0x3ac8</load_address>
         <run_address>0x3ac8</run_address>
         <size>0x5c</size>
         <input_file_ref idref="fl-5"/>
      </object_component>
      <object_component id="oc-31d">
         <name>.text:USBHCDEvents</name>
         <load_address>0x3b24</load_address>
         <run_address>0x3b24</run_address>
         <size>0x58</size>
         <input_file_ref idref="fl-2"/>
      </object_component>
      <object_component id="oc-4d8">
         <name>.text:USBHCDHubDeviceConnected</name>
         <load_address>0x3b7c</load_address>
         <run_address>0x3b7c</run_address>
         <size>0x58</size>
         <input_file_ref idref="fl-24"/>
      </object_component>
      <object_component id="oc-3b0">
         <name>.text:USBHCDPowerConfigSet</name>
         <load_address>0x3bd4</load_address>
         <run_address>0x3bd4</run_address>
         <size>0x58</size>
         <input_file_ref idref="fl-24"/>
      </object_component>
      <object_component id="oc-104">
         <name>.text:socket</name>
         <load_address>0x3c2c</load_address>
         <run_address>0x3c2c</run_address>
         <size>0x58</size>
         <input_file_ref idref="fl-61"/>
      </object_component>
      <object_component id="oc-5aa">
         <name>.text:uDMAUSBChannelDisable</name>
         <load_address>0x3c84</load_address>
         <run_address>0x3c84</run_address>
         <size>0x58</size>
         <input_file_ref idref="fl-18"/>
      </object_component>
      <object_component id="oc-95b">
         <name>.text:uvc_parse_uncomp_frame_desc</name>
         <load_address>0x3cdc</load_address>
         <run_address>0x3cdc</run_address>
         <size>0x58</size>
         <input_file_ref idref="fl-5"/>
      </object_component>
      <object_component id="oc-227">
         <name>.text:wlan_set_event_mask</name>
         <load_address>0x3d34</load_address>
         <run_address>0x3d34</run_address>
         <size>0x58</size>
         <input_file_ref idref="fl-62"/>
      </object_component>
      <object_component id="oc-3ec">
         <name>.text:GPIOIntTypeSet</name>
         <load_address>0x3d8c</load_address>
         <run_address>0x3d8c</run_address>
         <size>0x56</size>
         <input_file_ref idref="fl-45"/>
      </object_component>
      <object_component id="oc-54b">
         <name>.text:USBHCDSetAddress</name>
         <load_address>0x3de4</load_address>
         <run_address>0x3de4</run_address>
         <size>0x54</size>
         <input_file_ref idref="fl-24"/>
      </object_component>
      <object_component id="oc-f2">
         <name>.text:initWiFiEndpoint</name>
         <load_address>0x3e38</load_address>
         <run_address>0x3e38</run_address>
         <size>0x54</size>
         <input_file_ref idref="fl-2"/>
      </object_component>
      <object_component id="oc-1ea">
         <name>.text:ULPIConfigSet</name>
         <load_address>0x3e8c</load_address>
         <run_address>0x3e8c</run_address>
         <size>0x52</size>
         <input_file_ref idref="fl-1d"/>
      </object_component>
      <object_component id="oc-4de">
         <name>.text:HubGetPortStatus</name>
         <load_address>0x3ede</load_address>
         <run_address>0x3ede</run_address>
         <size>0x50</size>
         <input_file_ref idref="fl-22"/>
      </object_component>
      <object_component id="oc-15">
         <name>.text</name>
         <load_address>0x3f30</load_address>
         <run_address>0x3f30</run_address>
         <size>0x50</size>
         <input_file_ref idref="fl-18f"/>
      </object_component>
      <object_component id="oc-976">
         <name>.text:uvc_parse_received_packet</name>
         <load_address>0x3f80</load_address>
         <run_address>0x3f80</run_address>
         <size>0x50</size>
         <input_file_ref idref="fl-5"/>
      </object_component>
      <object_component id="oc-4f0">
         <name>.text:HubDriverDeviceDisconnect</name>
         <load_address>0x3fd0</load_address>
         <run_address>0x3fd0</run_address>
         <size>0x4c</size>
         <input_file_ref idref="fl-22"/>
      </object_component>
      <object_component id="oc-40c">
         <name>.text:SpiConfigureHwMapping</name>
         <load_address>0x401c</load_address>
         <run_address>0x401c</run_address>
         <size>0x4c</size>
         <input_file_ref idref="fl-5a"/>
      </object_component>
      <object_component id="oc-776">
         <name>.text:USBEndpointDMAConfigSet</name>
         <load_address>0x4068</load_address>
         <run_address>0x4068</run_address>
         <size>0x4c</size>
         <input_file_ref idref="fl-57"/>
      </object_component>
      <object_component id="oc-533">
         <name>.text:USBHCDReset</name>
         <load_address>0x40b4</load_address>
         <run_address>0x40b4</run_address>
         <size>0x4c</size>
         <input_file_ref idref="fl-24"/>
      </object_component>
      <object_component id="oc-75">
         <name>.text</name>
         <load_address>0x4100</load_address>
         <run_address>0x4100</run_address>
         <size>0x4c</size>
         <input_file_ref idref="fl-19e"/>
      </object_component>
      <object_component id="oc-18c">
         <name>.text:GPIOPinConfigure</name>
         <load_address>0x414c</load_address>
         <run_address>0x414c</run_address>
         <size>0x48</size>
         <input_file_ref idref="fl-45"/>
      </object_component>
      <object_component id="oc-44c">
         <name>.text:SpiOpen</name>
         <load_address>0x4194</load_address>
         <run_address>0x4194</run_address>
         <size>0x48</size>
         <input_file_ref idref="fl-5a"/>
      </object_component>
      <object_component id="oc-17b">
         <name>.text:_SysCtlFrequencyGet</name>
         <load_address>0x41dc</load_address>
         <run_address>0x41dc</run_address>
         <size>0x48</size>
         <input_file_ref idref="fl-51"/>
      </object_component>
      <object_component id="oc-84e">
         <name>.text:uvc_parse_control</name>
         <load_address>0x4224</load_address>
         <run_address>0x4224</run_address>
         <size>0x46</size>
         <input_file_ref idref="fl-5"/>
      </object_component>
      <object_component id="oc-398">
         <name>.text:USBHHubInit</name>
         <load_address>0x426c</load_address>
         <run_address>0x426c</run_address>
         <size>0x44</size>
         <input_file_ref idref="fl-22"/>
      </object_component>
      <object_component id="oc-52">
         <name>.text</name>
         <load_address>0x42b0</load_address>
         <run_address>0x42b0</run_address>
         <size>0x44</size>
         <input_file_ref idref="fl-194"/>
      </object_component>
      <object_component id="oc-854">
         <name>.text:uvc_parse_streaming</name>
         <load_address>0x42f4</load_address>
         <run_address>0x42f4</run_address>
         <size>0x42</size>
         <input_file_ref idref="fl-5"/>
      </object_component>
      <object_component id="oc-6d7">
         <name>.text:HostFlowControlConsumeBuff</name>
         <load_address>0x4338</load_address>
         <run_address>0x4338</run_address>
         <size>0x40</size>
         <input_file_ref idref="fl-61"/>
      </object_component>
      <object_component id="oc-695">
         <name>.text</name>
         <load_address>0x4378</load_address>
         <run_address>0x4378</run_address>
         <size>0x40</size>
         <input_file_ref idref="fl-19a"/>
      </object_component>
      <object_component id="oc-487">
         <name>.text:turnLedOff</name>
         <load_address>0x43b8</load_address>
         <run_address>0x43b8</run_address>
         <size>0x40</size>
         <input_file_ref idref="fl-63"/>
      </object_component>
      <object_component id="oc-5d4">
         <name>.text:uDMAUSBIntStatus</name>
         <load_address>0x43f8</load_address>
         <run_address>0x43f8</run_address>
         <size>0x40</size>
         <input_file_ref idref="fl-18"/>
      </object_component>
      <object_component id="oc-4fc">
         <name>.text:HubDriverReset</name>
         <load_address>0x4438</load_address>
         <run_address>0x4438</run_address>
         <size>0x3c</size>
         <input_file_ref idref="fl-22"/>
      </object_component>
      <object_component id="oc-8d8">
         <name>.text:SpiEnableSSIDMAChannels</name>
         <load_address>0x4474</load_address>
         <run_address>0x4474</run_address>
         <size>0x3c</size>
         <input_file_ref idref="fl-5a"/>
      </object_component>
      <object_component id="oc-665">
         <name>.text:UARTFlushTx</name>
         <load_address>0x44b0</load_address>
         <run_address>0x44b0</run_address>
         <size>0x3c</size>
         <input_file_ref idref="fl-14"/>
      </object_component>
      <object_component id="oc-61c">
         <name>.text:iDMAUSBChannelRelease</name>
         <load_address>0x44ec</load_address>
         <run_address>0x44ec</run_address>
         <size>0x3c</size>
         <input_file_ref idref="fl-18"/>
      </object_component>
      <object_component id="oc-221">
         <name>.text:turnLedOn</name>
         <load_address>0x4528</load_address>
         <run_address>0x4528</run_address>
         <size>0x3c</size>
         <input_file_ref idref="fl-63"/>
      </object_component>
      <object_component id="oc-570">
         <name>.text:uvc_open</name>
         <load_address>0x4564</load_address>
         <run_address>0x4564</run_address>
         <size>0x3c</size>
         <input_file_ref idref="fl-5"/>
      </object_component>
      <object_component id="oc-744">
         <name>.text:uvc_parse_all_config</name>
         <load_address>0x45a0</load_address>
         <run_address>0x45a0</run_address>
         <size>0x3c</size>
         <input_file_ref idref="fl-5"/>
      </object_component>
      <object_component id="oc-8af">
         <name>.text:uvc_parse_vcid</name>
         <load_address>0x45dc</load_address>
         <run_address>0x45dc</run_address>
         <size>0x3c</size>
         <input_file_ref idref="fl-5"/>
      </object_component>
      <object_component id="oc-8c2">
         <name>.text:uvc_parse_vsid</name>
         <load_address>0x4618</load_address>
         <run_address>0x4618</run_address>
         <size>0x3c</size>
         <input_file_ref idref="fl-5"/>
      </object_component>
      <object_component id="oc-928">
         <name>.text:uvc_parse_uncomp_format_desc</name>
         <load_address>0x4654</load_address>
         <run_address>0x4654</run_address>
         <size>0x3a</size>
         <input_file_ref idref="fl-5"/>
      </object_component>
      <object_component id="oc-80e">
         <name>.text:hci_event_unsol_flowcontrol_handler</name>
         <load_address>0x4690</load_address>
         <run_address>0x4690</run_address>
         <size>0x38</size>
         <input_file_ref idref="fl-5c"/>
      </object_component>
      <object_component id="oc-405">
         <name>.text:initLEDs</name>
         <load_address>0x46c8</load_address>
         <run_address>0x46c8</run_address>
         <size>0x38</size>
         <input_file_ref idref="fl-63"/>
      </object_component>
      <object_component id="oc-4ea">
         <name>.text:HubClearPortFeature</name>
         <load_address>0x4700</load_address>
         <run_address>0x4700</run_address>
         <size>0x36</size>
         <input_file_ref idref="fl-22"/>
      </object_component>
      <object_component id="oc-6e9">
         <name>.text:HubSetPortFeature</name>
         <load_address>0x4736</load_address>
         <run_address>0x4736</run_address>
         <size>0x36</size>
         <input_file_ref idref="fl-22"/>
      </object_component>
      <object_component id="oc-69f">
         <name>.text:ustrncmp</name>
         <load_address>0x476c</load_address>
         <run_address>0x476c</run_address>
         <size>0x36</size>
         <input_file_ref idref="fl-15"/>
      </object_component>
      <object_component id="oc-bc">
         <name>.text:SysCtlPeripheralEnable</name>
         <load_address>0x47a4</load_address>
         <run_address>0x47a4</run_address>
         <size>0x34</size>
         <input_file_ref idref="fl-51"/>
      </object_component>
      <object_component id="oc-521">
         <name>.text:USBHCDSetConfig</name>
         <load_address>0x47d8</load_address>
         <run_address>0x47d8</run_address>
         <size>0x34</size>
         <input_file_ref idref="fl-24"/>
      </object_component>
      <object_component id="oc-89c">
         <name>.text:USBOTGRemovePower</name>
         <load_address>0x480c</load_address>
         <run_address>0x480c</run_address>
         <size>0x34</size>
         <input_file_ref idref="fl-1a"/>
      </object_component>
      <object_component id="oc-5fe">
         <name>.text:iDMAUSBChannelStatus</name>
         <load_address>0x4840</load_address>
         <run_address>0x4840</run_address>
         <size>0x34</size>
         <input_file_ref idref="fl-18"/>
      </object_component>
      <object_component id="oc-8a9">
         <name>.text:uvc_parse_iad</name>
         <load_address>0x4874</load_address>
         <run_address>0x4874</run_address>
         <size>0x34</size>
         <input_file_ref idref="fl-5"/>
      </object_component>
      <object_component id="oc-922">
         <name>.text:uvc_parse_mjpeg_format_desc</name>
         <load_address>0x48a8</load_address>
         <run_address>0x48a8</run_address>
         <size>0x34</size>
         <input_file_ref idref="fl-5"/>
      </object_component>
      <object_component id="oc-6dd">
         <name>.text:hci_data_send</name>
         <load_address>0x48dc</load_address>
         <run_address>0x48dc</run_address>
         <size>0x32</size>
         <input_file_ref idref="fl-5d"/>
      </object_component>
      <object_component id="oc-628">
         <name>.text:iDMAUSBChannelDisable</name>
         <load_address>0x490e</load_address>
         <run_address>0x490e</run_address>
         <size>0x32</size>
         <input_file_ref idref="fl-18"/>
      </object_component>
      <object_component id="oc-5ce">
         <name>.text:DMAUSBIntHandler</name>
         <load_address>0x4940</load_address>
         <run_address>0x4940</run_address>
         <size>0x30</size>
         <input_file_ref idref="fl-18"/>
      </object_component>
      <object_component id="oc-3a4">
         <name>.text:InternalUSBTickInit</name>
         <load_address>0x4970</load_address>
         <run_address>0x4970</run_address>
         <size>0x30</size>
         <input_file_ref idref="fl-1c"/>
      </object_component>
      <object_component id="oc-452">
         <name>.text:SimpleLink_Init_Start</name>
         <load_address>0x49a0</load_address>
         <run_address>0x49a0</run_address>
         <size>0x30</size>
         <input_file_ref idref="fl-62"/>
      </object_component>
      <object_component id="oc-88f">
         <name>.text:SpiDisableSSIDMAChannels</name>
         <load_address>0x49d0</load_address>
         <run_address>0x49d0</run_address>
         <size>0x30</size>
         <input_file_ref idref="fl-5a"/>
      </object_component>
      <object_component id="oc-6c6">
         <name>.text:SpiResumeSpi</name>
         <load_address>0x4a00</load_address>
         <run_address>0x4a00</run_address>
         <size>0x30</size>
         <input_file_ref idref="fl-5a"/>
      </object_component>
      <object_component id="oc-569">
         <name>.text:USBHCDDevClass</name>
         <load_address>0x4a30</load_address>
         <run_address>0x4a30</run_address>
         <size>0x30</size>
         <input_file_ref idref="fl-24"/>
      </object_component>
      <object_component id="oc-2de">
         <name>.text:USBHCDSetInterface</name>
         <load_address>0x4a60</load_address>
         <run_address>0x4a60</run_address>
         <size>0x30</size>
         <input_file_ref idref="fl-24"/>
      </object_component>
      <object_component id="oc-730">
         <name>.text:USBHostHubAddrSet</name>
         <load_address>0x4a90</load_address>
         <run_address>0x4a90</run_address>
         <size>0x30</size>
         <input_file_ref idref="fl-57"/>
      </object_component>
      <object_component id="oc-13e">
         <name>.text:uvc_data_cb</name>
         <load_address>0x4ac0</load_address>
         <run_address>0x4ac0</run_address>
         <size>0x30</size>
         <input_file_ref idref="fl-2"/>
      </object_component>
      <object_component id="oc-495">
         <name>.text:ustrstr</name>
         <load_address>0x4af0</load_address>
         <run_address>0x4af0</run_address>
         <size>0x2e</size>
         <input_file_ref idref="fl-15"/>
      </object_component>
      <object_component id="oc-70c">
         <name>.text:ConfigDescFree</name>
         <load_address>0x4b20</load_address>
         <run_address>0x4b20</run_address>
         <size>0x2c</size>
         <input_file_ref idref="fl-24"/>
      </object_component>
      <object_component id="oc-85d">
         <name>.text:FIFOFree</name>
         <load_address>0x4b4c</load_address>
         <run_address>0x4b4c</run_address>
         <size>0x2c</size>
         <input_file_ref idref="fl-24"/>
      </object_component>
      <object_component id="oc-2b2">
         <name>.text:InternalUSBHCDSendEvent</name>
         <load_address>0x4b78</load_address>
         <run_address>0x4b78</run_address>
         <size>0x2c</size>
         <input_file_ref idref="fl-24"/>
      </object_component>
      <object_component id="oc-3f3">
         <name>.text:SpiCleanGPIOISR</name>
         <load_address>0x4ba4</load_address>
         <run_address>0x4ba4</run_address>
         <size>0x2c</size>
         <input_file_ref idref="fl-5a"/>
      </object_component>
      <object_component id="oc-65f">
         <name>.text:UARTFlushRx</name>
         <load_address>0x4bd0</load_address>
         <run_address>0x4bd0</run_address>
         <size>0x2c</size>
         <input_file_ref idref="fl-14"/>
      </object_component>
      <object_component id="oc-837">
         <name>.text:USBDescGet</name>
         <load_address>0x4bfc</load_address>
         <run_address>0x4bfc</run_address>
         <size>0x2c</size>
         <input_file_ref idref="fl-17"/>
      </object_component>
      <object_component id="oc-83d">
         <name>.text:USBDescGetAlternateInterface</name>
         <load_address>0x4c28</load_address>
         <run_address>0x4c28</run_address>
         <size>0x2c</size>
         <input_file_ref idref="fl-17"/>
      </object_component>
      <object_component id="oc-686">
         <name>.text:hci_unsolicited_event_handler</name>
         <load_address>0x4c54</load_address>
         <run_address>0x4c54</run_address>
         <size>0x2c</size>
         <input_file_ref idref="fl-5c"/>
      </object_component>
      <object_component id="oc-20f">
         <name>.text:wlan_init</name>
         <load_address>0x4c80</load_address>
         <run_address>0x4c80</run_address>
         <size>0x2c</size>
         <input_file_ref idref="fl-62"/>
      </object_component>
      <object_component id="oc-349">
         <name>.text:GPIODirModeSet</name>
         <load_address>0x4cac</load_address>
         <run_address>0x4cac</run_address>
         <size>0x2a</size>
         <input_file_ref idref="fl-45"/>
      </object_component>
      <object_component id="oc-97c">
         <name>.text:USBHCDPipeDataAck</name>
         <load_address>0x4cd8</load_address>
         <run_address>0x4cd8</run_address>
         <size>0x28</size>
         <input_file_ref idref="fl-24"/>
      </object_component>
      <object_component id="oc-10a">
         <name>.text:WIFI_sendUSBData</name>
         <load_address>0x4d00</load_address>
         <run_address>0x4d00</run_address>
         <size>0x28</size>
         <input_file_ref idref="fl-2"/>
      </object_component>
      <object_component id="oc-29e">
         <name>.text:set_socket_active_status</name>
         <load_address>0x4d28</load_address>
         <run_address>0x4d28</run_address>
         <size>0x28</size>
         <input_file_ref idref="fl-5c"/>
      </object_component>
      <object_component id="oc-539">
         <name>.text:USBHostSpeedGet</name>
         <load_address>0x4d50</load_address>
         <run_address>0x4d50</run_address>
         <size>0x26</size>
         <input_file_ref idref="fl-57"/>
      </object_component>
      <object_component id="oc-962">
         <name>.text:USBEndpointDataToggleClear</name>
         <load_address>0x4d76</load_address>
         <run_address>0x4d76</run_address>
         <size>0x24</size>
         <input_file_ref idref="fl-57"/>
      </object_component>
      <object_component id="oc-ce">
         <name>.text:USBStackModeSet</name>
         <load_address>0x4d9c</load_address>
         <run_address>0x4d9c</run_address>
         <size>0x24</size>
         <input_file_ref idref="fl-1a"/>
      </object_component>
      <object_component id="oc-289">
         <name>.text:hci_command_send</name>
         <load_address>0x4dc0</load_address>
         <run_address>0x4dc0</run_address>
         <size>0x24</size>
         <input_file_ref idref="fl-5d"/>
      </object_component>
      <object_component id="oc-814">
         <name>.text:update_socket_active_status</name>
         <load_address>0x4de4</load_address>
         <run_address>0x4de4</run_address>
         <size>0x24</size>
         <input_file_ref idref="fl-5c"/>
      </object_component>
      <object_component id="oc-116">
         <name>.text:uvc_probe_set_cur</name>
         <load_address>0x4e08</load_address>
         <run_address>0x4e08</run_address>
         <size>0x24</size>
         <input_file_ref idref="fl-5"/>
      </object_component>
      <object_component id="oc-5c8">
         <name>.text:uDMAUSBChannelStatus</name>
         <load_address>0x4e2c</load_address>
         <run_address>0x4e2c</run_address>
         <size>0x22</size>
         <input_file_ref idref="fl-18"/>
      </object_component>
      <object_component id="oc-913">
         <name>.text:uvc_parse_input_terminal</name>
         <load_address>0x4e4e</load_address>
         <run_address>0x4e4e</run_address>
         <size>0x22</size>
         <input_file_ref idref="fl-5"/>
      </object_component>
      <object_component id="oc-4f6">
         <name>.text:HubDriverDeviceConnect</name>
         <load_address>0x4e70</load_address>
         <run_address>0x4e70</run_address>
         <size>0x20</size>
         <input_file_ref idref="fl-22"/>
      </object_component>
      <object_component id="oc-4d2">
         <name>.text:HubDriverDeviceReset</name>
         <load_address>0x4e90</load_address>
         <run_address>0x4e90</run_address>
         <size>0x20</size>
         <input_file_ref idref="fl-22"/>
      </object_component>
      <object_component id="oc-233">
         <name>.text:InitSysTick</name>
         <load_address>0x4eb0</load_address>
         <run_address>0x4eb0</run_address>
         <size>0x20</size>
         <input_file_ref idref="fl-63"/>
      </object_component>
      <object_component id="oc-98b">
         <name>.text:USBHostEndpointDataAck</name>
         <load_address>0x4ed0</load_address>
         <run_address>0x4ed0</run_address>
         <size>0x20</size>
         <input_file_ref idref="fl-57"/>
      </object_component>
      <object_component id="oc-175">
         <name>.text:_SysCtlMemTimingGet</name>
         <load_address>0x4ef0</load_address>
         <run_address>0x4ef0</run_address>
         <size>0x20</size>
         <input_file_ref idref="fl-51"/>
      </object_component>
      <object_component id="oc-823">
         <name>.text:get_socket_active_status</name>
         <load_address>0x4f10</load_address>
         <run_address>0x4f10</run_address>
         <size>0x20</size>
         <input_file_ref idref="fl-5c"/>
      </object_component>
      <object_component id="oc-576">
         <name>.text:uvc_close</name>
         <load_address>0x4f30</load_address>
         <run_address>0x4f30</run_address>
         <size>0x20</size>
         <input_file_ref idref="fl-5"/>
      </object_component>
      <object_component id="oc-723">
         <name>.text:USBDescGetInterface</name>
         <load_address>0x4f50</load_address>
         <run_address>0x4f50</run_address>
         <size>0x1e</size>
         <input_file_ref idref="fl-17"/>
      </object_component>
      <object_component id="oc-383">
         <name>.text:USBULPIRegRead</name>
         <load_address>0x4f6e</load_address>
         <run_address>0x4f6e</run_address>
         <size>0x1e</size>
         <input_file_ref idref="fl-57"/>
      </object_component>
      <object_component id="oc-389">
         <name>.text:USBULPIRegWrite</name>
         <load_address>0x4f8c</load_address>
         <run_address>0x4f8c</run_address>
         <size>0x1e</size>
         <input_file_ref idref="fl-57"/>
      </object_component>
      <object_component id="oc-712">
         <name>.text:OTGDeviceDisconnect</name>
         <load_address>0x4fac</load_address>
         <run_address>0x4fac</run_address>
         <size>0x1c</size>
         <input_file_ref idref="fl-1a"/>
      </object_component>
      <object_component id="oc-3e0">
         <name>.text:initClk</name>
         <load_address>0x4fc8</load_address>
         <run_address>0x4fc8</run_address>
         <size>0x1c</size>
         <input_file_ref idref="fl-63"/>
      </object_component>
      <object_component id="oc-11c">
         <name>.text:uvc_set_iface</name>
         <load_address>0x4fe4</load_address>
         <run_address>0x4fe4</run_address>
         <size>0x1c</size>
         <input_file_ref idref="fl-5"/>
      </object_component>
      <object_component id="oc-6ba">
         <name>.text:STREAM_TO_UINT32_f</name>
         <load_address>0x5000</load_address>
         <run_address>0x5000</run_address>
         <size>0x1a</size>
         <input_file_ref idref="fl-5b"/>
      </object_component>
      <object_component id="oc-22d">
         <name>.text:UARTprintf</name>
         <load_address>0x501a</load_address>
         <run_address>0x501a</run_address>
         <size>0x1a</size>
         <input_file_ref idref="fl-14"/>
      </object_component>
      <object_component id="oc-3b6">
         <name>.text:USBOTGSessionRequest</name>
         <load_address>0x5034</load_address>
         <run_address>0x5034</run_address>
         <size>0x1a</size>
         <input_file_ref idref="fl-57"/>
      </object_component>
      <object_component id="oc-1a4">
         <name>.text:GPIOPinTypeGPIOOutput</name>
         <load_address>0x504e</load_address>
         <run_address>0x504e</run_address>
         <size>0x18</size>
         <input_file_ref idref="fl-45"/>
      </object_component>
      <object_component id="oc-7e7">
         <name>.text:IsBufferFull</name>
         <load_address>0x5066</load_address>
         <run_address>0x5066</run_address>
         <size>0x18</size>
         <input_file_ref idref="fl-14"/>
      </object_component>
      <object_component id="oc-889">
         <name>.text:SpiIsDMAStopped</name>
         <load_address>0x5080</load_address>
         <run_address>0x5080</run_address>
         <size>0x18</size>
         <input_file_ref idref="fl-5a"/>
      </object_component>
      <object_component id="oc-27d">
         <name>.text:UINT32_TO_STREAM_f</name>
         <load_address>0x5098</load_address>
         <run_address>0x5098</run_address>
         <size>0x18</size>
         <input_file_ref idref="fl-5b"/>
      </object_component>
      <object_component id="oc-52d">
         <name>.text:USBHHubEnumerationComplete</name>
         <load_address>0x50b0</load_address>
         <run_address>0x50b0</run_address>
         <size>0x18</size>
         <input_file_ref idref="fl-22"/>
      </object_component>
      <object_component id="oc-545">
         <name>.text:USBHHubEnumerationError</name>
         <load_address>0x50c8</load_address>
         <run_address>0x50c8</run_address>
         <size>0x18</size>
         <input_file_ref idref="fl-22"/>
      </object_component>
      <object_component id="oc-869">
         <name>.text:USBHostRequestINClear</name>
         <load_address>0x50e0</load_address>
         <run_address>0x50e0</run_address>
         <size>0x18</size>
         <input_file_ref idref="fl-57"/>
      </object_component>
      <object_component id="oc-24e">
         <name>.text:WriteWlanPin</name>
         <load_address>0x50f8</load_address>
         <run_address>0x50f8</run_address>
         <size>0x18</size>
         <input_file_ref idref="fl-63"/>
      </object_component>
      <object_component id="oc-4c">
         <name>.text</name>
         <load_address>0x5110</load_address>
         <run_address>0x5110</run_address>
         <size>0x18</size>
         <input_file_ref idref="fl-19c"/>
      </object_component>
      <object_component id="oc-122">
         <name>.text:uvc_main</name>
         <load_address>0x5128</load_address>
         <run_address>0x5128</run_address>
         <size>0x18</size>
         <input_file_ref idref="fl-5"/>
      </object_component>
      <object_component id="oc-863">
         <name>.text:USBHostAddrSet</name>
         <load_address>0x5140</load_address>
         <run_address>0x5140</run_address>
         <size>0x16</size>
         <input_file_ref idref="fl-57"/>
      </object_component>
      <object_component id="oc-209">
         <name>.text:init_spi</name>
         <load_address>0x5156</load_address>
         <run_address>0x5156</run_address>
         <size>0x16</size>
         <input_file_ref idref="fl-5a"/>
      </object_component>
      <object_component id="oc-28f">
         <name>.text:SimpleLinkWaitEvent</name>
         <load_address>0x516c</load_address>
         <run_address>0x516c</run_address>
         <size>0x14</size>
         <input_file_ref idref="fl-5c"/>
      </object_component>
      <object_component id="oc-1d8">
         <name>.text:SysCtlUSBPLLEnable</name>
         <load_address>0x5180</load_address>
         <run_address>0x5180</run_address>
         <size>0x14</size>
         <input_file_ref idref="fl-51"/>
      </object_component>
      <object_component id="oc-b0">
         <name>.text:SysTickEnable</name>
         <load_address>0x5194</load_address>
         <run_address>0x5194</run_address>
         <size>0x14</size>
         <input_file_ref idref="fl-53"/>
      </object_component>
      <object_component id="oc-b6">
         <name>.text:SysTickIntEnable</name>
         <load_address>0x51a8</load_address>
         <run_address>0x51a8</run_address>
         <size>0x14</size>
         <input_file_ref idref="fl-53"/>
      </object_component>
      <object_component id="oc-7ae">
         <name>.text:USBDMAChannelConfigSet</name>
         <load_address>0x51bc</load_address>
         <run_address>0x51bc</run_address>
         <size>0x14</size>
         <input_file_ref idref="fl-57"/>
      </object_component>
      <object_component id="oc-970">
         <name>.text:USBHCDPipeTransferSizeGet</name>
         <load_address>0x51d0</load_address>
         <run_address>0x51d0</run_address>
         <size>0x14</size>
         <input_file_ref idref="fl-24"/>
      </object_component>
      <object_component id="oc-8ec">
         <name>.text:USBHCDPowerAutomatic</name>
         <load_address>0x51e4</load_address>
         <run_address>0x51e4</run_address>
         <size>0x14</size>
         <input_file_ref idref="fl-24"/>
      </object_component>
      <object_component id="oc-502">
         <name>.text:USBHubPortSpeedSet</name>
         <load_address>0x51f8</load_address>
         <run_address>0x51f8</run_address>
         <size>0x14</size>
         <input_file_ref idref="fl-22"/>
      </object_component>
      <object_component id="oc-160">
         <name>.text</name>
         <load_address>0x520c</load_address>
         <run_address>0x520c</run_address>
         <size>0x14</size>
         <input_file_ref idref="fl-19b"/>
      </object_component>
      <object_component id="oc-2a6">
         <name>.text:sendto</name>
         <load_address>0x5220</load_address>
         <run_address>0x5220</run_address>
         <size>0x14</size>
         <input_file_ref idref="fl-61"/>
      </object_component>
      <object_component id="oc-e6">
         <name>.text:uvc_init</name>
         <load_address>0x5234</load_address>
         <run_address>0x5234</run_address>
         <size>0x14</size>
         <input_file_ref idref="fl-5"/>
      </object_component>
      <object_component id="oc-19e">
         <name>.text:GPIOPinTypeGPIOInput</name>
         <load_address>0x5248</load_address>
         <run_address>0x5248</run_address>
         <size>0x12</size>
         <input_file_ref idref="fl-45"/>
      </object_component>
      <object_component id="oc-41b">
         <name>.text:GPIOPinTypeUART</name>
         <load_address>0x525a</load_address>
         <run_address>0x525a</run_address>
         <size>0x12</size>
         <input_file_ref idref="fl-45"/>
      </object_component>
      <object_component id="oc-192">
         <name>.text:GPIOPinTypeUSBAnalog</name>
         <load_address>0x526c</load_address>
         <run_address>0x526c</run_address>
         <size>0x12</size>
         <input_file_ref idref="fl-45"/>
      </object_component>
      <object_component id="oc-198">
         <name>.text:GPIOPinTypeUSBDigital</name>
         <load_address>0x527e</load_address>
         <run_address>0x527e</run_address>
         <size>0x12</size>
         <input_file_ref idref="fl-45"/>
      </object_component>
      <object_component id="oc-51b">
         <name>.text:SendUnknownConnect</name>
         <load_address>0x5290</load_address>
         <run_address>0x5290</run_address>
         <size>0x12</size>
         <input_file_ref idref="fl-24"/>
      </object_component>
      <object_component id="oc-77f">
         <name>.text:USBDMAChannelDisable</name>
         <load_address>0x52a2</load_address>
         <run_address>0x52a2</run_address>
         <size>0x12</size>
         <input_file_ref idref="fl-57"/>
      </object_component>
      <object_component id="oc-7b4">
         <name>.text:USBDMAChannelEnable</name>
         <load_address>0x52b4</load_address>
         <run_address>0x52b4</run_address>
         <size>0x12</size>
         <input_file_ref idref="fl-57"/>
      </object_component>
      <object_component id="oc-79b">
         <name>.text:USBDMAChannelIntDisable</name>
         <load_address>0x52c6</load_address>
         <run_address>0x52c6</run_address>
         <size>0x12</size>
         <input_file_ref idref="fl-57"/>
      </object_component>
      <object_component id="oc-794">
         <name>.text:USBDMAChannelIntEnable</name>
         <load_address>0x52d8</load_address>
         <run_address>0x52d8</run_address>
         <size>0x12</size>
         <input_file_ref idref="fl-57"/>
      </object_component>
      <object_component id="oc-3bc">
         <name>.text:USBHostLPMConfig</name>
         <load_address>0x52ea</load_address>
         <run_address>0x52ea</run_address>
         <size>0x12</size>
         <input_file_ref idref="fl-57"/>
      </object_component>
      <object_component id="oc-f8">
         <name>.text:ustrlen</name>
         <load_address>0x52fc</load_address>
         <run_address>0x52fc</run_address>
         <size>0x12</size>
         <input_file_ref idref="fl-15"/>
      </object_component>
      <object_component id="oc-3d4">
         <name>.text:FPUEnable</name>
         <load_address>0x5310</load_address>
         <run_address>0x5310</run_address>
         <size>0x10</size>
         <input_file_ref idref="fl-44"/>
      </object_component>
      <object_component id="oc-3da">
         <name>.text:FPULazyStackingEnable</name>
         <load_address>0x5320</load_address>
         <run_address>0x5320</run_address>
         <size>0x10</size>
         <input_file_ref idref="fl-44"/>
      </object_component>
      <object_component id="oc-445">
         <name>.text:IntMasterEnable</name>
         <load_address>0x5330</load_address>
         <run_address>0x5330</run_address>
         <size>0x10</size>
         <input_file_ref idref="fl-48"/>
      </object_component>
      <object_component id="oc-45b">
         <name>.text:SpiReceiveHandler</name>
         <load_address>0x5340</load_address>
         <run_address>0x5340</run_address>
         <size>0x10</size>
         <input_file_ref idref="fl-62"/>
      </object_component>
      <object_component id="oc-aa">
         <name>.text:SysTickPeriodSet</name>
         <load_address>0x5350</load_address>
         <run_address>0x5350</run_address>
         <size>0x10</size>
         <input_file_ref idref="fl-53"/>
      </object_component>
      <object_component id="oc-d4">
         <name>.text:USBHCDRegisterDrivers</name>
         <load_address>0x5360</load_address>
         <run_address>0x5360</run_address>
         <size>0x10</size>
         <input_file_ref idref="fl-24"/>
      </object_component>
      <object_component id="oc-c2">
         <name>.text:uDMAEnable</name>
         <load_address>0x5370</load_address>
[...]
         <value>0x5195</value>
         <object_component_ref idref="oc-b0"/>
      </symbol>
      <symbol id="sm-b90">
         <name>SysTickIntEnable</name>
         <value>0x51a9</value>
         <object_component_ref idref="oc-b6"/>
      </symbol>
      <symbol id="sm-b91">
         <name>SysTickPeriodSet</name>
         <value>0x5351</value>
         <object_component_ref idref="oc-aa"/>
      </symbol>
      <symbol id="sm-bbf">
         <name>UARTIntEnable</name>
         <value>0x5503</value>
         <object_component_ref idref="oc-43f"/>
      </symbol>
      <symbol id="sm-bc0">
         <name>UARTClockSourceSet</name>
         <value>0x554d</value>
         <object_component_ref idref="oc-42d"/>
      </symbol>
      <symbol id="sm-bc1">
         <name>UARTIntDisable</name>
         <value>0x54b5</value>
         <object_component_ref idref="oc-421"/>
      </symbol>
      <symbol id="sm-bc2">
         <name>UARTIntClear</name>
         <value>0x556f</value>
         <object_component_ref idref="oc-439"/>
      </symbol>
      <symbol id="sm-bc3">
         <name>UARTFIFOLevelSet</name>
         <value>0x5553</value>
         <object_component_ref idref="oc-427"/>
      </symbol>
      <symbol id="sm-bdc">
         <name>uDMAEnable</name>
         <value>0x5371</value>
         <object_component_ref idref="oc-c2"/>
      </symbol>
      <symbol id="sm-bdd">
         <name>uDMAControlBaseSet</name>
         <value>0x5491</value>
         <object_component_ref idref="oc-c8"/>
      </symbol>
      <symbol id="sm-ce8">
         <name>USBHostRequestINClear</name>
         <value>0x50e1</value>
         <object_component_ref idref="oc-869"/>
      </symbol>
      <symbol id="sm-ce9">
         <name>USBLPMIntEnable</name>
         <value>0x5461</value>
         <object_component_ref idref="oc-3c2"/>
      </symbol>
      <symbol id="sm-cea">
         <name>USBClockEnable</name>
         <value>0x54bf</value>
         <object_component_ref idref="oc-1de"/>
      </symbol>
      <symbol id="sm-ceb">
         <name>USBDMAChannelIntStatus</name>
         <value>0x5559</value>
         <object_component_ref idref="oc-78d"/>
      </symbol>
      <symbol id="sm-cec">
         <name>USBDMAChannelCountSet</name>
         <value>0x54dd</value>
         <object_component_ref idref="oc-7a8"/>
      </symbol>
      <symbol id="sm-ced">
         <name>USBDMAChannelAddressSet</name>
         <value>0x54d3</value>
         <object_component_ref idref="oc-7a2"/>
      </symbol>
      <symbol id="sm-cee">
         <name>USBHostHubAddrSet</name>
         <value>0x4a91</value>
         <object_component_ref idref="oc-730"/>
      </symbol>
      <symbol id="sm-cef">
         <name>USBULPIDisable</name>
         <value>0x53d5</value>
         <object_component_ref idref="oc-1f0"/>
      </symbol>
      <symbol id="sm-cf0">
         <name>USBNumEndpointsGet</name>
         <value>0x54f1</value>
         <object_component_ref idref="oc-392"/>
      </symbol>
      <symbol id="sm-cf1">
         <name>USBOTGSessionRequest</name>
         <value>0x5035</value>
         <object_component_ref idref="oc-3b6"/>
      </symbol>
      <symbol id="sm-cf2">
         <name>USBDMAChannelConfigSet</name>
         <value>0x51bd</value>
         <object_component_ref idref="oc-7ae"/>
      </symbol>
      <symbol id="sm-cf3">
         <name>USBULPIRegRead</name>
         <value>0x4f6f</value>
         <object_component_ref idref="oc-383"/>
      </symbol>
      <symbol id="sm-cf4">
         <name>USBULPIEnable</name>
         <value>0x53e3</value>
         <object_component_ref idref="oc-1e4"/>
      </symbol>
      <symbol id="sm-cf5">
         <name>USBFIFOAddrGet</name>
         <value>0x550b</value>
         <object_component_ref idref="oc-76a"/>
      </symbol>
      <symbol id="sm-cf6">
         <name>USBDMAChannelStatus</name>
         <value>0x53c7</value>
         <object_component_ref idref="oc-786"/>
      </symbol>
      <symbol id="sm-cf7">
         <name>USBULPIRegWrite</name>
         <value>0x4f8d</value>
         <object_component_ref idref="oc-389"/>
      </symbol>
      <symbol id="sm-cf8">
         <name>USBHostSuspend</name>
         <value>0x54e7</value>
         <object_component_ref idref="oc-8e6"/>
      </symbol>
      <symbol id="sm-cf9">
         <name>USBDMAChannelIntEnable</name>
         <value>0x52d9</value>
         <object_component_ref idref="oc-794"/>
      </symbol>
      <symbol id="sm-cfa">
         <name>USBHostSpeedGet</name>
         <value>0x4d51</value>
         <object_component_ref idref="oc-539"/>
      </symbol>
      <symbol id="sm-cfb">
         <name>USBHostAddrSet</name>
         <value>0x5141</value>
         <object_component_ref idref="oc-863"/>
      </symbol>
      <symbol id="sm-cfc">
         <name>USBControllerVersion</name>
         <value>0x54c9</value>
         <object_component_ref idref="oc-595"/>
      </symbol>
      <symbol id="sm-cfd">
         <name>USBHostEndpointConfig</name>
         <value>0x263b</value>
         <object_component_ref idref="oc-3aa"/>
      </symbol>
      <symbol id="sm-cfe">
         <name>USBEndpointDataToggleClear</name>
         <value>0x4d77</value>
         <object_component_ref idref="oc-962"/>
      </symbol>
      <symbol id="sm-cff">
         <name>USBHostEndpointDataAck</name>
         <value>0x4ed1</value>
         <object_component_ref idref="oc-98b"/>
      </symbol>
      <symbol id="sm-d00">
         <name>USBEndpointPacketCountSet</name>
         <value>0x543d</value>
         <object_component_ref idref="oc-770"/>
      </symbol>
      <symbol id="sm-d01">
         <name>USBDMAChannelIntDisable</name>
         <value>0x52c7</value>
         <object_component_ref idref="oc-79b"/>
      </symbol>
      <symbol id="sm-d02">
         <name>USBEndpointDMAConfigSet</name>
         <value>0x4069</value>
         <object_component_ref idref="oc-776"/>
      </symbol>
      <symbol id="sm-d03">
         <name>USBDMAChannelDisable</name>
         <value>0x52a3</value>
         <object_component_ref idref="oc-77f"/>
      </symbol>
      <symbol id="sm-d04">
         <name>USBDMAChannelEnable</name>
         <value>0x52b5</value>
         <object_component_ref idref="oc-7b4"/>
      </symbol>
      <symbol id="sm-d05">
         <name>USBHostLPMConfig</name>
         <value>0x52eb</value>
         <object_component_ref idref="oc-3bc"/>
      </symbol>
      <symbol id="sm-d15">
         <name>DispatcherUARTConfigure</name>
         <value>0x2d59</value>
         <object_component_ref idref="oc-215"/>
      </symbol>
      <symbol id="sm-de1">
         <name>SpiCleanGPIOISR</name>
         <value>0x4ba5</value>
         <object_component_ref idref="oc-3f3"/>
      </symbol>
      <symbol id="sm-de2">
         <name>tSpiReadHeader</name>
         <value>0x564f</value>
         <object_component_ref idref="oc-8de"/>
      </symbol>
      <symbol id="sm-de3">
         <name>g_pui8Dummy</name>
         <value>0x564d</value>
         <object_component_ref idref="oc-8de"/>
      </symbol>
      <symbol id="sm-de4">
         <name>wlan_rx_buffer</name>
         <value>0x5ecc</value>
         <object_component_ref idref="oc-67f"/>
      </symbol>
      <symbol id="sm-de5">
         <name>sSpiInformation</name>
         <value>0x7a9c</value>
         <object_component_ref idref="oc-650"/>
      </symbol>
      <symbol id="sm-de6">
         <name>SpiWrite</name>
         <value>0x34cd</value>
         <object_component_ref idref="oc-4a8"/>
      </symbol>
      <symbol id="sm-de7">
         <name>wlan_tx_buffer</name>
         <value>0x64bc</value>
         <object_component_ref idref="oc-458"/>
      </symbol>
      <symbol id="sm-de8">
         <name>SpiConfigureHwMapping</name>
         <value>0x401d</value>
         <object_component_ref idref="oc-40c"/>
      </symbol>
      <symbol id="sm-de9">
         <name>SpiFirstWrite</name>
         <value>0x3005</value>
         <object_component_ref idref="oc-6ab"/>
      </symbol>
      <symbol id="sm-dea">
         <name>SpiResumeSpi</name>
         <value>0x4a01</value>
         <object_component_ref idref="oc-6c6"/>
      </symbol>
      <symbol id="sm-deb">
         <name>SpiOpen</name>
         <value>0x4195</value>
         <object_component_ref idref="oc-44c"/>
      </symbol>
      <symbol id="sm-dec">
         <name>init_spi</name>
         <value>0x5157</value>
         <object_component_ref idref="oc-209"/>
      </symbol>
      <symbol id="sm-e11">
         <name>UINT32_TO_STREAM_f</name>
         <value>0x5099</value>
         <object_component_ref idref="oc-27d"/>
      </symbol>
      <symbol id="sm-e12">
         <name>UINT16_TO_STREAM_f</name>
         <value>0x5431</value>
         <object_component_ref idref="oc-283"/>
      </symbol>
      <symbol id="sm-e13">
         <name>STREAM_TO_UINT32_f</name>
         <value>0x5001</value>
         <object_component_ref idref="oc-6ba"/>
      </symbol>
      <symbol id="sm-e14">
         <name>STREAM_TO_UINT16_f</name>
         <value>0x53b9</value>
         <object_component_ref idref="oc-6b4"/>
      </symbol>
      <symbol id="sm-ec0">
         <name>hci_unsolicited_event_handler</name>
         <value>0x4c55</value>
         <object_component_ref idref="oc-686"/>
      </symbol>
      <symbol id="sm-ec1">
         <name>hci_unsol_handle_patch_request</name>
         <value>0x32f5</value>
         <object_component_ref idref="oc-6cc"/>
      </symbol>
      <symbol id="sm-ec2">
         <name>SimpleLinkWaitEvent</name>
         <value>0x516d</value>
         <object_component_ref idref="oc-28f"/>
      </symbol>
      <symbol id="sm-ec3">
         <name>socket_active_status</name>
         <value>0x5684</value>
         <object_component_ref idref="oc-4c3"/>
      </symbol>
      <symbol id="sm-ec4">
         <name>hci_event_handler</name>
         <value>0x21</value>
         <object_component_ref idref="oc-4b0"/>
      </symbol>
      <symbol id="sm-ec5">
         <name>hci_unsol_event_handler</name>
         <value>0xce9</value>
         <object_component_ref idref="oc-6c0"/>
      </symbol>
      <symbol id="sm-ec6">
         <name>get_socket_active_status</name>
         <value>0x4f11</value>
         <object_component_ref idref="oc-823"/>
      </symbol>
      <symbol id="sm-ec7">
         <name>set_socket_active_status</name>
         <value>0x4d29</value>
         <object_component_ref idref="oc-29e"/>
      </symbol>
      <symbol id="sm-ee9">
         <name>hci_data_send</name>
         <value>0x48dd</value>
         <object_component_ref idref="oc-6dd"/>
      </symbol>
      <symbol id="sm-eea">
         <name>hci_command_send</name>
         <value>0x4dc1</value>
         <object_component_ref idref="oc-289"/>
      </symbol>
      <symbol id="sm-eeb">
         <name>hci_patch_send</name>
         <value>0x2571</value>
         <object_component_ref idref="oc-81c"/>
      </symbol>
      <symbol id="sm-f2b">
         <name>socket</name>
         <value>0x3c2d</value>
         <object_component_ref idref="oc-104"/>
      </symbol>
      <symbol id="sm-f2c">
         <name>sendto</name>
         <value>0x5221</value>
         <object_component_ref idref="oc-2a6"/>
      </symbol>
      <symbol id="sm-f86">
         <name>wlan_set_event_mask</name>
         <value>0x3d35</value>
         <object_component_ref idref="oc-227"/>
      </symbol>
      <symbol id="sm-f87">
         <name>tSLInformation</name>
         <value>0x73bc</value>
         <object_component_ref idref="oc-295"/>
      </symbol>
      <symbol id="sm-f88">
         <name>wlan_connect</name>
         <value>0x2705</value>
         <object_component_ref idref="oc-fe"/>
      </symbol>
      <symbol id="sm-f89">
         <name>SpiReceiveHandler</name>
         <value>0x5341</value>
         <object_component_ref idref="oc-45b"/>
      </symbol>
      <symbol id="sm-f8a">
         <name>wlan_start</name>
         <value>0x3185</value>
         <object_component_ref idref="oc-21b"/>
      </symbol>
      <symbol id="sm-f8b">
         <name>wlan_init</name>
         <value>0x4c81</value>
         <object_component_ref idref="oc-20f"/>
      </symbol>
      <symbol id="sm-100e">
         <name>g_ui32SysClock</name>
         <value>0x7bcc</value>
      </symbol>
      <symbol id="sm-100f">
         <name>ReadWlanInterruptPin</name>
         <value>0x5425</value>
         <object_component_ref idref="oc-23c"/>
      </symbol>
      <symbol id="sm-1010">
         <name>WriteWlanPin</name>
         <value>0x50f9</value>
         <object_component_ref idref="oc-24e"/>
      </symbol>
      <symbol id="sm-1011">
         <name>turnLedOff</name>
         <value>0x43b9</value>
         <object_component_ref idref="oc-487"/>
      </symbol>
      <symbol id="sm-1012">
         <name>initLEDs</name>
         <value>0x46c9</value>
         <object_component_ref idref="oc-405"/>
      </symbol>
      <symbol id="sm-1013">
         <name>WlanInterruptEnable</name>
         <value>0x5479</value>
         <object_component_ref idref="oc-242"/>
      </symbol>
      <symbol id="sm-1014">
         <name>pio_init</name>
         <value>0x23d9</value>
         <object_component_ref idref="oc-203"/>
      </symbol>
      <symbol id="sm-1015">
         <name>initClk</name>
         <value>0x4fc9</value>
         <object_component_ref idref="oc-3e0"/>
      </symbol>
      <symbol id="sm-1016">
         <name>turnLedOn</name>
         <value>0x4529</value>
         <object_component_ref idref="oc-221"/>
      </symbol>
      <symbol id="sm-1017">
         <name>InitSysTick</name>
         <value>0x4eb1</value>
         <object_component_ref idref="oc-233"/>
      </symbol>
      <symbol id="sm-1018">
         <name>g_psLEDs</name>
         <value>0x7eec</value>
         <object_component_ref idref="oc-462"/>
      </symbol>
      <symbol id="sm-1019">
         <name>WlanInterruptDisable</name>
         <value>0x546d</value>
         <object_component_ref idref="oc-248"/>
      </symbol>
      <symbol id="sm-102b">
         <name>_c_int00</name>
         <value>0x3f31</value>
         <object_component_ref idref="oc-15"/>
      </symbol>
      <symbol id="sm-102c">
         <name>__stack</name>
         <value>0x7fd4</value>
         <object_component_ref idref="oc-1a"/>
      </symbol>
      <symbol id="sm-1043">
         <name>__TI_decompress_none</name>
         <value>0x53f1</value>
         <object_component_ref idref="oc-3"/>
      </symbol>
      <symbol id="sm-1066">
         <name>__TI_decompress_rle24</name>
         <value>0x555f</value>
         <object_component_ref idref="oc-9"/>
      </symbol>
      <symbol id="sm-1078">
         <name>__TI_zero_init</name>
         <value>0x5485</value>
         <object_component_ref idref="oc-f"/>
      </symbol>
      <symbol id="sm-1080">
         <name>_Errno</name>
         <value>0x5688</value>
         <object_component_ref idref="oc-298"/>
      </symbol>
      <symbol id="sm-109f">
         <name>C$$EXIT</name>
         <value>0x42b1</value>
         <object_component_ref idref="oc-52"/>
      </symbol>
      <symbol id="sm-10a0">
         <name>abort</name>
         <value>0x42b5</value>
         <object_component_ref idref="oc-52"/>
      </symbol>
      <symbol id="sm-10a1">
         <name>exit</name>
         <value>0x42bd</value>
         <object_component_ref idref="oc-52"/>
      </symbol>
      <symbol id="sm-10a2">
         <name>__TI_dtors_ptr</name>
         <value>0x5680</value>
         <object_component_ref idref="oc-88"/>
      </symbol>
      <symbol id="sm-10a3">
         <name>__TI_cleanup_ptr</name>
         <value>0x567c</value>
         <object_component_ref idref="oc-88"/>
      </symbol>
      <symbol id="sm-10be">
         <name>memcpy</name>
         <value>0x2a65</value>
         <object_component_ref idref="oc-1b"/>
      </symbol>
      <symbol id="sm-10bf">
         <name>__aeabi_memcpy</name>
         <value>0x2a65</value>
         <object_component_ref idref="oc-1b"/>
      </symbol>
      <symbol id="sm-10c0">
         <name>__aeabi_memcpy8</name>
         <value>0x2a65</value>
         <object_component_ref idref="oc-1b"/>
      </symbol>
      <symbol id="sm-10c1">
         <name>__aeabi_memcpy4</name>
         <value>0x2a65</value>
         <object_component_ref idref="oc-1b"/>
      </symbol>
      <symbol id="sm-10d0">
         <name>__aeabi_memset</name>
         <value>0x3203</value>
         <object_component_ref idref="oc-34"/>
      </symbol>
      <symbol id="sm-10d1">
         <name>memset</name>
         <value>0x3209</value>
         <object_component_ref idref="oc-34"/>
      </symbol>
      <symbol id="sm-10d2">
         <name>__aeabi_memset8</name>
         <value>0x3203</value>
         <object_component_ref idref="oc-34"/>
      </symbol>
      <symbol id="sm-10d3">
         <name>__aeabi_memset4</name>
         <value>0x3203</value>
         <object_component_ref idref="oc-34"/>
      </symbol>
      <symbol id="sm-10d4">
         <name>__aeabi_memclr8</name>
         <value>0x3201</value>
         <object_component_ref idref="oc-34"/>
      </symbol>
      <symbol id="sm-10d5">
         <name>__aeabi_memclr4</name>
         <value>0x3201</value>
         <object_component_ref idref="oc-34"/>
      </symbol>
      <symbol id="sm-10d6">
         <name>__aeabi_memclr</name>
         <value>0x3201</value>
         <object_component_ref idref="oc-34"/>
      </symbol>
      <symbol id="sm-10e0">
         <name>_system_pre_init</name>
         <value>0x5573</value>
         <object_component_ref idref="oc-40"/>
      </symbol>
      <symbol id="sm-10e8">
         <name>main_func_sp</name>
         <value>0x568c</value>
         <object_component_ref idref="oc-58"/>
      </symbol>
      <symbol id="sm-10fb">
         <name>__aeabi_uidivmod</name>
         <value>0x4379</value>
         <object_component_ref idref="oc-695"/>
      </symbol>
      <symbol id="sm-10fc">
         <name>__aeabi_uidiv</name>
         <value>0x4379</value>
         <object_component_ref idref="oc-695"/>
      </symbol>
      <symbol id="sm-1115">
         <name>_nop</name>
         <value>0x521b</value>
         <object_component_ref idref="oc-160"/>
      </symbol>
      <symbol id="sm-1116">
         <name>_lock</name>
         <value>0x5674</value>
         <object_component_ref idref="oc-85"/>
      </symbol>
      <symbol id="sm-1117">
         <name>_unlock</name>
         <value>0x5678</value>
         <object_component_ref idref="oc-85"/>
      </symbol>
      <symbol id="sm-1118">
         <name>_register_lock</name>
         <value>0x5213</value>
         <object_component_ref idref="oc-160"/>
      </symbol>
      <symbol id="sm-1119">
         <name>_register_unlock</name>
         <value>0x520d</value>
         <object_component_ref idref="oc-160"/>
      </symbol>
      <symbol id="sm-112e">
         <name>_args_main</name>
         <value>0x5111</value>
         <object_component_ref idref="oc-4c"/>
      </symbol>
      <symbol id="sm-1154">
         <name>__TI_auto_init</name>
         <value>0x3611</value>
         <object_component_ref idref="oc-46"/>
      </symbol>
      <symbol id="sm-116e">
         <name>copy_in</name>
         <value>0x4101</value>
         <object_component_ref idref="oc-75"/>
      </symbol>
      <symbol id="sm-1178">
         <name>__aeabi_idiv0</name>
         <value>0x2703</value>
         <object_component_ref idref="oc-7f7"/>
      </symbol>
      <symbol id="sm-1179">
         <name>__TI_static_base__</name>
         <value>0x5690</value>
      </symbol>
      <symbol id="sm-117c">
         <name>SHT$$INIT_ARRAY$$Limit</name>
         <value>0x0</value>
      </symbol>
      <symbol id="sm-117d">
         <name>SHT$$INIT_ARRAY$$Base</name>
         <value>0x0</value>
      </symbol>
   </symbol_table>
   <title>Link successful</title>
</link_info>
