******************************************************************************
                  TI ARM Linker PC v5.2.6                      
******************************************************************************
>> Linked Mon Nov 23 18:22:12 2015

OUTPUT FILE NAME:   <cc3000_basic_wifi_application.out>
ENTRY POINT SYMBOL: "_c_int00"  address: 00003f31


MEMORY CONFIGURATION

         name            origin    length      used     unused   attr    fill
----------------------  --------  ---------  --------  --------  ----  --------
  RAM                   00000020   ffffffe0  0000beca  ffff4116  RWIX


SEGMENT ALLOCATION MAP

run origin  load origin   length   init length attrs members
----------  ----------- ---------- ----------- ----- -------
00000020    00000020    00005572   00005572    r-x
  00000020    00000020    00005572   00005572    r-x .text
00005594    00005594    000000fc   00000000    rw-
  00005594    00005594    000000fc   00000000    rw- .data
00005690    00005690    00000088   00000088    r--
  00005690    00005690    00000088   00000088    r-- .cinit
00005800    00005800    00002460   00000000    rw-
  00005800    00005800    00002460   00000000    rw- .bss
00007c60    00007c60    00000374   00000374    r--
  00007c60    00007c60    00000374   00000374    r-- .const
00007fd4    00007fd4    00004000   00000000    rw-
  00007fd4    00007fd4    00004000   00000000    rw- .stack


SECTION ALLOCATION MAP

 output                                  attributes/
section   page    origin      length       input sections
--------  ----  ----------  ----------   ----------------
.text      0    00000020    00005572     
                  00000020    00000320     evnt_handler.obj (.text:hci_event_handler)
                  00000340    0000021c     cc3000_basic_wifi_application.obj (.text:CC3000_UsynchCallback)
                  0000055c    00000204     sysctl.obj (.text:SysCtlClockFreqSet)
                  00000760    000001ea     uartstdio.obj (.text:UARTvprintf)
                  0000094a    00000002     usbdma.obj (.text:iDMAUSBArbSizeSet)
                  0000094c    000001dc     cc3000_basic_wifi_application.obj (.text:main)
                  00000b28    000001c0     usbhostenum.obj (.text:USBHCDPipeAllocSize)
                  00000ce8    000001b0     evnt_handler.obj (.text:hci_unsol_event_handler)
                  00000e98    000001a0     usbhostenum.obj (.text:ProcessUSBDeviceStateMachine)
                  00001038    0000017c     usbhostenum.obj (.text:USBHCDInitInternal)
                  000011b4    00000174     usbhhub.obj (.text:USBHHubMain)
                  00001328    00000160     usbdma.obj (.text:USBLibDMAInit)
                  00001488    0000013c     spi-tm4c129.obj (.text:SpiConfigure)
                  000015c4    00000132     gpio.obj (.text:GPIOPadConfigSet)
                  000016f6    00000002     usbdma.obj (.text:iDMAUSBUnitSizeSet)
                  000016f8    0000012c     usbhostenum.obj (.text:USBHCDEnumHandler)
                  00001824    00000118     socket.obj (.text:simple_link_send)
                  0000193c    00000114     cc3000_basic_wifi_application.obj (.text:initWiFiAndSysUART)
                  00001a50    0000010c     usbhostenum.obj (.text:USBHCDControlTransfer)
                  00001b5c    00000108     usbdma.obj (.text:iDMAUSBTransfer)
                  00001c64    00000100     usbhostenum.obj (.text:USBHCDInit)
                  00001d64    000000f8     uvc.obj (.text:uvc_probe_set_cur_10)
                  00001e5c    000000f4     usbhostenum.obj (.text:USBHCDPipeSchedule)
                  00001f50    000000f0     usbhostenum.obj (.text:USBHCDMain)
                  00002040    000000f0     usbhostenum.obj (.text:USBHCDPipeFree)
                  00002130    000000f0     uvc.obj (.text:uvc_probe_set_cur_15)
                  00002220    000000e0     usbdma.obj (.text:uDMAUSBChannelAllocate)
                  00002300    000000d8     usbhostenum.obj (.text:USBHCDPipeConfig)
                  000023d8    000000cc     board.obj (.text:pio_init)
                  000024a4    000000cc     usbdma.obj (.text:uDMAUSBTransfer)
                  00002570    000000ca     hci.obj (.text:hci_patch_send)
                  0000263a    000000c8     usb.obj (.text:USBHostEndpointConfig)
                  00002702    00000002     rtsv7M4_T_le_v4SPD16_eabi.lib : i_div0.obj (.text)
                  00002704    000000c8     wlan.obj (.text:wlan_connect)
                  000027cc    000000b0     uartstdio.obj (.text:UARTStdioConfig)
                  0000287c    000000a8     uartstdio.obj (.text:UARTwrite)
                  00002924    000000a0     usbhostenum.obj (.text:USBHCDDeviceDisconnected)
                  000029c4    000000a0     cc3000_basic_wifi_application.obj (.text:configure_pins)
                  00002a64    0000009c     rtsv7M4_T_le_v4SPD16_eabi.lib : memcpy_t2.obj (.text)
                  00002b00    0000009c     ustdlib.obj (.text:ustrtoul)
                  00002b9c    0000009a     cc3000_basic_wifi_application.obj (.text:DotDecimalDecoder)
                  00002c36    00000002     usbdma.obj (.text:uDMAUSBChannelIntDisable)
                  00002c38    00000090     usbhostenum.obj (.text:USBHCDOpenDriver)
                  00002cc8    00000090     uvc.obj (.text:uvc_parse_csvcid)
                  00002d58    0000008c     dispatcher.obj (.text:DispatcherUARTConfigure)
                  00002de4    0000008c     usbhostenum.obj (.text:FIFOAlloc)
                  00002e70    0000008c     uartstdio.obj (.text:UARTPrimeTransmit)
                  00002efc    00000084     usbdma.obj (.text:iDMAUSBChannelAllocate)
                  00002f80    00000084     uvc.obj (.text:uvc_parse_cs_vs_input_header)
                  00003004    00000080     spi-tm4c129.obj (.text:SpiFirstWrite)
                  00003084    00000080     usbdma.obj (.text:uDMAUSBChannelEnable)
                  00003104    00000080     usbdma.obj (.text:uDMAUSBUnitSizeSet)
                  00003184    0000007c     wlan.obj (.text:wlan_start)
                  00003200    0000007a     rtsv7M4_T_le_v4SPD16_eabi.lib : memset_t2.obj (.text)
                  0000327a    00000002     usbdma.obj (.text:uDMAUSBChannelIntEnable)
                  0000327c    00000078     spi-tm4c129.obj (.text:SpiWriteAsync)
                  000032f4    00000078     evnt_handler.obj (.text:hci_unsol_handle_patch_request)
                  0000336c    00000078     usbdma.obj (.text:uDMAUSBArbSizeSet)
                  000033e4    00000074     usbhostenum.obj (.text:USBHCDGetConfigDescriptor)
                  00003458    00000074     uvc.obj (.text:uvc_pipe_cb)
                  000034cc    0000006c     spi-tm4c129.obj (.text:SpiWrite)
                  00003538    0000006c     spi-tm4c129.obj (.text:SpiWriteDataSynchronous)
                  000035a4    0000006c     usbmode.obj (.text:USBOTGSetMode)
                  00003610    0000006c     rtsv7M4_T_le_v4SPD16_eabi.lib : autoinit.obj (.text)
                  0000367c    0000006a                                   : copy_decompress_rle.obj (.text)
                  000036e6    00000002     uvc.obj (.text:uvc_parsing_fault)
                  000036e8    00000068     interrupt.obj (.text:IntDisable)
                  00003750    00000068     interrupt.obj (.text:IntEnable)
                  000037b8    00000068     usbhostenum.obj (.text:USBHCDEP0StateTx)
                  00003820    00000068     uvc.obj (.text:uvc_parse_streaming_endpoint)
                  00003888    00000064     interrupt.obj (.text:IntIsEnabled)
                  000038ec    00000064     usbhostenum.obj (.text:USBHostCheckPipes)
                  00003950    00000064     usbdma.obj (.text:uDMAUSBChannelRelease)
                  000039b4    0000005c     usbhostenum.obj (.text:ConfigDescAlloc)
                  00003a10    0000005c     usbhostenum.obj (.text:USBHCDGetDeviceDescriptor)
                  00003a6c    0000005c     usbdma.obj (.text:iDMAUSBChannelEnable)
                  00003ac8    0000005c     uvc.obj (.text:uvc_parse_mjpeg_frame_desc)
                  00003b24    00000058     cc3000_basic_wifi_application.obj (.text:USBHCDEvents)
                  00003b7c    00000058     usbhostenum.obj (.text:USBHCDHubDeviceConnected)
                  00003bd4    00000058     usbhostenum.obj (.text:USBHCDPowerConfigSet)
                  00003c2c    00000058     socket.obj (.text:socket)
                  00003c84    00000058     usbdma.obj (.text:uDMAUSBChannelDisable)
                  00003cdc    00000058     uvc.obj (.text:uvc_parse_uncomp_frame_desc)
                  00003d34    00000058     wlan.obj (.text:wlan_set_event_mask)
                  00003d8c    00000056     gpio.obj (.text:GPIOIntTypeSet)
                  00003de2    00000002     --HOLE-- [fill = 0]
                  00003de4    00000054     usbhostenum.obj (.text:USBHCDSetAddress)
                  00003e38    00000054     cc3000_basic_wifi_application.obj (.text:initWiFiEndpoint)
                  00003e8c    00000052     usbulpi.obj (.text:ULPIConfigSet)
                  00003ede    00000050     usbhhub.obj (.text:HubGetPortStatus)
                  00003f2e    00000002     --HOLE-- [fill = 0]
                  00003f30    00000050     rtsv7M4_T_le_v4SPD16_eabi.lib : boot.obj (.text)
                  00003f80    00000050     uvc.obj (.text:uvc_parse_received_packet)
                  00003fd0    0000004c     usbhhub.obj (.text:HubDriverDeviceDisconnect)
                  0000401c    0000004c     spi-tm4c129.obj (.text:SpiConfigureHwMapping)
                  00004068    0000004c     usb.obj (.text:USBEndpointDMAConfigSet)
                  000040b4    0000004c     usbhostenum.obj (.text:USBHCDReset)
                  00004100    0000004c     rtsv7M4_T_le_v4SPD16_eabi.lib : cpy_tbl.obj (.text)
                  0000414c    00000048     gpio.obj (.text:GPIOPinConfigure)
                  00004194    00000048     spi-tm4c129.obj (.text:SpiOpen)
                  000041dc    00000048     sysctl.obj (.text:_SysCtlFrequencyGet)
                  00004224    00000046     uvc.obj (.text:uvc_parse_control)
                  0000426a    00000002     --HOLE-- [fill = 0]
                  0000426c    00000044     usbhhub.obj (.text:USBHHubInit)
                  000042b0    00000044     rtsv7M4_T_le_v4SPD16_eabi.lib : exit.obj (.text)
                  000042f4    00000042     uvc.obj (.text:uvc_parse_streaming)
                  00004336    00000002     --HOLE-- [fill = 0]
                  00004338    00000040     socket.obj (.text:HostFlowControlConsumeBuff)
                  00004378    00000040     rtsv7M4_T_le_v4SPD16_eabi.lib : u_divt2.obj (.text)
                  000043b8    00000040     board.obj (.text:turnLedOff)
                  000043f8    00000040     usbdma.obj (.text:uDMAUSBIntStatus)
                  00004438    0000003c     usbhhub.obj (.text:HubDriverReset)
                  00004474    0000003c     spi-tm4c129.obj (.text:SpiEnableSSIDMAChannels)
                  000044b0    0000003c     uartstdio.obj (.text:UARTFlushTx)
                  000044ec    0000003c     usbdma.obj (.text:iDMAUSBChannelRelease)
                  00004528    0000003c     board.obj (.text:turnLedOn)
                  00004564    0000003c     uvc.obj (.text:uvc_open)
                  000045a0    0000003c     uvc.obj (.text:uvc_parse_all_config)
                  000045dc    0000003c     uvc.obj (.text:uvc_parse_vcid)
                  00004618    0000003c     uvc.obj (.text:uvc_parse_vsid)
                  00004654    0000003a     uvc.obj (.text:uvc_parse_uncomp_format_desc)
                  0000468e    00000002     --HOLE-- [fill = 0]
                  00004690    00000038     evnt_handler.obj (.text:hci_event_unsol_flowcontrol_handler)
                  000046c8    00000038     board.obj (.text:initLEDs)
                  00004700    00000036     usbhhub.obj (.text:HubClearPortFeature)
                  00004736    00000036     usbhhub.obj (.text:HubSetPortFeature)
                  0000476c    00000036     ustdlib.obj (.text:ustrncmp)
                  000047a2    00000002     --HOLE-- [fill = 0]
                  000047a4    00000034     sysctl.obj (.text:SysCtlPeripheralEnable)
                  000047d8    00000034     usbhostenum.obj (.text:USBHCDSetConfig)
                  0000480c    00000034     usbmode.obj (.text:USBOTGRemovePower)
                  00004840    00000034     usbdma.obj (.text:iDMAUSBChannelStatus)
                  00004874    00000034     uvc.obj (.text:uvc_parse_iad)
                  000048a8    00000034     uvc.obj (.text:uvc_parse_mjpeg_format_desc)
                  000048dc    00000032     hci.obj (.text:hci_data_send)
                  0000490e    00000032     usbdma.obj (.text:iDMAUSBChannelDisable)
                  00004940    00000030     usbdma.obj (.text:DMAUSBIntHandler)
                  00004970    00000030     usbtick.obj (.text:InternalUSBTickInit)
                  000049a0    00000030     wlan.obj (.text:SimpleLink_Init_Start)
                  000049d0    00000030     spi-tm4c129.obj (.text:SpiDisableSSIDMAChannels)
                  00004a00    00000030     spi-tm4c129.obj (.text:SpiResumeSpi)
                  00004a30    00000030     usbhostenum.obj (.text:USBHCDDevClass)
                  00004a60    00000030     usbhostenum.obj (.text:USBHCDSetInterface)
                  00004a90    00000030     usb.obj (.text:USBHostHubAddrSet)
                  00004ac0    00000030     cc3000_basic_wifi_application.obj (.text:uvc_data_cb)
                  00004af0    0000002e     ustdlib.obj (.text:ustrstr)
                  00004b1e    00000002     --HOLE-- [fill = 0]
                  00004b20    0000002c     usbhostenum.obj (.text:ConfigDescFree)
                  00004b4c    0000002c     usbhostenum.obj (.text:FIFOFree)
                  00004b78    0000002c     usbhostenum.obj (.text:InternalUSBHCDSendEvent)
                  00004ba4    0000002c     spi-tm4c129.obj (.text:SpiCleanGPIOISR)
                  00004bd0    0000002c     uartstdio.obj (.text:UARTFlushRx)
                  00004bfc    0000002c     usbdesc.obj (.text:USBDescGet)
                  00004c28    0000002c     usbdesc.obj (.text:USBDescGetAlternateInterface)
                  00004c54    0000002c     evnt_handler.obj (.text:hci_unsolicited_event_handler)
                  00004c80    0000002c     wlan.obj (.text:wlan_init)
                  00004cac    0000002a     gpio.obj (.text:GPIODirModeSet)
                  00004cd6    00000002     --HOLE-- [fill = 0]
                  00004cd8    00000028     usbhostenum.obj (.text:USBHCDPipeDataAck)
                  00004d00    00000028     cc3000_basic_wifi_application.obj (.text:WIFI_sendUSBData)
                  00004d28    00000028     evnt_handler.obj (.text:set_socket_active_status)
                  00004d50    00000026     usb.obj (.text:USBHostSpeedGet)
                  00004d76    00000024     usb.obj (.text:USBEndpointDataToggleClear)
                  00004d9a    00000002     --HOLE-- [fill = 0]
                  00004d9c    00000024     usbmode.obj (.text:USBStackModeSet)
                  00004dc0    00000024     hci.obj (.text:hci_command_send)
                  00004de4    00000024     evnt_handler.obj (.text:update_socket_active_status)
                  00004e08    00000024     uvc.obj (.text:uvc_probe_set_cur)
                  00004e2c    00000022     usbdma.obj (.text:uDMAUSBChannelStatus)
                  00004e4e    00000022     uvc.obj (.text:uvc_parse_input_terminal)
                  00004e70    00000020     usbhhub.obj (.text:HubDriverDeviceConnect)
                  00004e90    00000020     usbhhub.obj (.text:HubDriverDeviceReset)
                  00004eb0    00000020     board.obj (.text:InitSysTick)
                  00004ed0    00000020     usb.obj (.text:USBHostEndpointDataAck)
                  00004ef0    00000020     sysctl.obj (.text:_SysCtlMemTimingGet)
                  00004f10    00000020     evnt_handler.obj (.text:get_socket_active_status)
                  00004f30    00000020     uvc.obj (.text:uvc_close)
                  00004f50    0000001e     usbdesc.obj (.text:USBDescGetInterface)
                  00004f6e    0000001e     usb.obj (.text:USBULPIRegRead)
                  00004f8c    0000001e     usb.obj (.text:USBULPIRegWrite)
                  00004faa    00000002     --HOLE-- [fill = 0]
                  00004fac    0000001c     usbmode.obj (.text:OTGDeviceDisconnect)
                  00004fc8    0000001c     board.obj (.text:initClk)
                  00004fe4    0000001c     uvc.obj (.text:uvc_set_iface)
                  00005000    0000001a     cc3000_common.obj (.text:STREAM_TO_UINT32_f)
                  0000501a    0000001a     uartstdio.obj (.text:UARTprintf)
                  00005034    0000001a     usb.obj (.text:USBOTGSessionRequest)
                  0000504e    00000018     gpio.obj (.text:GPIOPinTypeGPIOOutput)
                  00005066    00000018     uartstdio.obj (.text:IsBufferFull)
                  0000507e    00000002     --HOLE-- [fill = 0]
                  00005080    00000018     spi-tm4c129.obj (.text:SpiIsDMAStopped)
                  00005098    00000018     cc3000_common.obj (.text:UINT32_TO_STREAM_f)
                  000050b0    00000018     usbhhub.obj (.text:USBHHubEnumerationComplete)
                  000050c8    00000018     usbhhub.obj (.text:USBHHubEnumerationError)
                  000050e0    00000018     usb.obj (.text:USBHostRequestINClear)
                  000050f8    00000018     board.obj (.text:WriteWlanPin)
                  00005110    00000018     rtsv7M4_T_le_v4SPD16_eabi.lib : args_main.obj (.text)
                  00005128    00000018     uvc.obj (.text:uvc_main)
                  00005140    00000016     usb.obj (.text:USBHostAddrSet)
                  00005156    00000016     spi-tm4c129.obj (.text:init_spi)
                  0000516c    00000014     evnt_handler.obj (.text:SimpleLinkWaitEvent)
                  00005180    00000014     sysctl.obj (.text:SysCtlUSBPLLEnable)
                  00005194    00000014     systick.obj (.text:SysTickEnable)
                  000051a8    00000014     systick.obj (.text:SysTickIntEnable)
                  000051bc    00000014     usb.obj (.text:USBDMAChannelConfigSet)
                  000051d0    00000014     usbhostenum.obj (.text:USBHCDPipeTransferSizeGet)
                  000051e4    00000014     usbhostenum.obj (.text:USBHCDPowerAutomatic)
                  000051f8    00000014     usbhhub.obj (.text:USBHubPortSpeedSet)
                  0000520c    00000014     rtsv7M4_T_le_v4SPD16_eabi.lib : _lock.obj (.text)
                  00005220    00000014     socket.obj (.text:sendto)
                  00005234    00000014     uvc.obj (.text:uvc_init)
                  00005248    00000012     gpio.obj (.text:GPIOPinTypeGPIOInput)
                  0000525a    00000012     gpio.obj (.text:GPIOPinTypeUART)
                  0000526c    00000012     gpio.obj (.text:GPIOPinTypeUSBAnalog)
                  0000527e    00000012     gpio.obj (.text:GPIOPinTypeUSBDigital)
                  00005290    00000012     usbhostenum.obj (.text:SendUnknownConnect)
                  000052a2    00000012     usb.obj (.text:USBDMAChannelDisable)
                  000052b4    00000012     usb.obj (.text:USBDMAChannelEnable)
                  000052c6    00000012     usb.obj (.text:USBDMAChannelIntDisable)
                  000052d8    00000012     usb.obj (.text:USBDMAChannelIntEnable)
                  000052ea    00000012     usb.obj (.text:USBHostLPMConfig)
                  000052fc    00000012     ustdlib.obj (.text:ustrlen)
                  0000530e    00000002     --HOLE-- [fill = 0]
                  00005310    00000010     fpu.obj (.text:FPUEnable)
                  00005320    00000010     fpu.obj (.text:FPULazyStackingEnable)
                  00005330    00000010     interrupt.obj (.text:IntMasterEnable)
                  00005340    00000010     wlan.obj (.text:SpiReceiveHandler)
                  00005350    00000010     systick.obj (.text:SysTickPeriodSet)
                  00005360    00000010     usbhostenum.obj (.text:USBHCDRegisterDrivers)
                  00005370    00000010     udma.obj (.text:uDMAEnable)
                  00005380    0000000e     usbdma.obj (.text:DMAUSBIntStatusClear)
                  0000538e    0000000e     gpio.obj (.text:GPIOIntDisable)
                  0000539c    0000000e     usbhostenum.obj (.text:HCDInstanceToDevIndex)
                  000053aa    0000000e     uartstdio.obj (.text:IsBufferEmpty)
                  000053b8    0000000e     cc3000_common.obj (.text:STREAM_TO_UINT16_f)
                  000053c6    0000000e     usb.obj (.text:USBDMAChannelStatus)
                  000053d4    0000000e     usb.obj (.text:USBULPIDisable)
                  000053e2    0000000e     usb.obj (.text:USBULPIEnable)
                  000053f0    0000000e     rtsv7M4_T_le_v4SPD16_eabi.lib : copy_decompress_none.obj (.text:decompress:none)
                  000053fe    0000000e     uvc.obj (.text:uvc_parse_ctrl_endpoint)
                  0000540c    0000000c     cpu.obj (.text:CPUcpsie)
                  00005418    0000000c     gpio.obj (.text:GPIOIntEnable)
                  00005424    0000000c     board.obj (.text:ReadWlanInterruptPin)
                  00005430    0000000c     cc3000_common.obj (.text:UINT16_TO_STREAM_f)
                  0000543c    0000000c     usb.obj (.text:USBEndpointPacketCountSet)
                  00005448    0000000c     usbhostenum.obj (.text:USBHCDHubDeviceDisconnected)
                  00005454    0000000c     usbhostenum.obj (.text:USBHCDPowerConfigInit)
                  00005460    0000000c     usb.obj (.text:USBLPMIntEnable)
                  0000546c    0000000c     board.obj (.text:WlanInterruptDisable)
                  00005478    0000000c     board.obj (.text:WlanInterruptEnable)
                  00005484    0000000c     rtsv7M4_T_le_v4SPD16_eabi.lib : copy_zero_init.obj (.text:decompress:ZI)
                  00005490    0000000c     udma.obj (.text:uDMAControlBaseSet)
                  0000549c    0000000c     cc3000_basic_wifi_application.obj (.text:uvc_end_cb)
                  000054a8    0000000c     cc3000_basic_wifi_application.obj (.text:uvc_start_cb)
                  000054b4    0000000a     uart.obj (.text:UARTIntDisable)
                  000054be    0000000a     usb.obj (.text:USBClockEnable)
                  000054c8    0000000a     usb.obj (.text:USBControllerVersion)
                  000054d2    0000000a     usb.obj (.text:USBDMAChannelAddressSet)
                  000054dc    0000000a     usb.obj (.text:USBDMAChannelCountSet)
                  000054e6    0000000a     usb.obj (.text:USBHostSuspend)
                  000054f0    0000000a     usb.obj (.text:USBNumEndpointsGet)
                  000054fa    00000008     ssi.obj (.text:SSIBusy)
                  00005502    00000008     uart.obj (.text:UARTIntEnable)
                  0000550a    00000008     usb.obj (.text:USBFIFOAddrGet)
                  00005512    00000008     usbdma.obj (.text:iDMAUSBChannelIntDisable)
                  0000551a    00000008     usbdma.obj (.text:iDMAUSBChannelIntEnable)
                  00005522    00000008     cc3000_basic_wifi_application.obj (.text:sendBootLoaderPatch)
                  0000552a    00000008     cc3000_basic_wifi_application.obj (.text:sendDriverPatch)
                  00005532    00000008     cc3000_basic_wifi_application.obj (.text:sendWLFWPatch)
                  0000553a    00000006     gpio.obj (.text:GPIOPinRead)
                  00005540    00000006     gpio.obj (.text:GPIOPinWrite)
                  00005546    00000006     sysctl.obj (.text:SysCtlDelay)
                  0000554c    00000006     uart.obj (.text:UARTClockSourceSet)
                  00005552    00000006     uart.obj (.text:UARTFIFOLevelSet)
                  00005558    00000006     usb.obj (.text:USBDMAChannelIntStatus)
                  0000555e    00000006     rtsv7M4_T_le_v4SPD16_eabi.lib : copy_decompress_rle.obj (.text:decompress:rle24)
                  00005564    00000006     usbdma.obj (.text:iDMAUSBIntStatus)
                  0000556a    00000004     usbdma.obj (.text:DMAUSBStatus)
                  0000556e    00000004     uart.obj (.text:UARTIntClear)
                  00005572    00000004     rtsv7M4_T_le_v4SPD16_eabi.lib : pre_init.obj (.text)
                  00005576    00000004     uvc.obj (.text:uvc_parse_camera_terminal)
                  0000557a    00000004     uvc.obj (.text:uvc_parse_encoding_unit)
                  0000557e    00000004     uvc.obj (.text:uvc_parse_extension_unit)
                  00005582    00000004     uvc.obj (.text:uvc_parse_h264_format_desc)
                  00005586    00000004     uvc.obj (.text:uvc_parse_output_terminal)
                  0000558a    00000004     uvc.obj (.text:uvc_parse_processing_unit)
                  0000558e    00000004     uvc.obj (.text:uvc_parse_selector_unit)

.data      0    00005594    000000fc     UNINITIALIZED
                  00005594    00000044     uvc.obj (.data:cam_inst)
                  000055d8    00000031     cc3000_basic_wifi_application.obj (.data)
                  00005609    00000001     uvc.obj (.data)
                  0000560a    00000002     --HOLE--
                  0000560c    0000002c     usbhostenum.obj (.data)
                  00005638    00000015     uartstdio.obj (.data)
                  0000564d    0000000c     spi-tm4c129.obj (.data)
                  00005659    00000003     --HOLE--
                  0000565c    0000000c     usbtick.obj (.data)
                  00005668    00000009     usbmode.obj (.data)
                  00005671    00000003     --HOLE--
                  00005674    00000008     rtsv7M4_T_le_v4SPD16_eabi.lib : _lock.obj (.data)
                  0000567c    00000008                                   : exit.obj (.data)
                  00005684    00000004     evnt_handler.obj (.data)
                  00005688    00000004     rtsv7M4_T_le_v4SPD16_eabi.lib : errno.obj (.data)
                  0000568c    00000004                                   : stkdepth_vars.obj (.data)

.TI.persistent 
*          0    00005594    00000000     UNINITIALIZED

.cinit     0    00005690    00000088     
                  00005690    0000005f     (.cinit..data.load) [load image, compression = rle]
                  000056ef    00000001     --HOLE-- [fill = 0]
                  000056f0    0000000c     (__TI_handler_table)
                  000056fc    00000004     --HOLE-- [fill = 0]
                  00005700    00000008     (.cinit..bss.load) [load image, compression = zero_init]
                  00005708    00000010     (__TI_cinit_table)

.bss       0    00005800    00002460     UNINITIALIZED
                  00005800    000006cc     usbhostenum.obj (.bss:g_sUSBHCD)
                  00005ecc    000005f0     spi-tm4c129.obj (.bss:wlan_rx_buffer)
                  000064bc    000005f0     spi-tm4c129.obj (.bss:wlan_tx_buffer)
                  00006aac    00000400     cc3000_basic_wifi_application.obj (.bss:MEM_POOL)
                  00006eac    00000400     uartstdio.obj (.bss:g_pcUARTTxBuffer)
                  000072ac    00000110     usbdma.obj (.bss:g_psUSBDMAInst)
                  000073bc    00000044     wlan.obj (.bss:tSLInformation)
                  00007400    00000400     spi-tm4c129.obj (.bss:ucDMAChannelControlStructure)
                  00007800    00000100     uvc.obj (.bss:cam_stream_buf)
                  00007900    00000100     cc3000_basic_wifi_application.obj (.bss:usb_buf)
                  00007a00    0000009c     usbhhub.obj (.bss:g_sRootHub)
                  00007a9c    00000050     spi-tm4c129.obj (.bss:sSpiInformation)
                  00007aec    00000040     uvc.obj (.bss:int_stream_buf)
                  00007b2c    00000018     (.common:g_pfnTickHandlers)
                  00007b44    00000018     (.common:g_pi32USBHActiveDriver)
                  00007b5c    00000018     (.common:g_ppvDriverInstance)
                  00007b74    00000018     (.common:g_pvTickInstance)
                  00007b8c    00000010     (.common:g_tSocketAddr)
                  00007b9c    00000008     (.common:g_pui32Alloc)
                  00007ba4    00000004     (.common:g_pfnUSBModeCallback)
                  00007ba8    00000004     (.common:g_ui32CC3000Connected)
                  00007bac    00000004     (.common:g_ui32CC3000DHCP)
                  00007bb0    00000004     (.common:g_ui32CC3000DHCP_configured)
                  00007bb4    00000004     (.common:g_ui32ChangeFlags)
                  00007bb8    00000004     (.common:g_ui32HubChanges)
                  00007bbc    00000004     (.common:g_ui32OkToDoShutDown)
                  00007bc0    00000004     (.common:g_ui32PollRate)
                  00007bc4    00000004     (.common:g_ui32PortNum)
                  00007bc8    00000004     (.common:g_ui32SmartConfigFinished)
                  00007bcc    00000004     (.common:g_ui32SysClock)
                  00007bd0    00000004     (.common:g_ui32ULPISupport)
                  00007bd4    00000004     (.common:msp430Trigger)
                  00007bd8    00000001     (.common:CAMERA_STATE)
                  00007bd9    00000001     (.common:g_eOTGModeState)
                  00007bda    00000001     (.common:g_ui8StopSmartConfig)
                  00007bdb    00000025     --HOLE--
                  00007c00    00000060     cc3000_basic_wifi_application.obj (.bss:g_sDMAControlTable)

.TI.noinit 
*          0    00005800    00000000     UNINITIALIZED

.const     0    00007c60    00000374     
                  00007c60    00000120     sysctl.obj (.const:g_pppui32XTALtoVCO)
                  00007d80    00000090     gpio.obj (.const:g_pui32GPIOBaseAddrs)
                  00007e10    00000070     interrupt.obj (.const)
                  00007e80    0000006c     sysctl.obj (.const:g_pui32Xtals)
                  00007eec    00000040     board.obj (.const:g_psLEDs)
                  00007f2c    00000030     sysctl.obj (.const:g_sXTALtoMEMTIM)
                  00007f5c    00000028     uartstdio.obj (.const)
                  00007f84    0000001c     cc3000_basic_wifi_application.obj (.const)
                  00007fa0    00000018     uvc.obj (.const)
                  00007fb8    00000012     uartstdio.obj (.const:.string)
                  00007fca    00000002     --HOLE-- [fill = 0]
                  00007fcc    00000008     sysctl.obj (.const)

.init_array 
*          0    00000020    00000000     UNINITIALIZED

.stack     0    00007fd4    00004000     UNINITIALIZED
                  00007fd4    00004000     --HOLE--


LINKER GENERATED COPY TABLES

__TI_cinit_table @ 00005708 records: 2, size/record: 8, table size: 16
	.data: load addr=00005690, load size=0000005f bytes, run addr=00005594, run size=000000fc bytes, compression=rle
	.bss: load addr=00005700, load size=00000008 bytes, run addr=00005800, run size=00002460 bytes, compression=zero_init


LINKER GENERATED HANDLER TABLE

__TI_handler_table @ 000056f0 records: 3, size/record: 4, table size: 12
	index: 0, handler: __TI_decompress_rle24
	index: 1, handler: __TI_decompress_none
	index: 2, handler: __TI_zero_init


GLOBAL SYMBOLS: SORTED ALPHABETICALLY BY Name 

address   name                          
-------   ----                          
000042b1  C$$EXIT                       
00007bd8  CAMERA_STATE                  
00000341  CC3000_UsynchCallback         
0000540d  CPUcpsie                      
000039b5  ConfigDescAlloc               
00004b21  ConfigDescFree                
00002d59  DispatcherUARTConfigure       
00002b9d  DotDecimalDecoder             
00005311  FPUEnable                     
00005321  FPULazyStackingEnable         
00004cad  GPIODirModeSet                
0000538f  GPIOIntDisable                
00005419  GPIOIntEnable                 
00003d8d  GPIOIntTypeSet                
000015c5  GPIOPadConfigSet              
0000414d  GPIOPinConfigure              
0000553b  GPIOPinRead                   
00005249  GPIOPinTypeGPIOInput          
0000504f  GPIOPinTypeGPIOOutput         
0000525b  GPIOPinTypeUART               
0000526d  GPIOPinTypeUSBAnalog          
0000527f  GPIOPinTypeUSBDigital         
00005541  GPIOPinWrite                  
00004eb1  InitSysTick                   
000036e9  IntDisable                    
00003751  IntEnable                     
00003889  IntIsEnabled                  
00005331  IntMasterEnable               
00004b79  InternalUSBHCDSendEvent       
00004971  InternalUSBTickInit           
00006aac  MEM_POOL                      
00004fad  OTGDeviceDisconnect           
00005425  ReadWlanInterruptPin          
UNDEFED   SHT$$INIT_ARRAY$$Base         
UNDEFED   SHT$$INIT_ARRAY$$Limit        
000054fb  SSIBusy                       
000053b9  STREAM_TO_UINT16_f            
00005001  STREAM_TO_UINT32_f            
0000516d  SimpleLinkWaitEvent           
00004ba5  SpiCleanGPIOISR               
0000401d  SpiConfigureHwMapping         
00003005  SpiFirstWrite                 
00004195  SpiOpen                       
00005341  SpiReceiveHandler             
00004a01  SpiResumeSpi                  
000034cd  SpiWrite                      
0000055d  SysCtlClockFreqSet            
00005547  SysCtlDelay                   
000047a5  SysCtlPeripheralEnable        
00005181  SysCtlUSBPLLEnable            
00005195  SysTickEnable                 
000051a9  SysTickIntEnable              
00005351  SysTickPeriodSet              
0000554d  UARTClockSourceSet            
00005553  UARTFIFOLevelSet              
00004bd1  UARTFlushRx                   
000044b1  UARTFlushTx                   
0000556f  UARTIntClear                  
000054b5  UARTIntDisable                
00005503  UARTIntEnable                 
000027cd  UARTStdioConfig               
0000501b  UARTprintf                    
00000761  UARTvprintf                   
0000287d  UARTwrite                     
00005431  UINT16_TO_STREAM_f            
00005099  UINT32_TO_STREAM_f            
00003e8d  ULPIConfigSet                 
000054bf  USBClockEnable                
000054c9  USBControllerVersion          
000054d3  USBDMAChannelAddressSet       
000051bd  USBDMAChannelConfigSet        
000054dd  USBDMAChannelCountSet         
000052a3  USBDMAChannelDisable          
000052b5  USBDMAChannelEnable           
000052c7  USBDMAChannelIntDisable       
000052d9  USBDMAChannelIntEnable        
00005559  USBDMAChannelIntStatus        
000053c7  USBDMAChannelStatus           
00004bfd  USBDescGet                    
00004f51  USBDescGetInterface           
00004069  USBEndpointDMAConfigSet       
00004d77  USBEndpointDataToggleClear    
0000543d  USBEndpointPacketCountSet     
0000550b  USBFIFOAddrGet                
00001a51  USBHCDControlTransfer         
00004a31  USBHCDDevClass                
00003b25  USBHCDEvents                  
00003b7d  USBHCDHubDeviceConnected      
00005449  USBHCDHubDeviceDisconnected   
00001c65  USBHCDInit                    
00001f51  USBHCDMain                    
00000b29  USBHCDPipeAllocSize           
00002301  USBHCDPipeConfig              
00004cd9  USBHCDPipeDataAck             
00002041  USBHCDPipeFree                
00001e5d  USBHCDPipeSchedule            
000051d1  USBHCDPipeTransferSizeGet     
000051e5  USBHCDPowerAutomatic          
00005455  USBHCDPowerConfigInit         
00003bd5  USBHCDPowerConfigSet          
00005361  USBHCDRegisterDrivers         
000040b5  USBHCDReset                   
00003de5  USBHCDSetAddress              
000047d9  USBHCDSetConfig               
00004a61  USBHCDSetInterface            
000050b1  USBHHubEnumerationComplete    
000050c9  USBHHubEnumerationError       
0000426d  USBHHubInit                   
000011b5  USBHHubMain                   
00005141  USBHostAddrSet                
000038ed  USBHostCheckPipes             
0000263b  USBHostEndpointConfig         
00004ed1  USBHostEndpointDataAck        
00004a91  USBHostHubAddrSet             
000052eb  USBHostLPMConfig              
000050e1  USBHostRequestINClear         
00004d51  USBHostSpeedGet               
000054e7  USBHostSuspend                
00005461  USBLPMIntEnable               
00001329  USBLibDMAInit                 
000054f1  USBNumEndpointsGet            
00005035  USBOTGSessionRequest          
00004d9d  USBStackModeSet               
000053d5  USBULPIDisable                
000053e3  USBULPIEnable                 
00004f6f  USBULPIRegRead                
00004f8d  USBULPIRegWrite               
00004d01  WIFI_sendUSBData              
0000546d  WlanInterruptDisable          
00005479  WlanInterruptEnable           
000050f9  WriteWlanPin                  
00005688  _Errno                        
0000bfd4  __STACK_END                   
00004000  __STACK_SIZE                  
00005708  __TI_CINIT_Base               
00005718  __TI_CINIT_Limit              
000056f0  __TI_Handler_Table_Base       
000056fc  __TI_Handler_Table_Limit      
00003611  __TI_auto_init                
0000567c  __TI_cleanup_ptr              
000053f1  __TI_decompress_none          
0000555f  __TI_decompress_rle24         
00005680  __TI_dtors_ptr                
00005690  __TI_static_base__            
00005485  __TI_zero_init                
00002703  __aeabi_idiv0                 
00003201  __aeabi_memclr                
00003201  __aeabi_memclr4               
00003201  __aeabi_memclr8               
00002a65  __aeabi_memcpy                
00002a65  __aeabi_memcpy4               
00002a65  __aeabi_memcpy8               
00003203  __aeabi_memset                
00003203  __aeabi_memset4               
00003203  __aeabi_memset8               
00004379  __aeabi_uidiv                 
00004379  __aeabi_uidivmod              
ffffffff  __binit__                     
ffffffff  __c_args__                    
00007fd4  __stack                       
00005111  _args_main                    
00003f31  _c_int00                      
00005674  _lock                         
0000521b  _nop                          
00005213  _register_lock                
0000520d  _register_unlock              
00005573  _system_pre_init              
00005678  _unlock                       
000042b5  abort                         
ffffffff  binit                         
00007800  cam_stream_buf                
000029c5  configure_pins                
00004101  copy_in                       
000042bd  exit                          
000055d8  g_bSocketConnected            
0000565c  g_bUSBTimerInitialized        
00007bd9  g_eOTGModeState               
00005668  g_iUSBMode                    
000055e8  g_pcCC3000_prefix             
000055eb  g_pcdevice_name               
00007b2c  g_pfnTickHandlers             
00007eec  g_psLEDs                      
0000564d  g_pui8Dummy                   
00007b74  g_pvTickInstance              
00007c00  g_sDMAControlTable            
00007f84  g_sUSBEventDriver             
00007b8c  g_tSocketAddr                 
000055e4  g_ui32BindFlag                
00007ba8  g_ui32CC3000Connected         
00007bac  g_ui32CC3000DHCP              
00007bb0  g_ui32CC3000DHCP_configured   
00005660  g_ui32CurrentUSBTick          
00007bbc  g_ui32OkToDoShutDown          
00007bc0  g_ui32PollRate                
00007bc8  g_ui32SmartConfigFinished     
000055dc  g_ui32Socket                  
000055e0  g_ui32SocketType              
00007bcc  g_ui32SysClock                
00005664  g_ui32USBSOFCount             
0000566c  g_ui32WaitTicks               
00007bda  g_ui8StopSmartConfig          
00004f11  get_socket_active_status      
00004dc1  hci_command_send              
000048dd  hci_data_send                 
00000021  hci_event_handler             
00002571  hci_patch_send                
00000ce9  hci_unsol_event_handler       
000032f5  hci_unsol_handle_patch_request
00004c55  hci_unsolicited_event_handler 
00004fc9  initClk                       
000046c9  initLEDs                      
0000193d  initWiFiAndSysUART            
00003e39  initWiFiEndpoint              
00005157  init_spi                      
00007aec  int_stream_buf                
0000094d  main                          
0000568c  main_func_sp                  
00002a65  memcpy                        
00003209  memset                        
00007bd4  msp430Trigger                 
000023d9  pio_init                      
000055fc  running                       
00007a9c  sSpiInformation               
00005523  sendBootLoaderPatch           
0000552b  sendDriverPatch               
00005533  sendWLFWPatch                 
00005221  sendto                        
00004d29  set_socket_active_status      
00003c2d  socket                        
00005684  socket_active_status          
000073bc  tSLInformation                
0000564f  tSpiReadHeader                
000043b9  turnLedOff                    
00004529  turnLedOn                     
00005491  uDMAControlBaseSet            
00005371  uDMAEnable                    
00007900  usb_buf                       
00005604  usb_buf_len                   
00005608  usb_ending                    
00005600  usb_starting                  
000052fd  ustrlen                       
0000476d  ustrncmp                      
00004af1  ustrstr                       
00002b01  ustrtoul                      
00004ac1  uvc_data_cb                   
00007fa0  uvc_driver                    
0000549d  uvc_end_cb                    
00005235  uvc_init                      
00005129  uvc_main                      
000045a1  uvc_parse_all_config          
00005577  uvc_parse_camera_terminal     
00004225  uvc_parse_control             
00002f81  uvc_parse_cs_vs_input_header  
00002cc9  uvc_parse_csvcid              
000053ff  uvc_parse_ctrl_endpoint       
0000557b  uvc_parse_encoding_unit       
0000557f  uvc_parse_extension_unit      
00005583  uvc_parse_h264_format_desc    
00004875  uvc_parse_iad                 
00004e4f  uvc_parse_input_terminal      
000048a9  uvc_parse_mjpeg_format_desc   
00003ac9  uvc_parse_mjpeg_frame_desc    
00005587  uvc_parse_output_terminal     
0000558b  uvc_parse_processing_unit     
00003f81  uvc_parse_received_packet     
0000558f  uvc_parse_selector_unit       
000042f5  uvc_parse_streaming           
00003821  uvc_parse_streaming_endpoint  
00004655  uvc_parse_uncomp_format_desc  
00003cdd  uvc_parse_uncomp_frame_desc   
000045dd  uvc_parse_vcid                
00004619  uvc_parse_vsid                
000036e7  uvc_parsing_fault             
00004e09  uvc_probe_set_cur             
00001d65  uvc_probe_set_cur_10          
00002131  uvc_probe_set_cur_15          
00004fe5  uvc_set_iface                 
000054a9  uvc_start_cb                  
00002705  wlan_connect                  
00004c81  wlan_init                     
00005ecc  wlan_rx_buffer                
00003d35  wlan_set_event_mask           
00003185  wlan_start                    
000064bc  wlan_tx_buffer                


GLOBAL SYMBOLS: SORTED BY Symbol Address 

address   name                          
-------   ----                          
00000021  hci_event_handler             
00000341  CC3000_UsynchCallback         
0000055d  SysCtlClockFreqSet            
00000761  UARTvprintf                   
0000094d  main                          
00000b29  USBHCDPipeAllocSize           
00000ce9  hci_unsol_event_handler       
000011b5  USBHHubMain                   
00001329  USBLibDMAInit                 
000015c5  GPIOPadConfigSet              
0000193d  initWiFiAndSysUART            
00001a51  USBHCDControlTransfer         
00001c65  USBHCDInit                    
00001d65  uvc_probe_set_cur_10          
00001e5d  USBHCDPipeSchedule            
00001f51  USBHCDMain                    
00002041  USBHCDPipeFree                
00002131  uvc_probe_set_cur_15          
00002301  USBHCDPipeConfig              
000023d9  pio_init                      
00002571  hci_patch_send                
0000263b  USBHostEndpointConfig         
00002703  __aeabi_idiv0                 
00002705  wlan_connect                  
000027cd  UARTStdioConfig               
0000287d  UARTwrite                     
000029c5  configure_pins                
00002a65  __aeabi_memcpy                
00002a65  __aeabi_memcpy4               
00002a65  __aeabi_memcpy8               
00002a65  memcpy                        
00002b01  ustrtoul                      
00002b9d  DotDecimalDecoder             
00002cc9  uvc_parse_csvcid              
00002d59  DispatcherUARTConfigure       
00002f81  uvc_parse_cs_vs_input_header  
00003005  SpiFirstWrite                 
00003185  wlan_start                    
00003201  __aeabi_memclr                
00003201  __aeabi_memclr4               
00003201  __aeabi_memclr8               
00003203  __aeabi_memset                
00003203  __aeabi_memset4               
00003203  __aeabi_memset8               
00003209  memset                        
000032f5  hci_unsol_handle_patch_request
000034cd  SpiWrite                      
00003611  __TI_auto_init                
000036e7  uvc_parsing_fault             
000036e9  IntDisable                    
00003751  IntEnable                     
00003821  uvc_parse_streaming_endpoint  
00003889  IntIsEnabled                  
000038ed  USBHostCheckPipes             
000039b5  ConfigDescAlloc               
00003ac9  uvc_parse_mjpeg_frame_desc    
00003b25  USBHCDEvents                  
00003b7d  USBHCDHubDeviceConnected      
00003bd5  USBHCDPowerConfigSet          
00003c2d  socket                        
00003cdd  uvc_parse_uncomp_frame_desc   
00003d35  wlan_set_event_mask           
00003d8d  GPIOIntTypeSet                
00003de5  USBHCDSetAddress              
00003e39  initWiFiEndpoint              
00003e8d  ULPIConfigSet                 
00003f31  _c_int00                      
00003f81  uvc_parse_received_packet     
00004000  __STACK_SIZE                  
0000401d  SpiConfigureHwMapping         
00004069  USBEndpointDMAConfigSet       
000040b5  USBHCDReset                   
00004101  copy_in                       
0000414d  GPIOPinConfigure              
00004195  SpiOpen                       
00004225  uvc_parse_control             
0000426d  USBHHubInit                   
000042b1  C$$EXIT                       
000042b5  abort                         
000042bd  exit                          
000042f5  uvc_parse_streaming           
00004379  __aeabi_uidiv                 
00004379  __aeabi_uidivmod              
000043b9  turnLedOff                    
000044b1  UARTFlushTx                   
00004529  turnLedOn                     
000045a1  uvc_parse_all_config          
000045dd  uvc_parse_vcid                
00004619  uvc_parse_vsid                
00004655  uvc_parse_uncomp_format_desc  
000046c9  initLEDs                      
0000476d  ustrncmp                      
000047a5  SysCtlPeripheralEnable        
000047d9  USBHCDSetConfig               
00004875  uvc_parse_iad                 
000048a9  uvc_parse_mjpeg_format_desc   
000048dd  hci_data_send                 
00004971  InternalUSBTickInit           
00004a01  SpiResumeSpi                  
00004a31  USBHCDDevClass                
00004a61  USBHCDSetInterface            
00004a91  USBHostHubAddrSet             
00004ac1  uvc_data_cb                   
00004af1  ustrstr                       
00004b21  ConfigDescFree                
00004b79  InternalUSBHCDSendEvent       
00004ba5  SpiCleanGPIOISR               
00004bd1  UARTFlushRx                   
00004bfd  USBDescGet                    
00004c55  hci_unsolicited_event_handler 
00004c81  wlan_init                     
00004cad  GPIODirModeSet                
00004cd9  USBHCDPipeDataAck             
00004d01  WIFI_sendUSBData              
00004d29  set_socket_active_status      
00004d51  USBHostSpeedGet               
00004d77  USBEndpointDataToggleClear    
00004d9d  USBStackModeSet               
00004dc1  hci_command_send              
00004e09  uvc_probe_set_cur             
00004e4f  uvc_parse_input_terminal      
00004eb1  InitSysTick                   
00004ed1  USBHostEndpointDataAck        
00004f11  get_socket_active_status      
00004f51  USBDescGetInterface           
00004f6f  USBULPIRegRead                
00004f8d  USBULPIRegWrite               
00004fad  OTGDeviceDisconnect           
00004fc9  initClk                       
00004fe5  uvc_set_iface                 
00005001  STREAM_TO_UINT32_f            
0000501b  UARTprintf                    
00005035  USBOTGSessionRequest          
0000504f  GPIOPinTypeGPIOOutput         
00005099  UINT32_TO_STREAM_f            
000050b1  USBHHubEnumerationComplete    
000050c9  USBHHubEnumerationError       
000050e1  USBHostRequestINClear         
000050f9  WriteWlanPin                  
00005111  _args_main                    
00005129  uvc_main                      
00005141  USBHostAddrSet                
00005157  init_spi                      
0000516d  SimpleLinkWaitEvent           
00005181  SysCtlUSBPLLEnable            
00005195  SysTickEnable                 
000051a9  SysTickIntEnable              
000051bd  USBDMAChannelConfigSet        
000051d1  USBHCDPipeTransferSizeGet     
000051e5  USBHCDPowerAutomatic          
0000520d  _register_unlock              
00005213  _register_lock                
0000521b  _nop                          
00005221  sendto                        
00005235  uvc_init                      
00005249  GPIOPinTypeGPIOInput          
0000525b  GPIOPinTypeUART               
0000526d  GPIOPinTypeUSBAnalog          
0000527f  GPIOPinTypeUSBDigital         
000052a3  USBDMAChannelDisable          
000052b5  USBDMAChannelEnable           
000052c7  USBDMAChannelIntDisable       
000052d9  USBDMAChannelIntEnable        
000052eb  USBHostLPMConfig              
000052fd  ustrlen                       
00005311  FPUEnable                     
00005321  FPULazyStackingEnable         
00005331  IntMasterEnable               
00005341  SpiReceiveHandler             
00005351  SysTickPeriodSet              
00005361  USBHCDRegisterDrivers         
00005371  uDMAEnable                    
0000538f  GPIOIntDisable                
000053b9  STREAM_TO_UINT16_f            
000053c7  USBDMAChannelStatus           
000053d5  USBULPIDisable                
000053e3  USBULPIEnable                 
000053f1  __TI_decompress_none          
000053ff  uvc_parse_ctrl_endpoint       
0000540d  CPUcpsie                      
00005419  GPIOIntEnable                 
00005425  ReadWlanInterruptPin          
00005431  UINT16_TO_STREAM_f            
0000543d  USBEndpointPacketCountSet     
00005449  USBHCDHubDeviceDisconnected   
00005455  USBHCDPowerConfigInit         
00005461  USBLPMIntEnable               
0000546d  WlanInterruptDisable          
00005479  WlanInterruptEnable           
00005485  __TI_zero_init                
00005491  uDMAControlBaseSet            
0000549d  uvc_end_cb                    
000054a9  uvc_start_cb                  
000054b5  UARTIntDisable                
000054bf  USBClockEnable                
000054c9  USBControllerVersion          
000054d3  USBDMAChannelAddressSet       
000054dd  USBDMAChannelCountSet         
000054e7  USBHostSuspend                
000054f1  USBNumEndpointsGet            
000054fb  SSIBusy                       
00005503  UARTIntEnable                 
0000550b  USBFIFOAddrGet                
00005523  sendBootLoaderPatch           
0000552b  sendDriverPatch               
00005533  sendWLFWPatch                 
0000553b  GPIOPinRead                   
00005541  GPIOPinWrite                  
00005547  SysCtlDelay                   
0000554d  UARTClockSourceSet            
00005553  UARTFIFOLevelSet              
00005559  USBDMAChannelIntStatus        
0000555f  __TI_decompress_rle24         
0000556f  UARTIntClear                  
00005573  _system_pre_init              
00005577  uvc_parse_camera_terminal     
0000557b  uvc_parse_encoding_unit       
0000557f  uvc_parse_extension_unit      
00005583  uvc_parse_h264_format_desc    
00005587  uvc_parse_output_terminal     
0000558b  uvc_parse_processing_unit     
0000558f  uvc_parse_selector_unit       
000055d8  g_bSocketConnected            
000055dc  g_ui32Socket                  
000055e0  g_ui32SocketType              
000055e4  g_ui32BindFlag                
000055e8  g_pcCC3000_prefix             
000055eb  g_pcdevice_name               
000055fc  running                       
00005600  usb_starting                  
00005604  usb_buf_len                   
00005608  usb_ending                    
0000564d  g_pui8Dummy                   
0000564f  tSpiReadHeader                
0000565c  g_bUSBTimerInitialized        
00005660  g_ui32CurrentUSBTick          
00005664  g_ui32USBSOFCount             
00005668  g_iUSBMode                    
0000566c  g_ui32WaitTicks               
00005674  _lock                         
00005678  _unlock                       
0000567c  __TI_cleanup_ptr              
00005680  __TI_dtors_ptr                
00005684  socket_active_status          
00005688  _Errno                        
0000568c  main_func_sp                  
00005690  __TI_static_base__            
000056f0  __TI_Handler_Table_Base       
000056fc  __TI_Handler_Table_Limit      
00005708  __TI_CINIT_Base               
00005718  __TI_CINIT_Limit              
00005ecc  wlan_rx_buffer                
000064bc  wlan_tx_buffer                
00006aac  MEM_POOL                      
000073bc  tSLInformation                
00007800  cam_stream_buf                
00007900  usb_buf                       
00007a9c  sSpiInformation               
00007aec  int_stream_buf                
00007b2c  g_pfnTickHandlers             
00007b74  g_pvTickInstance              
00007b8c  g_tSocketAddr                 
00007ba8  g_ui32CC3000Connected         
00007bac  g_ui32CC3000DHCP              
00007bb0  g_ui32CC3000DHCP_configured   
00007bbc  g_ui32OkToDoShutDown          
00007bc0  g_ui32PollRate                
00007bc8  g_ui32SmartConfigFinished     
00007bcc  g_ui32SysClock                
00007bd4  msp430Trigger                 
00007bd8  CAMERA_STATE                  
00007bd9  g_eOTGModeState               
00007bda  g_ui8StopSmartConfig          
00007c00  g_sDMAControlTable            
00007eec  g_psLEDs                      
00007f84  g_sUSBEventDriver             
00007fa0  uvc_driver                    
00007fd4  __stack                       
0000bfd4  __STACK_END                   
ffffffff  __binit__                     
ffffffff  __c_args__                    
ffffffff  binit                         
UNDEFED   SHT$$INIT_ARRAY$$Base         
UNDEFED   SHT$$INIT_ARRAY$$Limit        

[284 symbols]
