******************************************************************************
                  TI ARM Linker PC v15.9.0                     
******************************************************************************
>> Linked Mon Nov 16 22:15:52 2015

OUTPUT FILE NAME:   <473 SDC.out>
ENTRY POINT SYMBOL: "_c_int00"  address: 00003ccd


MEMORY CONFIGURATION

         name            origin    length      used     unused   attr    fill
----------------------  --------  ---------  --------  --------  ----  --------
  FLASH                 00000000   00100000  000042b0  000fbd50  R  X
  SRAM                  20000000   00040000  000006ff  0003f901  RW X


SEGMENT ALLOCATION MAP

run origin  load origin   length   init length attrs members
----------  ----------- ---------- ----------- ----- -------
00000000    00000000    000042b0   000042b0    r-x
  00000000    00000000    00000208   00000208    r-- .intvecs
  00000208    00000208    00003e14   00003e14    r-x .text
  0000401c    0000401c    00000254   00000254    r-- .const
  00004270    00004270    00000040   00000040    r-- .cinit
20000000    20000000    00000702   00000000    rw-
  20000000    20000000    00000499   00000000    rw- .bss
  2000049c    2000049c    00000200   00000000    rw- .stack
  2000069c    2000069c    00000066   00000000    rw- .data


SECTION ALLOCATION MAP

 output                                  attributes/
section   page    origin      length       input sections
--------  ----  ----------  ----------   ----------------
.intvecs   0    00000000    00000208     
                  00000000    00000208     tm4c1292ncpdt_startup_ccs.obj (.intvecs)

.text      0    00000208    00003e14     
                  00000208    0000348c     main.obj (.text)
                  00003694    00000204     driverlib.lib : sysctl.obj (.text:SysCtlClockFreqSet)
                  00003898    00000132                   : gpio.obj (.text:GPIOPadConfigSet)
                  000039ca    00000002     --HOLE-- [fill = 0]
                  000039cc    00000110                   : sysctl.obj (.text:SysCtlClockGet)
                  00003adc    0000009c     rtsv7M4_T_le_v4SPD16_eabi.lib : memcpy_t2.obj (.text)
                  00003b78    0000007a                                   : memset_t2.obj (.text)
                  00003bf2    00000002     --HOLE-- [fill = 0]
                  00003bf4    0000006c                                   : autoinit.obj (.text)
                  00003c60    0000006a                                   : copy_decompress_rle.obj (.text)
                  00003cca    00000002     --HOLE-- [fill = 0]
                  00003ccc    00000050                                   : boot.obj (.text)
                  00003d1c    0000004c                                   : cpy_tbl.obj (.text)
                  00003d68    00000048     driverlib.lib : gpio.obj (.text:GPIOPinConfigure)
                  00003db0    00000048                   : sysctl.obj (.text:_SysCtlFrequencyGet)
                  00003df8    00000044     rtsv7M4_T_le_v4SPD16_eabi.lib : exit.obj (.text)
                  00003e3c    0000003c     driverlib.lib : ssi.obj (.text:SSIConfigSetExpClk)
                  00003e78    00000034                   : sysctl.obj (.text:SysCtlPeripheralEnable)
                  00003eac    0000002a                   : gpio.obj (.text:GPIODirModeSet)
                  00003ed6    00000002     --HOLE-- [fill = 0]
                  00003ed8    00000020                   : sysctl.obj (.text:_SysCtlMemTimingGet)
                  00003ef8    00000018                   : gpio.obj (.text:GPIOPinTypeGPIOOutput)
                  00003f10    00000018     rtsv7M4_T_le_v4SPD16_eabi.lib : args_main.obj (.text)
                  00003f28    00000014     driverlib.lib : systick.obj (.text:SysTickEnable)
                  00003f3c    00000014                   : systick.obj (.text:SysTickIntEnable)
                  00003f50    00000014     rtsv7M4_T_le_v4SPD16_eabi.lib : _lock.obj (.text)
                  00003f64    00000012     driverlib.lib : gpio.obj (.text:GPIOPinTypeSSI)
                  00003f76    00000002     --HOLE-- [fill = 0]
                  00003f78    00000010                   : fpu.obj (.text:FPULazyStackingEnable)
                  00003f88    00000010                   : interrupt.obj (.text:IntMasterEnable)
                  00003f98    00000010                   : systick.obj (.text:SysTickPeriodSet)
                  00003fa8    0000000e     rtsv7M4_T_le_v4SPD16_eabi.lib : copy_decompress_none.obj (.text:decompress:none)
                  00003fb6    0000000e     tm4c1292ncpdt_startup_ccs.obj (.text)
                  00003fc4    0000000c     driverlib.lib : cpu.obj (.text:CPUcpsie)
                  00003fd0    0000000c                   : ssi.obj (.text:SSIDataGet)
                  00003fdc    0000000c     rtsv7M4_T_le_v4SPD16_eabi.lib : copy_zero_init.obj (.text:decompress:ZI)
                  00003fe8    0000000a     driverlib.lib : ssi.obj (.text:SSIDataPut)
                  00003ff2    0000000a                   : ssi.obj (.text:SSIDisable)
                  00003ffc    0000000a                   : ssi.obj (.text:SSIEnable)
                  00004006    00000006                   : gpio.obj (.text:GPIOPinWrite)
                  0000400c    00000006                   : sysctl.obj (.text:SysCtlDelay)
                  00004012    00000006     rtsv7M4_T_le_v4SPD16_eabi.lib : copy_decompress_rle.obj (.text:decompress:rle24)
                  00004018    00000004                                   : pre_init.obj (.text)

.const     0    0000401c    00000254     
                  0000401c    00000120     driverlib.lib : sysctl.obj (.const:g_pppui32XTALtoVCO)
                  0000413c    00000090                   : gpio.obj (.const:g_pui32GPIOBaseAddrs)
                  000041cc    0000006c                   : sysctl.obj (.const:g_pui32Xtals)
                  00004238    00000030                   : sysctl.obj (.const:g_sXTALtoMEMTIM)
                  00004268    00000008                   : sysctl.obj (.const)

.cinit     0    00004270    00000040     
                  00004270    00000015     (.cinit..data.load) [load image, compression = rle]
                  00004285    00000003     --HOLE-- [fill = 0]
                  00004288    0000000c     (__TI_handler_table)
                  00004294    00000004     --HOLE-- [fill = 0]
                  00004298    00000008     (.cinit..bss.load) [load image, compression = zero_init]
                  000042a0    00000010     (__TI_cinit_table)

.init_array 
*          0    00000000    00000000     UNINITIALIZED

.bss       0    20000000    00000499     UNINITIALIZED
                  20000000    00000234     main.obj (.bss:fatFS)
                  20000234    00000224     main.obj (.bss:fil)
                  20000458    0000001c     (.common:dir)
                  20000474    00000018     (.common:fileInfo)
                  2000048c    00000004     (.common:FatFs)
                  20000490    00000004     (.common:systemClock)
                  20000494    00000002     (.common:Fsid)
                  20000496    00000001     (.common:CardType)
                  20000497    00000001     (.common:Timer1)
                  20000498    00000001     (.common:Timer2)

.TI.noinit 
*          0    20000000    00000000     UNINITIALIZED

.stack     0    2000049c    00000200     UNINITIALIZED
                  2000049c    00000200     --HOLE--

.data      0    2000069c    00000066     UNINITIALIZED
                  2000069c    00000050     main.obj (.data:path)
                  200006ec    00000008     rtsv7M4_T_le_v4SPD16_eabi.lib : _lock.obj (.data)
                  200006f4    00000008                                   : exit.obj (.data)
                  200006fc    00000004                                   : stkdepth_vars.obj (.data)
                  20000700    00000002     main.obj (.data)

.TI.persistent 
*          0    2000069c    00000000     UNINITIALIZED

MODULE SUMMARY

       Module                          code    ro data   rw data
       ------                          ----    -------   -------
    .\
       main.obj                        13452   0         1259   
       tm4c1292ncpdt_startup_ccs.obj   14      520       0      
    +--+-------------------------------+-------+---------+---------+
       Total:                          13466   520       1259   
                                                                
    E:\TI\ccsv6\tools\compiler\ti-cgt-arm_15.9.0.STS\lib\rtsv7M4_T_le_v4SPD16_eabi.lib
       memcpy_t2.obj                   156     0         0      
       memset_t2.obj                   122     0         0      
       copy_decompress_rle.obj         112     0         0      
       autoinit.obj                    108     0         0      
       boot.obj                        80      0         0      
       cpy_tbl.obj                     76      0         0      
       exit.obj                        68      0         8      
       _lock.obj                       20      0         8      
       args_main.obj                   24      0         0      
       copy_decompress_none.obj        14      0         0      
       copy_zero_init.obj              12      0         0      
       pre_init.obj                    4       0         0      
       stkdepth_vars.obj               0       0         4      
    +--+-------------------------------+-------+---------+---------+
       Total:                          796     0         20     
                                                                
    E:\TI\tivaware\driverlib\ccs\Debug\driverlib.lib
       sysctl.obj                      950     452       0      
       gpio.obj                        468     144       0      
       ssi.obj                         102     0         0      
       systick.obj                     56      0         0      
       fpu.obj                         16      0         0      
       interrupt.obj                   16      0         0      
       cpu.obj                         12      0         0      
    +--+-------------------------------+-------+---------+---------+
       Total:                          1620    596       0      
                                                                
       Stack:                          0       0         512    
       Linker Generated:               0       57        0      
    +--+-------------------------------+-------+---------+---------+
       Grand Total:                    15882   1173      1791   


LINKER GENERATED COPY TABLES

__TI_cinit_table @ 000042a0 records: 2, size/record: 8, table size: 16
	.data: load addr=00004270, load size=00000015 bytes, run addr=2000069c, run size=00000066 bytes, compression=rle
	.bss: load addr=00004298, load size=00000008 bytes, run addr=20000000, run size=00000499 bytes, compression=zero_init


LINKER GENERATED HANDLER TABLE

__TI_handler_table @ 00004288 records: 3, size/record: 4, table size: 12
	index: 0, handler: __TI_decompress_rle24
	index: 1, handler: __TI_decompress_none
	index: 2, handler: __TI_zero_init


GLOBAL SYMBOLS: SORTED ALPHABETICALLY BY Name 

address   name                    
-------   ----                    
00003df9  C$$EXIT                 
00003fc5  CPUcpsie                
00003f79  FPULazyStackingEnable   
00003ead  GPIODirModeSet          
00003899  GPIOPadConfigSet        
00003d69  GPIOPinConfigure        
00003ef9  GPIOPinTypeGPIOOutput   
00003f65  GPIOPinTypeSSI          
00004007  GPIOPinWrite            
00003f89  IntMasterEnable         
00003fb7  ResetISR                
UNDEFED   SHT$$INIT_ARRAY$$Base   
UNDEFED   SHT$$INIT_ARRAY$$Limit  
00003e3d  SSIConfigSetExpClk      
00003fd1  SSIDataGet              
00003fe9  SSIDataPut              
00003ff3  SSIDisable              
00003ffd  SSIEnable               
00003695  SysCtlClockFreqSet      
000039cd  SysCtlClockGet          
0000400d  SysCtlDelay             
00003e79  SysCtlPeripheralEnable  
00003f29  SysTickEnable           
00003f3d  SysTickIntEnable        
00003f99  SysTickPeriodSet        
2000069c  __STACK_END             
00000200  __STACK_SIZE            
2000069c  __STACK_TOP             
000042a0  __TI_CINIT_Base         
000042b0  __TI_CINIT_Limit        
00004288  __TI_Handler_Table_Base 
00004294  __TI_Handler_Table_Limit
00003bf5  __TI_auto_init          
200006f4  __TI_cleanup_ptr        
00003fa9  __TI_decompress_none    
00004013  __TI_decompress_rle24   
200006f8  __TI_dtors_ptr          
00000000  __TI_static_base__      
00003fdd  __TI_zero_init          
00003b79  __aeabi_memclr          
00003b79  __aeabi_memclr4         
00003b79  __aeabi_memclr8         
00003add  __aeabi_memcpy          
00003add  __aeabi_memcpy4         
00003add  __aeabi_memcpy8         
00003b7b  __aeabi_memset          
00003b7b  __aeabi_memset4         
00003b7b  __aeabi_memset8         
ffffffff  __binit__               
ffffffff  __c_args__              
2000049c  __stack                 
00003f11  _args_main              
00003ccd  _c_int00                
200006ec  _lock                   
00003f5f  _nop                    
00003f57  _register_lock          
00003f51  _register_unlock        
00004019  _system_pre_init        
200006f0  _unlock                 
00003dfd  abort                   
ffffffff  binit                   
000004a1  clust2sect              
00003d1d  copy_in                 
00002fdd  disk_initialize         
00003339  disk_ioctl              
0000319b  disk_read               
00003181  disk_status             
0000353b  disk_timerproc          
0000324b  disk_write              
00003e05  exit                    
000029b5  f_chmod                 
0000207d  f_close                 
00002477  f_getfree               
0000209d  f_lseek                 
000027cf  f_mkdir                 
0000181f  f_mount                 
00001875  f_open                  
000022eb  f_opendir               
00001a89  f_read                  
0000239b  f_readdir               
00002ac9  f_rename                
00002427  f_stat                  
00001f81  f_sync                  
000025d9  f_truncate              
000026cd  f_unlink                
00002a45  f_utime                 
00001cdd  f_write                 
00000000  g_pfnVectors            
000004d1  get_fat                 
0000357f  get_fattime             
00003583  main                    
200006fc  main_func_sp            
00003add  memcpy                  
00003b81  memset                  
000005f5  put_fat                 
20000490  systemClock             


GLOBAL SYMBOLS: SORTED BY Symbol Address 

address   name                    
-------   ----                    
00000000  __TI_static_base__      
00000000  g_pfnVectors            
00000200  __STACK_SIZE            
000004a1  clust2sect              
000004d1  get_fat                 
000005f5  put_fat                 
0000181f  f_mount                 
00001875  f_open                  
00001a89  f_read                  
00001cdd  f_write                 
00001f81  f_sync                  
0000207d  f_close                 
0000209d  f_lseek                 
000022eb  f_opendir               
0000239b  f_readdir               
00002427  f_stat                  
00002477  f_getfree               
000025d9  f_truncate              
000026cd  f_unlink                
000027cf  f_mkdir                 
000029b5  f_chmod                 
00002a45  f_utime                 
00002ac9  f_rename                
00002fdd  disk_initialize         
00003181  disk_status             
0000319b  disk_read               
0000324b  disk_write              
00003339  disk_ioctl              
0000353b  disk_timerproc          
0000357f  get_fattime             
00003583  main                    
00003695  SysCtlClockFreqSet      
00003899  GPIOPadConfigSet        
000039cd  SysCtlClockGet          
00003add  __aeabi_memcpy          
00003add  __aeabi_memcpy4         
00003add  __aeabi_memcpy8         
00003add  memcpy                  
00003b79  __aeabi_memclr          
00003b79  __aeabi_memclr4         
00003b79  __aeabi_memclr8         
00003b7b  __aeabi_memset          
00003b7b  __aeabi_memset4         
00003b7b  __aeabi_memset8         
00003b81  memset                  
00003bf5  __TI_auto_init          
00003ccd  _c_int00                
00003d1d  copy_in                 
00003d69  GPIOPinConfigure        
00003df9  C$$EXIT                 
00003dfd  abort                   
00003e05  exit                    
00003e3d  SSIConfigSetExpClk      
00003e79  SysCtlPeripheralEnable  
00003ead  GPIODirModeSet          
00003ef9  GPIOPinTypeGPIOOutput   
00003f11  _args_main              
00003f29  SysTickEnable           
00003f3d  SysTickIntEnable        
00003f51  _register_unlock        
00003f57  _register_lock          
00003f5f  _nop                    
00003f65  GPIOPinTypeSSI          
00003f79  FPULazyStackingEnable   
00003f89  IntMasterEnable         
00003f99  SysTickPeriodSet        
00003fa9  __TI_decompress_none    
00003fb7  ResetISR                
00003fc5  CPUcpsie                
00003fd1  SSIDataGet              
00003fdd  __TI_zero_init          
00003fe9  SSIDataPut              
00003ff3  SSIDisable              
00003ffd  SSIEnable               
00004007  GPIOPinWrite            
0000400d  SysCtlDelay             
00004013  __TI_decompress_rle24   
00004019  _system_pre_init        
00004288  __TI_Handler_Table_Base 
00004294  __TI_Handler_Table_Limit
000042a0  __TI_CINIT_Base         
000042b0  __TI_CINIT_Limit        
20000490  systemClock             
2000049c  __stack                 
2000069c  __STACK_END             
2000069c  __STACK_TOP             
200006ec  _lock                   
200006f0  _unlock                 
200006f4  __TI_cleanup_ptr        
200006f8  __TI_dtors_ptr          
200006fc  main_func_sp            
ffffffff  __binit__               
ffffffff  __c_args__              
ffffffff  binit                   
UNDEFED   SHT$$INIT_ARRAY$$Base   
UNDEFED   SHT$$INIT_ARRAY$$Limit  

[96 symbols]
