******************************************************************************
                  TI ARM Linker PC v15.9.0                     
******************************************************************************
>> Linked Tue Nov 03 20:47:49 2015

OUTPUT FILE NAME:   <1103.out>
ENTRY POINT SYMBOL: "_c_int00"  address: 00000839


MEMORY CONFIGURATION

         name            origin    length      used     unused   attr    fill
----------------------  --------  ---------  --------  --------  ----  --------
  FLASH                 00000000   00100000  00000bc0  000ff440  R  X
  SRAM                  20000000   00040000  0000021c  0003fde4  RW X


SEGMENT ALLOCATION MAP

run origin  load origin   length   init length attrs members
----------  ----------- ---------- ----------- ----- -------
00000000    00000000    00000bc0   00000bc0    r-x
  00000000    00000000    00000208   00000208    r-- .intvecs
  00000208    00000208    00000884   00000884    r-x .text
  00000a8c    00000a8c    000000fc   000000fc    r-- .const
  00000b88    00000b88    00000038   00000038    r-- .cinit
20000000    20000000    0000021c   00000000    rw-
  20000000    20000000    00000200   00000000    rw- .stack
  20000200    20000200    00000014   00000000    rw- .data
  20000214    20000214    00000008   00000000    rw- .bss


SECTION ALLOCATION MAP

 output                                  attributes/
section   page    origin      length       input sections
--------  ----  ----------  ----------   ----------------
.intvecs   0    00000000    00000208     
                  00000000    00000208     tm4c1292ncpdt_startup_ccs.obj (.intvecs)

.text      0    00000208    00000884     
                  00000208    00000132     driverlib.lib : gpio.obj (.text:GPIOPadConfigSet)
                  0000033a    00000002     --HOLE-- [fill = 0]
                  0000033c    00000110                   : sysctl.obj (.text:SysCtlClockGet)
                  0000044c    00000108     main.obj (.text)
                  00000554    000000f4     driverlib.lib : sysctl.obj (.text:SysCtlClockSet)
                  00000648    0000009c     rtsv7M4_T_le_v4SPD16_eabi.lib : memcpy_t2.obj (.text)
                  000006e4    0000007a                                   : memset_t2.obj (.text)
                  0000075e    00000002     --HOLE-- [fill = 0]
                  00000760    0000006c                                   : autoinit.obj (.text)
                  000007cc    0000006a                                   : copy_decompress_rle.obj (.text)
                  00000836    00000002     --HOLE-- [fill = 0]
                  00000838    00000050                                   : boot.obj (.text)
                  00000888    0000004c                                   : cpy_tbl.obj (.text)
                  000008d4    00000048     driverlib.lib : gpio.obj (.text:GPIOPinConfigure)
                  0000091c    00000044     rtsv7M4_T_le_v4SPD16_eabi.lib : exit.obj (.text)
                  00000960    0000003c     driverlib.lib : ssi.obj (.text:SSIConfigSetExpClk)
                  0000099c    00000034                   : sysctl.obj (.text:SysCtlPeripheralEnable)
                  000009d0    0000002a                   : gpio.obj (.text:GPIODirModeSet)
                  000009fa    00000002     --HOLE-- [fill = 0]
                  000009fc    00000018     rtsv7M4_T_le_v4SPD16_eabi.lib : args_main.obj (.text)
                  00000a14    00000014                                   : _lock.obj (.text)
                  00000a28    00000012     driverlib.lib : gpio.obj (.text:GPIOPinTypeSSI)
                  00000a3a    0000000e     rtsv7M4_T_le_v4SPD16_eabi.lib : copy_decompress_none.obj (.text:decompress:none)
                  00000a48    0000000c                                   : copy_zero_init.obj (.text:decompress:ZI)
                  00000a54    0000000c     tm4c1292ncpdt_startup_ccs.obj (.text)
                  00000a60    0000000a     driverlib.lib : ssi.obj (.text:SSIDataPut)
                  00000a6a    0000000a                   : ssi.obj (.text:SSIEnable)
                  00000a74    00000008                   : ssi.obj (.text:SSIBusy)
                  00000a7c    00000006                   : sysctl.obj (.text:SysCtlDelay)
                  00000a82    00000006     rtsv7M4_T_le_v4SPD16_eabi.lib : copy_decompress_rle.obj (.text:decompress:rle24)
                  00000a88    00000004                                   : pre_init.obj (.text)

.const     0    00000a8c    000000fc     
                  00000a8c    00000090     driverlib.lib : gpio.obj (.const:g_pui32GPIOBaseAddrs)
                  00000b1c    0000006c                   : sysctl.obj (.const:g_pui32Xtals)

.cinit     0    00000b88    00000038     
                  00000b88    0000000f     (.cinit..data.load) [load image, compression = rle]
                  00000b97    00000001     --HOLE-- [fill = 0]
                  00000b98    0000000c     (__TI_handler_table)
                  00000ba4    00000004     --HOLE-- [fill = 0]
                  00000ba8    00000008     (.cinit..bss.load) [load image, compression = zero_init]
                  00000bb0    00000010     (__TI_cinit_table)

.init_array 
*          0    00000000    00000000     UNINITIALIZED

.stack     0    20000000    00000200     UNINITIALIZED
                  20000000    00000200     --HOLE--

.data      0    20000200    00000014     UNINITIALIZED
                  20000200    00000008     rtsv7M4_T_le_v4SPD16_eabi.lib : _lock.obj (.data)
                  20000208    00000008                                   : exit.obj (.data)
                  20000210    00000004                                   : stkdepth_vars.obj (.data)

.bss       0    20000214    00000008     UNINITIALIZED
                  20000214    00000008     (.common:ulDataTx)

.TI.persistent 
*          0    20000200    00000000     UNINITIALIZED

.TI.noinit 
*          0    20000214    00000000     UNINITIALIZED

MODULE SUMMARY

       Module                          code   ro data   rw data
       ------                          ----   -------   -------
    .\
       tm4c1292ncpdt_startup_ccs.obj   12     520       0      
       main.obj                        264    0         8      
    +--+-------------------------------+------+---------+---------+
       Total:                          276    520       8      
                                                               
    E:\TI\ccsv6\tools\compiler\ti-cgt-arm_15.9.0.STS\lib\rtsv7M4_T_le_v4SPD16_eabi.lib
       memcpy_t2.obj                   156    0         0      
       memset_t2.obj                   122    0         0      
       copy_decompress_rle.obj         112    0         0      
       autoinit.obj                    108    0         0      
       boot.obj                        80     0         0      
       cpy_tbl.obj                     76     0         0      
       exit.obj                        68     0         8      
       _lock.obj                       20     0         8      
       args_main.obj                   24     0         0      
       copy_decompress_none.obj        14     0         0      
       copy_zero_init.obj              12     0         0      
       pre_init.obj                    4      0         0      
       stkdepth_vars.obj               0      0         4      
    +--+-------------------------------+------+---------+---------+
       Total:                          796    0         20     
                                                               
    E:\TI\tivaware\driverlib\ccs\Debug\driverlib.lib
       sysctl.obj                      574    108       0      
       gpio.obj                        438    144       0      
       ssi.obj                         88     0         0      
    +--+-------------------------------+------+---------+---------+
       Total:                          1100   252       0      
                                                               
       Stack:                          0      0         512    
       Linker Generated:               0      51        0      
    +--+-------------------------------+------+---------+---------+
       Grand Total:                    2172   823       540    


LINKER GENERATED COPY TABLES

__TI_cinit_table @ 00000bb0 records: 2, size/record: 8, table size: 16
	.data: load addr=00000b88, load size=0000000f bytes, run addr=20000200, run size=00000014 bytes, compression=rle
	.bss: load addr=00000ba8, load size=00000008 bytes, run addr=20000214, run size=00000008 bytes, compression=zero_init


LINKER GENERATED HANDLER TABLE

__TI_handler_table @ 00000b98 records: 3, size/record: 4, table size: 12
	index: 0, handler: __TI_decompress_rle24
	index: 1, handler: __TI_decompress_none
	index: 2, handler: __TI_zero_init


GLOBAL SYMBOLS: SORTED ALPHABETICALLY BY Name 

address   name                    
-------   ----                    
0000091d  C$$EXIT                 
000009d1  GPIODirModeSet          
00000209  GPIOPadConfigSet        
000008d5  GPIOPinConfigure        
00000a29  GPIOPinTypeSSI          
00000a55  ResetISR                
0000044d  Reverse                 
UNDEFED   SHT$$INIT_ARRAY$$Base   
UNDEFED   SHT$$INIT_ARRAY$$Limit  
00000a75  SSIBusy                 
00000961  SSIConfigSetExpClk      
00000a61  SSIDataPut              
00000a6b  SSIEnable               
0000033d  SysCtlClockGet          
00000555  SysCtlClockSet          
00000a7d  SysCtlDelay             
0000099d  SysCtlPeripheralEnable  
20000200  __STACK_END             
00000200  __STACK_SIZE            
20000200  __STACK_TOP             
00000bb0  __TI_CINIT_Base         
00000bc0  __TI_CINIT_Limit        
00000b98  __TI_Handler_Table_Base 
00000ba4  __TI_Handler_Table_Limit
00000761  __TI_auto_init          
20000208  __TI_cleanup_ptr        
00000a3b  __TI_decompress_none    
00000a83  __TI_decompress_rle24   
2000020c  __TI_dtors_ptr          
00000000  __TI_static_base__      
00000a49  __TI_zero_init          
000006e5  __aeabi_memclr          
000006e5  __aeabi_memclr4         
000006e5  __aeabi_memclr8         
00000649  __aeabi_memcpy          
00000649  __aeabi_memcpy4         
00000649  __aeabi_memcpy8         
000006e7  __aeabi_memset          
000006e7  __aeabi_memset4         
000006e7  __aeabi_memset8         
ffffffff  __binit__               
ffffffff  __c_args__              
20000000  __stack                 
000009fd  _args_main              
00000839  _c_int00                
20000200  _lock                   
00000a23  _nop                    
00000a1b  _register_lock          
00000a15  _register_unlock        
00000a89  _system_pre_init        
20000204  _unlock                 
00000921  abort                   
ffffffff  binit                   
00000889  copy_in                 
00000929  exit                    
00000000  g_pfnVectors            
000004a7  main                    
20000210  main_func_sp            
00000649  memcpy                  
000006ed  memset                  
20000214  ulDataTx                


GLOBAL SYMBOLS: SORTED BY Symbol Address 

address   name                    
-------   ----                    
00000000  __TI_static_base__      
00000000  g_pfnVectors            
00000200  __STACK_SIZE            
00000209  GPIOPadConfigSet        
0000033d  SysCtlClockGet          
0000044d  Reverse                 
000004a7  main                    
00000555  SysCtlClockSet          
00000649  __aeabi_memcpy          
00000649  __aeabi_memcpy4         
00000649  __aeabi_memcpy8         
00000649  memcpy                  
000006e5  __aeabi_memclr          
000006e5  __aeabi_memclr4         
000006e5  __aeabi_memclr8         
000006e7  __aeabi_memset          
000006e7  __aeabi_memset4         
000006e7  __aeabi_memset8         
000006ed  memset                  
00000761  __TI_auto_init          
00000839  _c_int00                
00000889  copy_in                 
000008d5  GPIOPinConfigure        
0000091d  C$$EXIT                 
00000921  abort                   
00000929  exit                    
00000961  SSIConfigSetExpClk      
0000099d  SysCtlPeripheralEnable  
000009d1  GPIODirModeSet          
000009fd  _args_main              
00000a15  _register_unlock        
00000a1b  _register_lock          
00000a23  _nop                    
00000a29  GPIOPinTypeSSI          
00000a3b  __TI_decompress_none    
00000a49  __TI_zero_init          
00000a55  ResetISR                
00000a61  SSIDataPut              
00000a6b  SSIEnable               
00000a75  SSIBusy                 
00000a7d  SysCtlDelay             
00000a83  __TI_decompress_rle24   
00000a89  _system_pre_init        
00000b98  __TI_Handler_Table_Base 
00000ba4  __TI_Handler_Table_Limit
00000bb0  __TI_CINIT_Base         
00000bc0  __TI_CINIT_Limit        
20000000  __stack                 
20000200  __STACK_END             
20000200  __STACK_TOP             
20000200  _lock                   
20000204  _unlock                 
20000208  __TI_cleanup_ptr        
2000020c  __TI_dtors_ptr          
20000210  main_func_sp            
20000214  ulDataTx                
ffffffff  __binit__               
ffffffff  __c_args__              
ffffffff  binit                   
UNDEFED   SHT$$INIT_ARRAY$$Base   
UNDEFED   SHT$$INIT_ARRAY$$Limit  

[61 symbols]
