******************************************************************************
                  TI ARM Linker PC v5.2.6                      
******************************************************************************
>> Linked Sun Nov 08 22:36:58 2015

OUTPUT FILE NAME:   <sd_card.out>
ENTRY POINT SYMBOL: "_c_int00"  address: 00012615


MEMORY CONFIGURATION

         name            origin    length      used     unused   attr    fill
----------------------  --------  ---------  --------  --------  ----  --------
  FLASH                 00000000   00100000  00013560  000ecaa0  R  X
  SRAM                  20000000   00040000  00001abe  0003e542  RW X


SEGMENT ALLOCATION MAP

run origin  load origin   length   init length attrs members
----------  ----------- ---------- ----------- ----- -------
00000000    00000000    00013560   00013560    r-x
  00000000    00000000    00000200   00000200    r-- .intvecs
  00000200    00000200    0000c8a0   0000c8a0    r-- .const
  0000caa0    0000caa0    000067a0   000067a0    r-x .text
  00013240    00013240    00000320   00000320    r-- .cinit
20000000    20000000    00001ac0   00000000    rw-
  20000000    20000000    0000125e   00000000    rw- .bss
  20001260    20001260    00000460   00000000    rw- .data
  200016c0    200016c0    00000400   00000000    rw- .stack


SECTION ALLOCATION MAP

 output                                  attributes/
section   page    origin      length       input sections
--------  ----  ----------  ----------   ----------------
.intvecs   0    00000000    00000200     
                  00000000    00000200     startup_ccs.obj (.intvecs)

.const     0    00000200    0000c8a0     
                  00000200    00007378     cc932.obj (.const:uni2sjis)
                  00007578    00001a46     frame.obj (.const:.string:g_pui8Top)
                  00008fbe    0000095e     grlib.lib : fontcm20.obj (.const:.string:g_pui8Cm20Data)
                  0000991c    00000786     frame.obj (.const:.string:g_pui8Bottom)
                  0000a0a2    00000782     grlib.lib : fontcmss18b.obj (.const:.string:g_pui8Cmss18bData)
                  0000a824    00000546     frame.obj (.const:.string:g_pui8Left)
                  0000ad6a    00000546     frame.obj (.const:.string:g_pui8Right)
                  0000b2b0    00000514     grlib.lib : fontcmss12.obj (.const:.string:g_pui8Cmss12Data)
                  0000b7c4    000002f8               : fontfixed6x8.obj (.const:.string:g_pui8FontFixed6x8Data)
                  0000babc    0000021a     sd_card.obj (.const:.string)
                  0000bcd6    000001e0     cc932.obj (.const:tbl_lower$1)
                  0000beb6    000001e0     cc932.obj (.const:tbl_upper$2)
                  0000c096    0000017c     frame.obj (.const:.string:g_pui8TopLeft)
                  0000c212    00000173     frame.obj (.const:.string:g_pui8TopRight)
                  0000c385    00000003     --HOLE-- [fill = 0]
                  0000c388    00000120     driverlib.lib : sysctl.obj (.const:g_pppui32XTALtoVCO)
                  0000c4a8    000000d0     frame.obj (.const:.string:g_pui8BottomLeft)
                  0000c578    000000c8     grlib.lib : fontcm20.obj (.const:g_sFontCm20)
                  0000c640    000000c8               : fontcmss12.obj (.const:g_sFontCmss12)
                  0000c708    000000c8               : fontcmss18b.obj (.const:g_sFontCmss18b)
                  0000c7d0    000000c8               : fontfixed6x8.obj (.const:g_sFontFixed6x8)
                  0000c898    000000c4     frame.obj (.const:.string:g_pui8BottomRight)
                  0000c95c    0000006c     driverlib.lib : sysctl.obj (.const:g_pui32Xtals)
                  0000c9c8    00000030                   : sysctl.obj (.const:g_sXTALtoMEMTIM)
                  0000c9f8    00000028     kentec320x240x16_ssd2119.obj (.const:g_sKentec320x240x16_SSD2119)
                  0000ca20    00000028     uartstdio.obj (.const)
                  0000ca48    0000001c     touch.obj (.const)
                  0000ca64    00000012     uartstdio.obj (.const:.string)
                  0000ca76    00000002     --HOLE-- [fill = 0]
                  0000ca78    00000010     grlib.lib : context.obj (.const)
                  0000ca88    0000000d     ff.obj (.const:.string)
                  0000ca95    00000003     --HOLE-- [fill = 0]
                  0000ca98    00000008     driverlib.lib : sysctl.obj (.const)

.text      0    0000caa0    000067a0     
                  0000caa0    000004b8     pinout.obj (.text:PinoutSet)
                  0000cf58    00000488     kentec320x240x16_ssd2119.obj (.text:Kentec320x240x16_SSD2119Init)
                  0000d3e0    00000370     grlib.lib : image.obj (.text:InternalImageDraw)
                  0000d750    00000304     ff.obj (.text:chk_mounted)
                  0000da54    000002e4     grlib.lib : image.obj (.text:PixelTransparentDraw)
                  0000dd38    00000256               : string.obj (.text:GrFontGlyphRender)
                  0000df8e    00000002     startup_ccs.obj (.text:FaultISR)
                  0000df90    0000024d     ustdlib.obj (.text:uvsnprintf)
                  0000e1dd    00000001     --HOLE-- [fill = 0]
                  0000e1de    00000002     startup_ccs.obj (.text:IntDefaultHandler)
                  0000e1e0    00000233     ff.obj (.text:create_name)
                  0000e413    00000001     --HOLE-- [fill = 0]
                  0000e414    00000228     sd_card.obj (.text:Cmd_ls)
                  0000e63c    00000204     frame.obj (.text:FrameDraw)
                  0000e840    00000204     driverlib.lib : sysctl.obj (.text:SysCtlClockFreqSet)
                  0000ea44    00000200     sd_card.obj (.text:main)
                  0000ec44    000001ea     uartstdio.obj (.text:UARTvprintf)
                  0000ee2e    000001ce     grlib.lib : listbox.obj (.text:ListBoxPaint)
                  0000effc    000001cc     kentec320x240x16_ssd2119.obj (.text:Kentec320x240x16_SSD2119PixelDrawMultiple)
                  0000f1c8    00000194     grlib.lib : canvas.obj (.text:CanvasPaint)
                  0000f35c    00000194     kentec320x240x16_ssd2119.obj (.text:Kentec320x240x16_SSD2119RectFill)
                  0000f4f0    00000180     touch.obj (.text:TouchScreenDebouncer)
                  0000f670    0000017a     grlib.lib : listbox.obj (.text:ListBoxPointer)
                  0000f7ea    00000176               : pushbutton.obj (.text:RectangularButtonPaint)
                  0000f960    00000160     uartstdio.obj (.text:UARTStdioIntHandler)
                  0000fac0    0000015e     ff.obj (.text:f_read)
                  0000fc1e    00000002     kentec320x240x16_ssd2119.obj (.text:Kentec320x240x16_SSD2119Flush)
                  0000fc20    0000014c     ff.obj (.text:f_open)
                  0000fd6c    00000140     touch.obj (.text:TouchScreenIntHandler)
                  0000feac    00000140     mmc-dk-tm4c129x.obj (.text:disk_initialize)
                  0000ffec    00000132     driverlib.lib : gpio.obj (.text:GPIOPadConfigSet)
                  0001011e    00000002     startup_ccs.obj (.text:NmiSR)
                  00010120    00000114     sd_card.obj (.text:Cmd_cd)
                  00010234    00000112     ff.obj (.text:dir_register)
                  00010346    000000f8     ff.obj (.text:dir_next)
                  0001043e    000000f6     ff.obj (.text:get_fileinfo)
                  00010534    000000f4     touch.obj (.text:TouchScreenInit)
                  00010628    000000f2     grlib.lib : pushbutton.obj (.text:RectangularButtonClick)
                  0001071a    00000002     rtsv7M4_T_le_v4SPD16_eabi.lib : i_div0.obj (.text)
                  0001071c    000000f0     mmc-dk-tm4c129x.obj (.text:power_on)
                  0001080c    000000e8     grlib.lib : widget.obj (.text:WidgetMessageQueueAdd)
                  000108f4    000000e2     ff.obj (.text:put_fat)
                  000109d6    00000002     --HOLE-- [fill = 0]
                  000109d8    000000d8     sd_card.obj (.text:ChangeToDirectory)
                  00010ab0    000000d8     sd_card.obj (.text:OnBtnCD)
                  00010b88    000000d8     sd_card.obj (.text:OnBtnUp)
                  00010c60    000000d8     ff.obj (.text:f_getfree)
                  00010d38    000000d4     sd_card.obj (.text:Cmd_cat)
                  00010e0c    000000d4     sd_card.obj (.text:PopulateFileListBox)
                  00010ee0    000000cc     ff.obj (.text:get_fat)
                  00010fac    000000c4     grlib.lib : string.obj (.text:GrDefaultStringRenderer)
                  00011070    000000bc     mmc-dk-tm4c129x.obj (.text:disk_write)
                  0001112c    000000b6     ff.obj (.text:dir_find)
                  000111e2    00000002     --HOLE-- [fill = 0]
                  000111e4    000000b4     grlib.lib : widget.obj (.text:WidgetMessageSendPostOrder)
                  00011298    000000b0     kentec320x240x16_ssd2119.obj (.text:Kentec320x240x16_SSD2119LineDrawH)
                  00011348    000000b0     kentec320x240x16_ssd2119.obj (.text:Kentec320x240x16_SSD2119LineDrawV)
                  000113f8    000000b0     uartstdio.obj (.text:UARTStdioConfig)
                  000114a8    000000a8     uartstdio.obj (.text:UARTwrite)
                  00011550    000000a0     ff.obj (.text:gen_numname)
                  000115f0    0000009e     ff.obj (.text:dir_read)
                  0001168e    0000009c     rtsv7M4_T_le_v4SPD16_eabi.lib : memcpy_t2.obj (.text)
                  0001172a    00000098     ff.obj (.text:create_chain)
                  000117c2    00000002     --HOLE-- [fill = 0]
                  000117c4    00000090     mmc-dk-tm4c129x.obj (.text:disk_read)
                  00011854    0000008c     uartstdio.obj (.text:UARTPrimeTransmit)
                  000118e0    00000088     sd_card.obj (.text:OnListBoxChange)
                  00011968    00000086     grlib.lib : rectangle.obj (.text:GrRectFill)
                  000119ee    0000007c     ff.obj (.text:dir_sdi)
                  00011a6a    0000007a     rtsv7M4_T_le_v4SPD16_eabi.lib : memset_t2.obj (.text)
                  00011ae4    00000078     kentec320x240x16_ssd2119.obj (.text:Kentec320x240x16_SSD2119PixelDraw)
                  00011b5c    00000078     ff.obj (.text:cmp_lfn)
                  00011bd4    00000074     ff.obj (.text:check_fs)
                  00011c48    0000006c     rtsv7M4_T_le_v4SPD16_eabi.lib : autoinit.obj (.text)
                  00011cb4    0000006a     grlib.lib : string.obj (.text:GrStringWidthGet)
                  00011d1e    0000006a     rtsv7M4_T_le_v4SPD16_eabi.lib : copy_decompress_rle.obj (.text)
                  00011d88    00000068     sd_card.obj (.text:Cmd_help)
                  00011df0    00000068     grlib.lib : context.obj (.text:GrContextInit)
                  00011e58    00000066               : rectangle.obj (.text:GrRectDraw)
                  00011ebe    00000066     mmc-dk-tm4c129x.obj (.text:send_cmd)
                  00011f24    00000064     cmdline.obj (.text:CmdLineProcess)
                  00011f88    00000064     sd_card.obj (.text:PrintfStatus)
                  00011fec    00000064     grlib.lib : widget.obj (.text:WidgetMessageQueueProcess)
                  00012050    00000064     ff.obj (.text:f_opendir)
                  000120b4    00000064     ff.obj (.text:follow_path)
                  00012118    00000062     grlib.lib : context.obj (.text:GrContextClipRegionSet)
                  0001217a    00000062     ff.obj (.text:remove_chain)
                  000121dc    00000060     cc932.obj (.text:ff_convert)
                  0001223c    00000060     ff.obj (.text:pick_lfn)
                  0001229c    00000060     mmc-dk-tm4c129x.obj (.text:send_initial_clock_train)
                  000122fc    0000005c     grlib.lib : widget.obj (.text:WidgetMessageSendPreOrder)
                  00012358    0000005c     ff.obj (.text:fit_lfn)
                  000123b4    0000005a     grlib.lib : string.obj (.text:FontWideGlyphDataGet)
                  0001240e    00000058               : listbox.obj (.text:ListBoxTextAdd)
                  00012466    00000002     --HOLE-- [fill = 0]
                  00012468    00000058     driverlib.lib : timer.obj (.text:TimerControlTrigger)
                  000124c0    00000056     ff.obj (.text:sync_window)
                  00012516    00000002     --HOLE-- [fill = 0]
                  00012518    00000054     uartstdio.obj (.text:UARTgets)
                  0001256c    00000054     ff.obj (.text:f_readdir)
                  000125c0    00000052     mmc-dk-tm4c129x.obj (.text:xmit_datablock)
                  00012612    00000002     --HOLE-- [fill = 0]
                  00012614    00000050     rtsv7M4_T_le_v4SPD16_eabi.lib : boot.obj (.text)
                  00012664    00000050     mmc-dk-tm4c129x.obj (.text:set_max_speed)
                  000126b4    0000004c     grlib.lib : widget.obj (.text:WidgetRemove)
                  00012700    0000004c     rtsv7M4_T_le_v4SPD16_eabi.lib : cpy_tbl.obj (.text)
                  0001274c    0000004a     grlib.lib : string.obj (.text:UpdateContextCharMapping)
                  00012796    00000002     --HOLE-- [fill = 0]
                  00012798    00000048     driverlib.lib : sysctl.obj (.text:_SysCtlFrequencyGet)
                  000127e0    00000048     mmc-dk-tm4c129x.obj (.text:rcvr_datablock)
                  00012828    00000046     grlib.lib : line.obj (.text:GrLineDrawH)
                  0001286e    00000046               : line.obj (.text:GrLineDrawV)
                  000128b4    00000044     uartstdio.obj (.text:UARTPeek)
                  000128f8    00000044     rtsv7M4_T_le_v4SPD16_eabi.lib : exit.obj (.text)
                  0001293c    00000040                                   : u_divt2.obj (.text)
                  0001297c    0000003e     ff.obj (.text:dir_alloc)
                  000129ba    0000003c     driverlib.lib : lcd.obj (.text:LCDIDDTimingSet)
                  000129f6    00000002     --HOLE-- [fill = 0]
                  000129f8    0000003c     uartstdio.obj (.text:UARTFlushTx)
                  00012a34    0000003a     grlib.lib : string.obj (.text:FontGlyphDataGet)
                  00012a6e    00000002     --HOLE-- [fill = 0]
                  00012a70    00000034     sd_card.obj (.text:StringFromFResult)
                  00012aa4    00000034     driverlib.lib : sysctl.obj (.text:SysCtlPeripheralEnable)
                  00012ad8    00000032     mmc-dk-tm4c129x.obj (.text:send_cmd12)
                  00012b0a    00000030     rtsv7M4_T_le_v4SPD16_eabi.lib : strncpy.obj (.text)
                  00012b3a    0000002e     grlib.lib : string.obj (.text:GrStringNextCharGet)
                  00012b68    0000002e     ff.obj (.text:move_window)
                  00012b96    0000002c     grlib.lib : string.obj (.text:GrFontBaselineGet)
                  00012bc2    0000002c               : string.obj (.text:GrFontHeightGet)
                  00012bee    00000002     --HOLE-- [fill = 0]
                  00012bf0    0000002c     uartstdio.obj (.text:UARTFlushRx)
                  00012c1c    0000002c     ff.obj (.text:f_mount)
                  00012c48    0000002c     mmc-dk-tm4c129x.obj (.text:rcvr_spi)
                  00012c74    0000002a     driverlib.lib : gpio.obj (.text:GPIODirModeSet)
                  00012c9e    0000002a     grlib.lib : widget.obj (.text:WidgetIsInTree)
                  00012cc8    0000002a     ustdlib.obj (.text:ustrncpy)
                  00012cf2    00000028     grlib.lib : listbox.obj (.text:ListBoxMsgProc)
                  00012d1a    00000028               : pushbutton.obj (.text:RectangularButtonMsgProc)
                  00012d42    00000002     --HOLE-- [fill = 0]
                  00012d44    00000028     cc932.obj (.text:ff_wtoupper)
                  00012d6c    00000028     ff.obj (.text:validate)
                  00012d94    00000026     grlib.lib : string.obj (.text:GrFontInfoGet)
                  00012dba    00000024               : widget.obj (.text:WidgetAdd)
                  00012dde    00000002     --HOLE-- [fill = 0]
                  00012de0    00000024     mmc-dk-tm4c129x.obj (.text:disk_timerproc)
                  00012e04    00000024     mmc-dk-tm4c129x.obj (.text:xmit_spi)
                  00012e28    00000022     grlib.lib : string.obj (.text:GrFontGlyphDataGet)
                  00012e4a    00000022     driverlib.lib : lcd.obj (.text:LCDModeSet)
                  00012e6c    00000020                   : sysctl.obj (.text:_SysCtlMemTimingGet)
                  00012e8c    00000020     ustdlib.obj (.text:usprintf)
                  00012eac    00000020     mmc-dk-tm4c129x.obj (.text:wait_ready)
                  00012ecc    0000001e     grlib.lib : string.obj (.text:GrFontCodepageGet)
                  00012eea    0000001e     ff.obj (.text:ld_clust)
                  00012f08    0000001e     rtsv7M4_T_le_v4SPD16_eabi.lib : strcat.obj (.text)
                  00012f26    0000001e     ff.obj (.text:sum_sfn)
                  00012f44    0000001c     sd_card.obj (.text:Cmd_pwd)
                  00012f60    0000001c     mmc-dk-tm4c129x.obj (.text:DESELECT)
                  00012f7c    0000001c     mmc-dk-tm4c129x.obj (.text:SELECT)
                  00012f98    0000001c     grlib.lib : widget.obj (.text:WidgetPointerMessage)
                  00012fb4    0000001c     ff.obj (.text:mem_cmp)
                  00012fd0    0000001a     uartstdio.obj (.text:UARTprintf)
                  00012fea    0000001a     ustdlib.obj (.text:usnprintf)
                  00013004    00000018     uartstdio.obj (.text:IsBufferFull)
                  0001301c    00000018     ff.obj (.text:clust2sect)
                  00013034    00000018     rtsv7M4_T_le_v4SPD16_eabi.lib : args_main.obj (.text)
                  0001304c    00000018                                   : strcmp.obj (.text)
                  00013064    00000016     grlib.lib : string.obj (.text:GrStringDraw)
                  0001307a    00000016     kentec320x240x16_ssd2119.obj (.text:Kentec320x240x16_SSD2119ColorTranslate)
                  00013090    00000016     ff.obj (.text:mem_cpy)
                  000130a6    00000014     grlib.lib : canvas.obj (.text:CanvasMsgProc)
                  000130ba    00000014               : widget.obj (.text:WidgetMutexGet)
                  000130ce    00000014     ff.obj (.text:mem_set)
                  000130e2    00000002     --HOLE-- [fill = 0]
                  000130e4    00000014     rtsv7M4_T_le_v4SPD16_eabi.lib : _lock.obj (.text)
                  000130f8    00000014                                   : strcpy.obj (.text)
                  0001310c    00000014                                   : strlen.obj (.text)
                  00013120    00000012     driverlib.lib : gpio.obj (.text:GPIOPinTypeEthernetLED)
                  00013132    00000012                   : gpio.obj (.text:GPIOPinTypeLCD)
                  00013144    00000012     uartstdio.obj (.text:GetBufferCount)
                  00013156    00000012     ff.obj (.text:chk_chr)
                  00013168    00000010     mmc-dk-tm4c129x.obj (.text:disk_status)
                  00013178    00000010     ff.obj (.text:st_clust)
                  00013188    0000000e     grlib.lib : image.obj (.text:GrImageDraw)
                  00013196    0000000e     uartstdio.obj (.text:IsBufferEmpty)
                  000131a4    0000000e     rtsv7M4_T_le_v4SPD16_eabi.lib : copy_decompress_none.obj (.text:decompress:none)
                  000131b2    0000000c     driverlib.lib : lcd.obj (.text:LCDIDDCommandWrite)
                  000131be    0000000c                   : lcd.obj (.text:LCDIDDDataWrite)
                  000131ca    00000002     --HOLE-- [fill = 0]
                  000131cc    0000000c     touch.obj (.text:TouchScreenCallbackSet)
                  000131d8    0000000c     rtsv7M4_T_le_v4SPD16_eabi.lib : copy_zero_init.obj (.text:decompress:ZI)
                  000131e4    0000000c     mmc-dk-tm4c129x.obj (.text:power_off)
                  000131f0    0000000c     mmc-dk-tm4c129x.obj (.text:rcvr_spi_m)
                  000131fc    00000008     grlib.lib : charmap.obj (.text:GrMapISO8859_1_Unicode)
                  00013204    00000008     mmc-dk-tm4c129x.obj (.text:get_fattime)
                  0001320c    00000006     driverlib.lib : gpio.obj (.text:GPIOPinWrite)
                  00013212    00000006     grlib.lib : string.obj (.text:GrContextFontSet)
                  00013218    00000006     startup_ccs.obj (.text:ResetISR)
                  0001321e    00000006     driverlib.lib : sysctl.obj (.text:SysCtlDelay)
                  00013224    00000006     grlib.lib : widget.obj (.text:WidgetMutexPut)
                  0001322a    00000006     rtsv7M4_T_le_v4SPD16_eabi.lib : copy_decompress_rle.obj (.text:decompress:rle24)
                  00013230    00000004     driverlib.lib : lcd.obj (.text:LCDDMAConfigSet)
                  00013234    00000004                   : lcd.obj (.text:LCDIDDConfigSet)
                  00013238    00000004     grlib.lib : widget.obj (.text:WidgetDefaultMsgProc)
                  0001323c    00000004     rtsv7M4_T_le_v4SPD16_eabi.lib : pre_init.obj (.text)

.cinit     0    00013240    00000320     
                  00013240    000002fc     (.cinit..data.load) [load image, compression = rle]
                  0001353c    0000000c     (__TI_handler_table)
                  00013548    00000008     (.cinit..bss.load) [load image, compression = zero_init]
                  00013550    00000010     (__TI_cinit_table)

.init_array 
*          0    00000000    00000000     UNINITIALIZED

.bss       0    20000000    0000125e     UNINITIALIZED
                  20000000    00000400     uartstdio.obj (.bss:g_pcUARTTxBuffer)
                  20000400    00000330     sd_card.obj (.bss:g_pcFilenames)
                  20000730    00000234     sd_card.obj (.bss:g_sFatFs)
                  20000964    00000224     sd_card.obj (.bss:g_sFileObject)
                  20000b88    00000200     ff.obj (.bss:LfnBuf)
                  20000d88    00000140     grlib.lib : widget.obj (.bss:g_psMQ)
                  20000ec8    000000e0     sd_card.obj (.bss:g_pcStatus)
                  20000fa8    000000c0     sd_card.obj (.bss:g_ppcDirListStrings)
                  20001068    00000080     uartstdio.obj (.bss:g_pcUARTRxBuffer)
                  200010e8    00000050     sd_card.obj (.bss:g_pcTmpBuf)
                  20001138    00000040     sd_card.obj (.bss:g_pcCmdBuf)
                  20001178    0000002c     sd_card.obj (.bss:g_sContext)
                  200011a4    00000024     cmdline.obj (.bss:g_ppcArgv)
                  200011c8    00000024     sd_card.obj (.bss:g_sDirObject)
                  200011ec    00000020     (.common:g_pui8Dictionary)
                  2000120c    00000020     (.common:g_sFileInfo)
                  2000122c    00000010     (.common:g_pi16Samples)
                  2000123c    00000004     (.common:FatFs)
                  20001240    00000004     (.common:g_pfnTSHandler)
                  20001244    00000004     (.common:g_psGrLibDefaults)
                  20001248    00000004     (.common:g_ui32PortNum)
                  2000124c    00000004     (.common:g_ui32SysClock)
                  20001250    00000004     (.common:g_ui32TSState)
                  20001254    00000002     (.common:Fsid)
                  20001256    00000002     (.common:g_i16TouchX)
                  20001258    00000002     (.common:g_i16TouchY)
                  2000125a    00000001     (.common:CardType)
                  2000125b    00000001     (.common:Timer1)
                  2000125c    00000001     (.common:Timer2)
                  2000125d    00000001     (.common:g_bDisableEcho)

.data      0    20001260    00000460     UNINITIALIZED
                  20001260    000000a0     sd_card.obj (.data:g_psFResultStrings)
                  20001300    0000006c     sd_card.obj (.data:g_psCmdTable)
                  2000136c    00000054     sd_card.obj (.data:g_sDirList)
                  200013c0    00000054     sd_card.obj (.data:g_sStatusList)
                  20001414    00000050     sd_card.obj (.data:g_pcCwdBuf)
                  20001464    00000050     sd_card.obj (.data:g_sCDBtn)
                  200014b4    00000050     sd_card.obj (.data:g_sUpBtn)
                  20001504    00000040     sd_card.obj (.data:g_sBackground)
                  20001544    00000040     sd_card.obj (.data:g_sCDBackground)
                  20001584    00000040     sd_card.obj (.data:g_sPWD)
                  200015c4    00000040     sd_card.obj (.data:g_sPWDTitle)
                  20001604    00000040     sd_card.obj (.data:g_sUpBackground)
                  20001644    0000002d     grlib.lib : widget.obj (.data)
                  20001671    00000002     mmc-dk-tm4c129x.obj (.data)
                  20001673    00000001     --HOLE--
                  20001674    0000001c     sd_card.obj (.data)
                  20001690    00000015     uartstdio.obj (.data)
                  200016a5    00000003     --HOLE--
                  200016a8    00000008     rtsv7M4_T_le_v4SPD16_eabi.lib : _lock.obj (.data)
                  200016b0    00000008                                   : exit.obj (.data)
                  200016b8    00000004                                   : stkdepth_vars.obj (.data)
                  200016bc    00000004     touch.obj (.data)

.TI.noinit 
*          0    20000000    00000000     UNINITIALIZED

.TI.persistent 
*          0    20001260    00000000     UNINITIALIZED

.stack     0    200016c0    00000400     UNINITIALIZED
                  200016c0    00000400     --HOLE--


LINKER GENERATED COPY TABLES

__TI_cinit_table @ 00013550 records: 2, size/record: 8, table size: 16
	.data: load addr=00013240, load size=000002fc bytes, run addr=20001260, run size=00000460 bytes, compression=rle
	.bss: load addr=00013548, load size=00000008 bytes, run addr=20000000, run size=0000125e bytes, compression=zero_init


LINKER GENERATED HANDLER TABLE

__TI_handler_table @ 0001353c records: 3, size/record: 4, table size: 12
	index: 0, handler: __TI_decompress_rle24
	index: 1, handler: __TI_decompress_none
	index: 2, handler: __TI_zero_init


GLOBAL SYMBOLS: SORTED ALPHABETICALLY BY Name 

address   name                        
-------   ----                        
000128f9  C$$EXIT                     
000130a7  CanvasMsgProc               
00011f25  CmdLineProcess              
00010d39  Cmd_cat                     
00010121  Cmd_cd                      
00011d89  Cmd_help                    
0000e415  Cmd_ls                      
00012f45  Cmd_pwd                     
0000e63d  FrameDraw                   
00012c75  GPIODirModeSet              
0000ffed  GPIOPadConfigSet            
00013121  GPIOPinTypeEthernetLED      
00013133  GPIOPinTypeLCD              
0001320d  GPIOPinWrite                
00012119  GrContextClipRegionSet      
00013213  GrContextFontSet            
00011df1  GrContextInit               
00010fad  GrDefaultStringRenderer     
00012b97  GrFontBaselineGet           
00012ecd  GrFontCodepageGet           
00012e29  GrFontGlyphDataGet          
0000dd39  GrFontGlyphRender           
00012bc3  GrFontHeightGet             
00012d95  GrFontInfoGet               
00013189  GrImageDraw                 
00012829  GrLineDrawH                 
0001286f  GrLineDrawV                 
000131fd  GrMapISO8859_1_Unicode      
00011e59  GrRectDraw                  
00011969  GrRectFill                  
00013065  GrStringDraw                
00012b3b  GrStringNextCharGet         
00011cb5  GrStringWidthGet            
0000cf59  Kentec320x240x16_SSD2119Init
00013231  LCDDMAConfigSet             
000131b3  LCDIDDCommandWrite          
00013235  LCDIDDConfigSet             
000131bf  LCDIDDDataWrite             
000129bb  LCDIDDTimingSet             
00012e4b  LCDModeSet                  
00012cf3  ListBoxMsgProc              
0001240f  ListBoxTextAdd              
00010ab1  OnBtnCD                     
00010b89  OnBtnUp                     
000118e1  OnListBoxChange             
0000caa1  PinoutSet                   
00012d1b  RectangularButtonMsgProc    
00013219  ResetISR                    
UNDEFED   SHT$$INIT_ARRAY$$Base       
UNDEFED   SHT$$INIT_ARRAY$$Limit      
0000e841  SysCtlClockFreqSet          
0001321f  SysCtlDelay                 
00012aa5  SysCtlPeripheralEnable      
00012de1  SysTickHandler              
00012469  TimerControlTrigger         
000131cd  TouchScreenCallbackSet      
00010535  TouchScreenInit             
0000fd6d  TouchScreenIntHandler       
00012bf1  UARTFlushRx                 
000129f9  UARTFlushTx                 
000128b5  UARTPeek                    
000113f9  UARTStdioConfig             
0000f961  UARTStdioIntHandler         
00012519  UARTgets                    
00012fd1  UARTprintf                  
0000ec45  UARTvprintf                 
000114a9  UARTwrite                   
00012dbb  WidgetAdd                   
00013239  WidgetDefaultMsgProc        
0001080d  WidgetMessageQueueAdd       
00011fed  WidgetMessageQueueProcess   
000111e5  WidgetMessageSendPostOrder  
000122fd  WidgetMessageSendPreOrder   
000130bb  WidgetMutexGet              
00013225  WidgetMutexPut              
00012f99  WidgetPointerMessage        
000126b5  WidgetRemove                
20001ac0  __STACK_END                 
00000400  __STACK_SIZE                
20001ac0  __STACK_TOP                 
00013550  __TI_CINIT_Base             
00013560  __TI_CINIT_Limit            
0001353c  __TI_Handler_Table_Base     
00013548  __TI_Handler_Table_Limit    
00011c49  __TI_auto_init              
200016b0  __TI_cleanup_ptr            
000131a5  __TI_decompress_none        
0001322b  __TI_decompress_rle24       
200016b4  __TI_dtors_ptr              
00000000  __TI_static_base__          
000131d9  __TI_zero_init              
0001071b  __aeabi_idiv0               
00011a6b  __aeabi_memclr              
00011a6b  __aeabi_memclr4             
00011a6b  __aeabi_memclr8             
0001168f  __aeabi_memcpy              
0001168f  __aeabi_memcpy4             
0001168f  __aeabi_memcpy8             
00011a6d  __aeabi_memset              
00011a6d  __aeabi_memset4             
00011a6d  __aeabi_memset8             
0001293d  __aeabi_uidiv               
0001293d  __aeabi_uidivmod            
ffffffff  __binit__                   
ffffffff  __c_args__                  
200016c0  __stack                     
00013035  _args_main                  
00012615  _c_int00                    
200016a8  _lock                       
000130f3  _nop                        
000130eb  _register_lock              
000130e5  _register_unlock            
0001323d  _system_pre_init            
200016ac  _unlock                     
000128fd  abort                       
ffffffff  binit                       
0001301d  clust2sect                  
00012701  copy_in                     
0000fead  disk_initialize             
000117c5  disk_read                   
00013169  disk_status                 
00012de1  disk_timerproc              
00011071  disk_write                  
00012905  exit                        
00010c61  f_getfree                   
00012c1d  f_mount                     
0000fc21  f_open                      
00012051  f_opendir                   
0000fac1  f_read                      
0001256d  f_readdir                   
000121dd  ff_convert                  
00012d45  ff_wtoupper                 
200016bc  g_i16TouchMin               
20001256  g_i16TouchX                 
20001258  g_i16TouchY                 
20000400  g_pcFilenames               
20000ec8  g_pcStatus                  
00000000  g_pfnVectors                
0000ca48  g_pi32TouchParameters       
20000fa8  g_ppcDirListStrings         
20001674  g_ppcStatusStrings          
20001300  g_psCmdTable                
0000ca78  g_psDefaultCodePointMapTable
20001260  g_psFResultStrings          
20001504  g_sBackground               
20001544  g_sCDBackground             
20001464  g_sCDBtn                    
20001178  g_sContext                  
2000136c  g_sDirList                  
0000c578  g_sFontCm20                 
0000c640  g_sFontCmss12               
0000c708  g_sFontCmss18b              
0000c7d0  g_sFontFixed6x8             
0000c9f8  g_sKentec320x240x16_SSD2119 
20001584  g_sPWD                      
200015c4  g_sPWDTitle                 
20001644  g_sRoot                     
200013c0  g_sStatusList               
20001604  g_sUpBackground             
200014b4  g_sUpBtn                    
2000168c  g_ui32StatusStringIndex     
2000124c  g_ui32SysClock              
00011551  gen_numname                 
00010ee1  get_fat                     
00013205  get_fattime                 
0000ea45  main                        
200016b8  main_func_sp                
0001168f  memcpy                      
00011a73  memset                      
000108f5  put_fat                     
00012f09  strcat                      
0001304d  strcmp                      
000130f9  strcpy                      
0001310d  strlen                      
00012b0b  strncpy                     
00012feb  usnprintf                   
00012e8d  usprintf                    
00012cc9  ustrncpy                    
0000df91  uvsnprintf                  


GLOBAL SYMBOLS: SORTED BY Symbol Address 

address   name                        
-------   ----                        
00000000  __TI_static_base__          
00000000  g_pfnVectors                
00000400  __STACK_SIZE                
0000c578  g_sFontCm20                 
0000c640  g_sFontCmss12               
0000c708  g_sFontCmss18b              
0000c7d0  g_sFontFixed6x8             
0000c9f8  g_sKentec320x240x16_SSD2119 
0000ca48  g_pi32TouchParameters       
0000ca78  g_psDefaultCodePointMapTable
0000caa1  PinoutSet                   
0000cf59  Kentec320x240x16_SSD2119Init
0000dd39  GrFontGlyphRender           
0000df91  uvsnprintf                  
0000e415  Cmd_ls                      
0000e63d  FrameDraw                   
0000e841  SysCtlClockFreqSet          
0000ea45  main                        
0000ec45  UARTvprintf                 
0000f961  UARTStdioIntHandler         
0000fac1  f_read                      
0000fc21  f_open                      
0000fd6d  TouchScreenIntHandler       
0000fead  disk_initialize             
0000ffed  GPIOPadConfigSet            
00010121  Cmd_cd                      
00010535  TouchScreenInit             
0001071b  __aeabi_idiv0               
0001080d  WidgetMessageQueueAdd       
000108f5  put_fat                     
00010ab1  OnBtnCD                     
00010b89  OnBtnUp                     
00010c61  f_getfree                   
00010d39  Cmd_cat                     
00010ee1  get_fat                     
00010fad  GrDefaultStringRenderer     
00011071  disk_write                  
000111e5  WidgetMessageSendPostOrder  
000113f9  UARTStdioConfig             
000114a9  UARTwrite                   
00011551  gen_numname                 
0001168f  __aeabi_memcpy              
0001168f  __aeabi_memcpy4             
0001168f  __aeabi_memcpy8             
0001168f  memcpy                      
000117c5  disk_read                   
000118e1  OnListBoxChange             
00011969  GrRectFill                  
00011a6b  __aeabi_memclr              
00011a6b  __aeabi_memclr4             
00011a6b  __aeabi_memclr8             
00011a6d  __aeabi_memset              
00011a6d  __aeabi_memset4             
00011a6d  __aeabi_memset8             
00011a73  memset                      
00011c49  __TI_auto_init              
00011cb5  GrStringWidthGet            
00011d89  Cmd_help                    
00011df1  GrContextInit               
00011e59  GrRectDraw                  
00011f25  CmdLineProcess              
00011fed  WidgetMessageQueueProcess   
00012051  f_opendir                   
00012119  GrContextClipRegionSet      
000121dd  ff_convert                  
000122fd  WidgetMessageSendPreOrder   
0001240f  ListBoxTextAdd              
00012469  TimerControlTrigger         
00012519  UARTgets                    
0001256d  f_readdir                   
00012615  _c_int00                    
000126b5  WidgetRemove                
00012701  copy_in                     
00012829  GrLineDrawH                 
0001286f  GrLineDrawV                 
000128b5  UARTPeek                    
000128f9  C$$EXIT                     
000128fd  abort                       
00012905  exit                        
0001293d  __aeabi_uidiv               
0001293d  __aeabi_uidivmod            
000129bb  LCDIDDTimingSet             
000129f9  UARTFlushTx                 
00012aa5  SysCtlPeripheralEnable      
00012b0b  strncpy                     
00012b3b  GrStringNextCharGet         
00012b97  GrFontBaselineGet           
00012bc3  GrFontHeightGet             
00012bf1  UARTFlushRx                 
00012c1d  f_mount                     
00012c75  GPIODirModeSet              
00012cc9  ustrncpy                    
00012cf3  ListBoxMsgProc              
00012d1b  RectangularButtonMsgProc    
00012d45  ff_wtoupper                 
00012d95  GrFontInfoGet               
00012dbb  WidgetAdd                   
00012de1  SysTickHandler              
00012de1  disk_timerproc              
00012e29  GrFontGlyphDataGet          
00012e4b  LCDModeSet                  
00012e8d  usprintf                    
00012ecd  GrFontCodepageGet           
00012f09  strcat                      
00012f45  Cmd_pwd                     
00012f99  WidgetPointerMessage        
00012fd1  UARTprintf                  
00012feb  usnprintf                   
0001301d  clust2sect                  
00013035  _args_main                  
0001304d  strcmp                      
00013065  GrStringDraw                
000130a7  CanvasMsgProc               
000130bb  WidgetMutexGet              
000130e5  _register_unlock            
000130eb  _register_lock              
000130f3  _nop                        
000130f9  strcpy                      
0001310d  strlen                      
00013121  GPIOPinTypeEthernetLED      
00013133  GPIOPinTypeLCD              
00013169  disk_status                 
00013189  GrImageDraw                 
000131a5  __TI_decompress_none        
000131b3  LCDIDDCommandWrite          
000131bf  LCDIDDDataWrite             
000131cd  TouchScreenCallbackSet      
000131d9  __TI_zero_init              
000131fd  GrMapISO8859_1_Unicode      
00013205  get_fattime                 
0001320d  GPIOPinWrite                
00013213  GrContextFontSet            
00013219  ResetISR                    
0001321f  SysCtlDelay                 
00013225  WidgetMutexPut              
0001322b  __TI_decompress_rle24       
00013231  LCDDMAConfigSet             
00013235  LCDIDDConfigSet             
00013239  WidgetDefaultMsgProc        
0001323d  _system_pre_init            
0001353c  __TI_Handler_Table_Base     
00013548  __TI_Handler_Table_Limit    
00013550  __TI_CINIT_Base             
00013560  __TI_CINIT_Limit            
20000400  g_pcFilenames               
20000ec8  g_pcStatus                  
20000fa8  g_ppcDirListStrings         
20001178  g_sContext                  
2000124c  g_ui32SysClock              
20001256  g_i16TouchX                 
20001258  g_i16TouchY                 
20001260  g_psFResultStrings          
20001300  g_psCmdTable                
2000136c  g_sDirList                  
200013c0  g_sStatusList               
20001464  g_sCDBtn                    
200014b4  g_sUpBtn                    
20001504  g_sBackground               
20001544  g_sCDBackground             
20001584  g_sPWD                      
200015c4  g_sPWDTitle                 
20001604  g_sUpBackground             
20001644  g_sRoot                     
20001674  g_ppcStatusStrings          
2000168c  g_ui32StatusStringIndex     
200016a8  _lock                       
200016ac  _unlock                     
200016b0  __TI_cleanup_ptr            
200016b4  __TI_dtors_ptr              
200016b8  main_func_sp                
200016bc  g_i16TouchMin               
200016c0  __stack                     
20001ac0  __STACK_END                 
20001ac0  __STACK_TOP                 
ffffffff  __binit__                   
ffffffff  __c_args__                  
ffffffff  binit                       
UNDEFED   SHT$$INIT_ARRAY$$Base       
UNDEFED   SHT$$INIT_ARRAY$$Limit      

[179 symbols]
